Archive member included to satisfy reference by file (symbol)

/home/matt/opt/avr8-gnu-toolchain-linux_x86_64/bin/../lib/gcc/avr/5.4.0/avr51/libgcc.a(_divmodhi4.o)
                              hd44780.o (__divmodhi4)
/home/matt/opt/avr8-gnu-toolchain-linux_x86_64/bin/../lib/gcc/avr/5.4.0/avr51/libgcc.a(_divmodsi4.o)
                              hd44780.o (__divmodsi4)
/home/matt/opt/avr8-gnu-toolchain-linux_x86_64/bin/../lib/gcc/avr/5.4.0/avr51/libgcc.a(_negsi2.o)
                              /home/matt/opt/avr8-gnu-toolchain-linux_x86_64/bin/../lib/gcc/avr/5.4.0/avr51/libgcc.a(_divmodsi4.o) (__negsi2)
/home/matt/opt/avr8-gnu-toolchain-linux_x86_64/bin/../lib/gcc/avr/5.4.0/avr51/libgcc.a(_exit.o)
                              /home/matt/opt/avr8-gnu-toolchain-linux_x86_64/bin/../lib/gcc/avr/5.4.0/../../../../avr/lib/avr51/crtatmega128.o (exit)
/home/matt/opt/avr8-gnu-toolchain-linux_x86_64/bin/../lib/gcc/avr/5.4.0/avr51/libgcc.a(_tablejump2.o)
                              twi_master.o (__tablejump2__)
/home/matt/opt/avr8-gnu-toolchain-linux_x86_64/bin/../lib/gcc/avr/5.4.0/avr51/libgcc.a(_copy_data.o)
                              lab6_code.o (__do_copy_data)
/home/matt/opt/avr8-gnu-toolchain-linux_x86_64/bin/../lib/gcc/avr/5.4.0/avr51/libgcc.a(_clear_bss.o)
                              lab6_code.o (__do_clear_bss)
/home/matt/opt/avr8-gnu-toolchain-linux_x86_64/bin/../lib/gcc/avr/5.4.0/avr51/libgcc.a(_umulhisi3.o)
                              lab6_code.o (__umulhisi3)
/home/matt/opt/avr8-gnu-toolchain-linux_x86_64/bin/../lib/gcc/avr/5.4.0/avr51/libgcc.a(_udivmodhi4.o)
                              /home/matt/opt/avr8-gnu-toolchain-linux_x86_64/bin/../lib/gcc/avr/5.4.0/avr51/libgcc.a(_divmodhi4.o) (__udivmodhi4)
/home/matt/opt/avr8-gnu-toolchain-linux_x86_64/bin/../lib/gcc/avr/5.4.0/avr51/libgcc.a(_udivmodsi4.o)
                              /home/matt/opt/avr8-gnu-toolchain-linux_x86_64/bin/../lib/gcc/avr/5.4.0/avr51/libgcc.a(_divmodsi4.o) (__udivmodsi4)
/home/matt/opt/avr8-gnu-toolchain-linux_x86_64/bin/../lib/gcc/avr/5.4.0/../../../../avr/lib/avr51/libc.a(itoa_ncheck.o)
                              lm73_functions.o (__itoa_ncheck)
/home/matt/opt/avr8-gnu-toolchain-linux_x86_64/bin/../lib/gcc/avr/5.4.0/../../../../avr/lib/avr51/libc.a(utoa_ncheck.o)
                              /home/matt/opt/avr8-gnu-toolchain-linux_x86_64/bin/../lib/gcc/avr/5.4.0/../../../../avr/lib/avr51/libc.a(itoa_ncheck.o) (__utoa_common)
/home/matt/opt/avr8-gnu-toolchain-linux_x86_64/bin/../lib/gcc/avr/5.4.0/../../../../avr/lib/avr51/libc.a(strrev.o)
                              /home/matt/opt/avr8-gnu-toolchain-linux_x86_64/bin/../lib/gcc/avr/5.4.0/../../../../avr/lib/avr51/libc.a(utoa_ncheck.o) (strrev)
/home/matt/opt/avr8-gnu-toolchain-linux_x86_64/bin/../lib/gcc/avr/5.4.0/../../../../avr/lib/avr51/libatmega128.a(eerd_byte.o)
                              si4734.o (eeprom_read_byte)
/home/matt/opt/avr8-gnu-toolchain-linux_x86_64/bin/../lib/gcc/avr/5.4.0/../../../../avr/lib/avr51/libatmega128.a(eerd_word.o)
                              si4734.o (eeprom_read_word)
/home/matt/opt/avr8-gnu-toolchain-linux_x86_64/bin/../lib/gcc/avr/5.4.0/../../../../avr/lib/avr51/libatmega128.a(eewr_byte.o)
                              si4734.o (eeprom_write_byte)
/home/matt/opt/avr8-gnu-toolchain-linux_x86_64/bin/../lib/gcc/avr/5.4.0/../../../../avr/lib/avr51/libatmega128.a(eewr_word.o)
                              si4734.o (eeprom_write_word)
/home/matt/opt/avr8-gnu-toolchain-linux_x86_64/bin/../lib/gcc/avr/5.4.0/../../../../avr/lib/avr51/libatmega128.a(eerd_block.o)
                              /home/matt/opt/avr8-gnu-toolchain-linux_x86_64/bin/../lib/gcc/avr/5.4.0/../../../../avr/lib/avr51/libatmega128.a(eerd_word.o) (eeprom_read_blraw)

Allocating common symbols
Common symbol       size              file

eeprom_volume       0x1               lab6_code.o
eeprom_fm_freq      0x2               lab6_code.o
uart_tx_buf         0x28              uart_functions.o
twi_state           0x1               twi_master.o
dec_to_7seg         0xc               lab6_code.o
twi_buf             0x2               twi_master.o
lcd_string_array    0x20              hd44780.o
si4734_wr_buf       0x9               si4734.o
lm73_wr_buf         0x2               lm73_functions.o
si4734_tune_status_buf
                    0x8               si4734.o
eeprom_am_freq      0x2               lab6_code.o
current_volume      0x1               lab6_code.o
si4734_revision_buf
                    0x10              si4734.o
twi_bus_addr        0x1               twi_master.o
lcd_str             0x10              hd44780.o
twi_msg_size        0x1               twi_master.o
current_am_freq     0x2               lab6_code.o
temp_digits         0x3               lab6_code.o
STC_interrupt       0x1               si4734.o
current_sw_freq     0x2               lab6_code.o
lm73_rd_buf         0x2               lm73_functions.o
uart_rx_buf         0x28              uart_functions.o
read_i2c_buffer     0x2               lab6_code.o
eeprom_sw_freq      0x2               lab6_code.o
si4734_rd_buf       0xf               si4734.o
segment_data        0x5               lab6_code.o

Memory Configuration

Name             Origin             Length             Attributes
text             0x0000000000000000 0x0000000000020000 xr
data             0x0000000000800100 0x000000000000ff00 rw !x
eeprom           0x0000000000810000 0x0000000000010000 rw !x
fuse             0x0000000000820000 0x0000000000000003 rw !x
lock             0x0000000000830000 0x0000000000000400 rw !x
signature        0x0000000000840000 0x0000000000000400 rw !x
user_signatures  0x0000000000850000 0x0000000000000400 rw !x
*default*        0x0000000000000000 0xffffffffffffffff

Linker script and memory map

Address of section .data set to 0x800100
LOAD /home/matt/opt/avr8-gnu-toolchain-linux_x86_64/bin/../lib/gcc/avr/5.4.0/../../../../avr/lib/avr51/crtatmega128.o
LOAD lab6_code.o
LOAD hd44780.o
LOAD twi_master.o
LOAD lm73_functions.o
LOAD uart_functions.o
LOAD si4734.o
START GROUP
LOAD /home/matt/opt/avr8-gnu-toolchain-linux_x86_64/bin/../lib/gcc/avr/5.4.0/avr51/libgcc.a
LOAD /home/matt/opt/avr8-gnu-toolchain-linux_x86_64/bin/../lib/gcc/avr/5.4.0/../../../../avr/lib/avr51/libm.a
LOAD /home/matt/opt/avr8-gnu-toolchain-linux_x86_64/bin/../lib/gcc/avr/5.4.0/../../../../avr/lib/avr51/libc.a
LOAD /home/matt/opt/avr8-gnu-toolchain-linux_x86_64/bin/../lib/gcc/avr/5.4.0/../../../../avr/lib/avr51/libatmega128.a
END GROUP
                0x0000000000020000                __TEXT_REGION_LENGTH__ = DEFINED (__TEXT_REGION_LENGTH__)?__TEXT_REGION_LENGTH__:0x20000
                0x000000000000ff00                __DATA_REGION_LENGTH__ = DEFINED (__DATA_REGION_LENGTH__)?__DATA_REGION_LENGTH__:0xff00
                0x0000000000010000                __EEPROM_REGION_LENGTH__ = DEFINED (__EEPROM_REGION_LENGTH__)?__EEPROM_REGION_LENGTH__:0x10000
                [0x0000000000000003]                __FUSE_REGION_LENGTH__ = DEFINED (__FUSE_REGION_LENGTH__)?__FUSE_REGION_LENGTH__:0x400
                0x0000000000000400                __LOCK_REGION_LENGTH__ = DEFINED (__LOCK_REGION_LENGTH__)?__LOCK_REGION_LENGTH__:0x400
                0x0000000000000400                __SIGNATURE_REGION_LENGTH__ = DEFINED (__SIGNATURE_REGION_LENGTH__)?__SIGNATURE_REGION_LENGTH__:0x400
                0x0000000000000400                __USER_SIGNATURE_REGION_LENGTH__ = DEFINED (__USER_SIGNATURE_REGION_LENGTH__)?__USER_SIGNATURE_REGION_LENGTH__:0x400

.hash
 *(.hash)

.dynsym
 *(.dynsym)

.dynstr
 *(.dynstr)

.gnu.version
 *(.gnu.version)

.gnu.version_d
 *(.gnu.version_d)

.gnu.version_r
 *(.gnu.version_r)

.rel.init
 *(.rel.init)

.rela.init
 *(.rela.init)

.rel.text
 *(.rel.text)
 *(.rel.text.*)
 *(.rel.gnu.linkonce.t*)

.rela.text
 *(.rela.text)
 *(.rela.text.*)
 *(.rela.gnu.linkonce.t*)

.rel.fini
 *(.rel.fini)

.rela.fini
 *(.rela.fini)

.rel.rodata
 *(.rel.rodata)
 *(.rel.rodata.*)
 *(.rel.gnu.linkonce.r*)

.rela.rodata
 *(.rela.rodata)
 *(.rela.rodata.*)
 *(.rela.gnu.linkonce.r*)

.rel.data
 *(.rel.data)
 *(.rel.data.*)
 *(.rel.gnu.linkonce.d*)

.rela.data
 *(.rela.data)
 *(.rela.data.*)
 *(.rela.gnu.linkonce.d*)

.rel.ctors
 *(.rel.ctors)

.rela.ctors
 *(.rela.ctors)

.rel.dtors
 *(.rel.dtors)

.rela.dtors
 *(.rela.dtors)

.rel.got
 *(.rel.got)

.rela.got
 *(.rela.got)

.rel.bss
 *(.rel.bss)

.rela.bss
 *(.rela.bss)

.rel.plt
 *(.rel.plt)

.rela.plt
 *(.rela.plt)

.text           0x0000000000000000     0x21b2
 *(.vectors)
 .vectors       0x0000000000000000       0x8c /home/matt/opt/avr8-gnu-toolchain-linux_x86_64/bin/../lib/gcc/avr/5.4.0/../../../../avr/lib/avr51/crtatmega128.o
                0x0000000000000000                __vectors
                0x0000000000000000                __vector_default
 *(.vectors)
 *(.progmem.gcc*)
 .progmem.gcc_sw_table
                0x000000000000008c       0xa2 twi_master.o
                0x000000000000012e                . = ALIGN (0x2)
                0x000000000000012e                __trampolines_start = .
 *(.trampolines)
 .trampolines   0x000000000000012e        0x0 linker stubs
 *(.trampolines*)
                0x000000000000012e                __trampolines_end = .
 *libprintf_flt.a:*(.progmem.data)
 *libc.a:*(.progmem.data)
 *(.progmem*)
                0x000000000000012e                . = ALIGN (0x2)
 *(.jumptables)
 *(.jumptables*)
 *(.lowtext)
 *(.lowtext*)
                0x000000000000012e                __ctors_start = .
 *(.ctors)
                0x000000000000012e                __ctors_end = .
                0x000000000000012e                __dtors_start = .
 *(.dtors)
                0x000000000000012e                __dtors_end = .
 SORT(*)(.ctors)
 SORT(*)(.dtors)
 *(.init0)
 .init0         0x000000000000012e        0x0 /home/matt/opt/avr8-gnu-toolchain-linux_x86_64/bin/../lib/gcc/avr/5.4.0/../../../../avr/lib/avr51/crtatmega128.o
                0x000000000000012e                __init
 *(.init0)
 *(.init1)
 *(.init1)
 *(.init2)
 .init2         0x000000000000012e        0xc /home/matt/opt/avr8-gnu-toolchain-linux_x86_64/bin/../lib/gcc/avr/5.4.0/../../../../avr/lib/avr51/crtatmega128.o
 *(.init2)
 *(.init3)
 *(.init3)
 *(.init4)
 .init4         0x000000000000013a       0x1a /home/matt/opt/avr8-gnu-toolchain-linux_x86_64/bin/../lib/gcc/avr/5.4.0/avr51/libgcc.a(_copy_data.o)
                0x000000000000013a                __do_copy_data
 .init4         0x0000000000000154       0x10 /home/matt/opt/avr8-gnu-toolchain-linux_x86_64/bin/../lib/gcc/avr/5.4.0/avr51/libgcc.a(_clear_bss.o)
                0x0000000000000154                __do_clear_bss
 *(.init4)
 *(.init5)
 *(.init5)
 *(.init6)
 *(.init6)
 *(.init7)
 *(.init7)
 *(.init8)
 *(.init8)
 *(.init9)
 .init9         0x0000000000000164        0x8 /home/matt/opt/avr8-gnu-toolchain-linux_x86_64/bin/../lib/gcc/avr/5.4.0/../../../../avr/lib/avr51/crtatmega128.o
 *(.init9)
 *(.text)
 .text          0x000000000000016c        0x4 /home/matt/opt/avr8-gnu-toolchain-linux_x86_64/bin/../lib/gcc/avr/5.4.0/../../../../avr/lib/avr51/crtatmega128.o
                0x000000000000016c                __vector_22
                0x000000000000016c                __vector_28
                0x000000000000016c                __vector_1
                0x000000000000016c                __vector_32
                0x000000000000016c                __vector_34
                0x000000000000016c                __vector_24
                0x000000000000016c                __vector_12
                0x000000000000016c                __bad_interrupt
                0x000000000000016c                __vector_6
                0x000000000000016c                __vector_31
                0x000000000000016c                __vector_3
                0x000000000000016c                __vector_23
                0x000000000000016c                __vector_30
                0x000000000000016c                __vector_25
                0x000000000000016c                __vector_11
                0x000000000000016c                __vector_13
                0x000000000000016c                __vector_17
                0x000000000000016c                __vector_19
                0x000000000000016c                __vector_7
                0x000000000000016c                __vector_27
                0x000000000000016c                __vector_5
                0x000000000000016c                __vector_4
                0x000000000000016c                __vector_9
                0x000000000000016c                __vector_2
                0x000000000000016c                __vector_15
                0x000000000000016c                __vector_29
                0x000000000000016c                __vector_26
                0x000000000000016c                __vector_10
                0x000000000000016c                __vector_18
                0x000000000000016c                __vector_20
 .text          0x0000000000000170      0xc32 lab6_code.o
                0x0000000000000170                real_time
                0x0000000000000192                initialization
                0x00000000000001f2                radio_init
                0x0000000000000240                init_lm73_sensor
                0x0000000000000250                chk_buttons
                0x0000000000000294                segsum_freq
                0x000000000000042a                segsum
                0x000000000000049c                seven_seg_encoding
                0x00000000000004b0                encoder_process
                0x0000000000000738                button_encoder_read
                0x0000000000000aa2                clock_count
                0x0000000000000c06                set_LCD
                0x0000000000000c5a                set_LCD_temp
                0x0000000000000c6a                read_lm73_sensor
                0x0000000000000c88                uart_send_read
                0x0000000000000cee                __vector_16
                0x0000000000000d16                __vector_14
                0x0000000000000d60                __vector_21
                0x0000000000000d84                __vector_8
 .text          0x0000000000000da2      0x976 hd44780.o
                0x0000000000000da2                send_lcd
                0x0000000000000dcc                refresh_lcd
                0x0000000000000e92                set_custom_character
                0x0000000000000efe                set_cursor
                0x0000000000000f2a                uint2lcd
                0x0000000000000ffe                int2lcd
                0x0000000000001036                cursor_on
                0x000000000000105a                cursor_off
                0x000000000000107e                shift_right
                0x00000000000010a2                shift_left
                0x00000000000010c6                strobe_lcd
                0x00000000000010d8                clear_display
                0x0000000000001108                cursor_home
                0x0000000000001138                line2_col1
                0x000000000000115c                line1_col1
                0x0000000000001180                fill_spaces
                0x00000000000011b4                char2lcd
                0x00000000000011d8                string2lcd
                0x0000000000001232                lcd_init
                0x00000000000013b6                lcd_int32
                0x0000000000001562                lcd_int16
 .text          0x0000000000001718      0x17c twi_master.o
                0x0000000000001718                __vector_33
                0x0000000000001836                twi_busy
                0x000000000000183e                twi_start_wr
                0x0000000000001860                twi_start_rd
                0x0000000000001882                init_twi
 .text          0x0000000000001894       0x3e lm73_functions.o
                0x0000000000001894                lm73_temp_convert
 .text          0x00000000000018d2       0x7e uart_functions.o
                0x00000000000018d2                uart_putc
                0x00000000000018de                uart_puts
                0x00000000000018fa                uart_puts_p
                0x0000000000001920                uart_init
                0x000000000000193a                uart_getc
 .text          0x0000000000001950      0x394 si4734.o
                0x0000000000001950                get_int_status
                0x0000000000001990                fm_tune_freq
                0x00000000000019c8                am_tune_freq
                0x0000000000001a04                sw_tune_freq
                0x0000000000001a3e                radio_pwr_dwn
                0x0000000000001ab2                fm_rsq_status
                0x0000000000001af4                fm_tune_status
                0x0000000000001b36                am_tune_status
                0x0000000000001b6e                am_rsq_status
                0x0000000000001ba6                set_property
                0x0000000000001bd0                fm_pwr_up
                0x0000000000001c24                am_pwr_up
                0x0000000000001c78                sw_pwr_up
 .text          0x0000000000001ce4        0x0 /home/matt/opt/avr8-gnu-toolchain-linux_x86_64/bin/../lib/gcc/avr/5.4.0/avr51/libgcc.a(_divmodhi4.o)
 .text          0x0000000000001ce4        0x0 /home/matt/opt/avr8-gnu-toolchain-linux_x86_64/bin/../lib/gcc/avr/5.4.0/avr51/libgcc.a(_divmodsi4.o)
 .text          0x0000000000001ce4        0x0 /home/matt/opt/avr8-gnu-toolchain-linux_x86_64/bin/../lib/gcc/avr/5.4.0/avr51/libgcc.a(_negsi2.o)
 .text          0x0000000000001ce4        0x0 /home/matt/opt/avr8-gnu-toolchain-linux_x86_64/bin/../lib/gcc/avr/5.4.0/avr51/libgcc.a(_exit.o)
 .text          0x0000000000001ce4        0x0 /home/matt/opt/avr8-gnu-toolchain-linux_x86_64/bin/../lib/gcc/avr/5.4.0/avr51/libgcc.a(_tablejump2.o)
 .text          0x0000000000001ce4        0x0 /home/matt/opt/avr8-gnu-toolchain-linux_x86_64/bin/../lib/gcc/avr/5.4.0/avr51/libgcc.a(_copy_data.o)
 .text          0x0000000000001ce4        0x0 /home/matt/opt/avr8-gnu-toolchain-linux_x86_64/bin/../lib/gcc/avr/5.4.0/avr51/libgcc.a(_clear_bss.o)
 .text          0x0000000000001ce4        0x0 /home/matt/opt/avr8-gnu-toolchain-linux_x86_64/bin/../lib/gcc/avr/5.4.0/avr51/libgcc.a(_umulhisi3.o)
 .text          0x0000000000001ce4        0x0 /home/matt/opt/avr8-gnu-toolchain-linux_x86_64/bin/../lib/gcc/avr/5.4.0/avr51/libgcc.a(_udivmodhi4.o)
 .text          0x0000000000001ce4        0x0 /home/matt/opt/avr8-gnu-toolchain-linux_x86_64/bin/../lib/gcc/avr/5.4.0/avr51/libgcc.a(_udivmodsi4.o)
 .text          0x0000000000001ce4        0x0 /home/matt/opt/avr8-gnu-toolchain-linux_x86_64/bin/../lib/gcc/avr/5.4.0/../../../../avr/lib/avr51/libc.a(itoa_ncheck.o)
 .text          0x0000000000001ce4        0x0 /home/matt/opt/avr8-gnu-toolchain-linux_x86_64/bin/../lib/gcc/avr/5.4.0/../../../../avr/lib/avr51/libc.a(utoa_ncheck.o)
 .text          0x0000000000001ce4        0x0 /home/matt/opt/avr8-gnu-toolchain-linux_x86_64/bin/../lib/gcc/avr/5.4.0/../../../../avr/lib/avr51/libc.a(strrev.o)
 .text          0x0000000000001ce4        0x0 /home/matt/opt/avr8-gnu-toolchain-linux_x86_64/bin/../lib/gcc/avr/5.4.0/../../../../avr/lib/avr51/libatmega128.a(eerd_byte.o)
 .text          0x0000000000001ce4        0x0 /home/matt/opt/avr8-gnu-toolchain-linux_x86_64/bin/../lib/gcc/avr/5.4.0/../../../../avr/lib/avr51/libatmega128.a(eerd_word.o)
 .text          0x0000000000001ce4        0x0 /home/matt/opt/avr8-gnu-toolchain-linux_x86_64/bin/../lib/gcc/avr/5.4.0/../../../../avr/lib/avr51/libatmega128.a(eewr_byte.o)
 .text          0x0000000000001ce4        0x0 /home/matt/opt/avr8-gnu-toolchain-linux_x86_64/bin/../lib/gcc/avr/5.4.0/../../../../avr/lib/avr51/libatmega128.a(eewr_word.o)
 .text          0x0000000000001ce4        0x0 /home/matt/opt/avr8-gnu-toolchain-linux_x86_64/bin/../lib/gcc/avr/5.4.0/../../../../avr/lib/avr51/libatmega128.a(eerd_block.o)
                0x0000000000001ce4                . = ALIGN (0x2)
 *(.text.*)
 .text.startup  0x0000000000001ce4      0x2fe lab6_code.o
                0x0000000000001ce4                main
 .text.libgcc.mul
                0x0000000000001fe2        0x0 /home/matt/opt/avr8-gnu-toolchain-linux_x86_64/bin/../lib/gcc/avr/5.4.0/avr51/libgcc.a(_divmodhi4.o)
 .text.libgcc.div
                0x0000000000001fe2       0x28 /home/matt/opt/avr8-gnu-toolchain-linux_x86_64/bin/../lib/gcc/avr/5.4.0/avr51/libgcc.a(_divmodhi4.o)
                0x0000000000001fe2                __divmodhi4
                0x0000000000001fe2                _div
 .text.libgcc   0x000000000000200a        0x0 /home/matt/opt/avr8-gnu-toolchain-linux_x86_64/bin/../lib/gcc/avr/5.4.0/avr51/libgcc.a(_divmodhi4.o)
 .text.libgcc.prologue
                0x000000000000200a        0x0 /home/matt/opt/avr8-gnu-toolchain-linux_x86_64/bin/../lib/gcc/avr/5.4.0/avr51/libgcc.a(_divmodhi4.o)
 .text.libgcc.builtins
                0x000000000000200a        0x0 /home/matt/opt/avr8-gnu-toolchain-linux_x86_64/bin/../lib/gcc/avr/5.4.0/avr51/libgcc.a(_divmodhi4.o)
 .text.libgcc.fmul
                0x000000000000200a        0x0 /home/matt/opt/avr8-gnu-toolchain-linux_x86_64/bin/../lib/gcc/avr/5.4.0/avr51/libgcc.a(_divmodhi4.o)
 .text.libgcc.fixed
                0x000000000000200a        0x0 /home/matt/opt/avr8-gnu-toolchain-linux_x86_64/bin/../lib/gcc/avr/5.4.0/avr51/libgcc.a(_divmodhi4.o)
 .text.libgcc.mul
                0x000000000000200a        0x0 /home/matt/opt/avr8-gnu-toolchain-linux_x86_64/bin/../lib/gcc/avr/5.4.0/avr51/libgcc.a(_divmodsi4.o)
 .text.libgcc.div
                0x000000000000200a       0x2e /home/matt/opt/avr8-gnu-toolchain-linux_x86_64/bin/../lib/gcc/avr/5.4.0/avr51/libgcc.a(_divmodsi4.o)
                0x000000000000200a                __divmodsi4
 .text.libgcc   0x0000000000002038        0x0 /home/matt/opt/avr8-gnu-toolchain-linux_x86_64/bin/../lib/gcc/avr/5.4.0/avr51/libgcc.a(_divmodsi4.o)
 .text.libgcc.prologue
                0x0000000000002038        0x0 /home/matt/opt/avr8-gnu-toolchain-linux_x86_64/bin/../lib/gcc/avr/5.4.0/avr51/libgcc.a(_divmodsi4.o)
 .text.libgcc.builtins
                0x0000000000002038        0x0 /home/matt/opt/avr8-gnu-toolchain-linux_x86_64/bin/../lib/gcc/avr/5.4.0/avr51/libgcc.a(_divmodsi4.o)
 .text.libgcc.fmul
                0x0000000000002038        0x0 /home/matt/opt/avr8-gnu-toolchain-linux_x86_64/bin/../lib/gcc/avr/5.4.0/avr51/libgcc.a(_divmodsi4.o)
 .text.libgcc.fixed
                0x0000000000002038        0x0 /home/matt/opt/avr8-gnu-toolchain-linux_x86_64/bin/../lib/gcc/avr/5.4.0/avr51/libgcc.a(_divmodsi4.o)
 .text.libgcc.mul
                0x0000000000002038        0x0 /home/matt/opt/avr8-gnu-toolchain-linux_x86_64/bin/../lib/gcc/avr/5.4.0/avr51/libgcc.a(_negsi2.o)
 .text.libgcc.div
                0x0000000000002038       0x10 /home/matt/opt/avr8-gnu-toolchain-linux_x86_64/bin/../lib/gcc/avr/5.4.0/avr51/libgcc.a(_negsi2.o)
                0x0000000000002038                __negsi2
 .text.libgcc   0x0000000000002048        0x0 /home/matt/opt/avr8-gnu-toolchain-linux_x86_64/bin/../lib/gcc/avr/5.4.0/avr51/libgcc.a(_negsi2.o)
 .text.libgcc.prologue
                0x0000000000002048        0x0 /home/matt/opt/avr8-gnu-toolchain-linux_x86_64/bin/../lib/gcc/avr/5.4.0/avr51/libgcc.a(_negsi2.o)
 .text.libgcc.builtins
                0x0000000000002048        0x0 /home/matt/opt/avr8-gnu-toolchain-linux_x86_64/bin/../lib/gcc/avr/5.4.0/avr51/libgcc.a(_negsi2.o)
 .text.libgcc.fmul
                0x0000000000002048        0x0 /home/matt/opt/avr8-gnu-toolchain-linux_x86_64/bin/../lib/gcc/avr/5.4.0/avr51/libgcc.a(_negsi2.o)
 .text.libgcc.fixed
                0x0000000000002048        0x0 /home/matt/opt/avr8-gnu-toolchain-linux_x86_64/bin/../lib/gcc/avr/5.4.0/avr51/libgcc.a(_negsi2.o)
 .text.libgcc.mul
                0x0000000000002048        0x0 /home/matt/opt/avr8-gnu-toolchain-linux_x86_64/bin/../lib/gcc/avr/5.4.0/avr51/libgcc.a(_exit.o)
 .text.libgcc.div
                0x0000000000002048        0x0 /home/matt/opt/avr8-gnu-toolchain-linux_x86_64/bin/../lib/gcc/avr/5.4.0/avr51/libgcc.a(_exit.o)
 .text.libgcc   0x0000000000002048        0x0 /home/matt/opt/avr8-gnu-toolchain-linux_x86_64/bin/../lib/gcc/avr/5.4.0/avr51/libgcc.a(_exit.o)
 .text.libgcc.prologue
                0x0000000000002048        0x0 /home/matt/opt/avr8-gnu-toolchain-linux_x86_64/bin/../lib/gcc/avr/5.4.0/avr51/libgcc.a(_exit.o)
 .text.libgcc.builtins
                0x0000000000002048        0x0 /home/matt/opt/avr8-gnu-toolchain-linux_x86_64/bin/../lib/gcc/avr/5.4.0/avr51/libgcc.a(_exit.o)
 .text.libgcc.fmul
                0x0000000000002048        0x0 /home/matt/opt/avr8-gnu-toolchain-linux_x86_64/bin/../lib/gcc/avr/5.4.0/avr51/libgcc.a(_exit.o)
 .text.libgcc.fixed
                0x0000000000002048        0x0 /home/matt/opt/avr8-gnu-toolchain-linux_x86_64/bin/../lib/gcc/avr/5.4.0/avr51/libgcc.a(_exit.o)
 .text.libgcc.mul
                0x0000000000002048        0x0 /home/matt/opt/avr8-gnu-toolchain-linux_x86_64/bin/../lib/gcc/avr/5.4.0/avr51/libgcc.a(_tablejump2.o)
 .text.libgcc.div
                0x0000000000002048        0x0 /home/matt/opt/avr8-gnu-toolchain-linux_x86_64/bin/../lib/gcc/avr/5.4.0/avr51/libgcc.a(_tablejump2.o)
 .text.libgcc   0x0000000000002048       0x12 /home/matt/opt/avr8-gnu-toolchain-linux_x86_64/bin/../lib/gcc/avr/5.4.0/avr51/libgcc.a(_tablejump2.o)
                0x0000000000002048                __tablejump2__
 .text.libgcc.prologue
                0x000000000000205a        0x0 /home/matt/opt/avr8-gnu-toolchain-linux_x86_64/bin/../lib/gcc/avr/5.4.0/avr51/libgcc.a(_tablejump2.o)
 .text.libgcc.builtins
                0x000000000000205a        0x0 /home/matt/opt/avr8-gnu-toolchain-linux_x86_64/bin/../lib/gcc/avr/5.4.0/avr51/libgcc.a(_tablejump2.o)
 .text.libgcc.fmul
                0x000000000000205a        0x0 /home/matt/opt/avr8-gnu-toolchain-linux_x86_64/bin/../lib/gcc/avr/5.4.0/avr51/libgcc.a(_tablejump2.o)
 .text.libgcc.fixed
                0x000000000000205a        0x0 /home/matt/opt/avr8-gnu-toolchain-linux_x86_64/bin/../lib/gcc/avr/5.4.0/avr51/libgcc.a(_tablejump2.o)
 .text.libgcc.mul
                0x000000000000205a        0x0 /home/matt/opt/avr8-gnu-toolchain-linux_x86_64/bin/../lib/gcc/avr/5.4.0/avr51/libgcc.a(_copy_data.o)
 .text.libgcc.div
                0x000000000000205a        0x0 /home/matt/opt/avr8-gnu-toolchain-linux_x86_64/bin/../lib/gcc/avr/5.4.0/avr51/libgcc.a(_copy_data.o)
 .text.libgcc   0x000000000000205a        0x0 /home/matt/opt/avr8-gnu-toolchain-linux_x86_64/bin/../lib/gcc/avr/5.4.0/avr51/libgcc.a(_copy_data.o)
 .text.libgcc.prologue
                0x000000000000205a        0x0 /home/matt/opt/avr8-gnu-toolchain-linux_x86_64/bin/../lib/gcc/avr/5.4.0/avr51/libgcc.a(_copy_data.o)
 .text.libgcc.builtins
                0x000000000000205a        0x0 /home/matt/opt/avr8-gnu-toolchain-linux_x86_64/bin/../lib/gcc/avr/5.4.0/avr51/libgcc.a(_copy_data.o)
 .text.libgcc.fmul
                0x000000000000205a        0x0 /home/matt/opt/avr8-gnu-toolchain-linux_x86_64/bin/../lib/gcc/avr/5.4.0/avr51/libgcc.a(_copy_data.o)
 .text.libgcc.fixed
                0x000000000000205a        0x0 /home/matt/opt/avr8-gnu-toolchain-linux_x86_64/bin/../lib/gcc/avr/5.4.0/avr51/libgcc.a(_copy_data.o)
 .text.libgcc.mul
                0x000000000000205a        0x0 /home/matt/opt/avr8-gnu-toolchain-linux_x86_64/bin/../lib/gcc/avr/5.4.0/avr51/libgcc.a(_clear_bss.o)
 .text.libgcc.div
                0x000000000000205a        0x0 /home/matt/opt/avr8-gnu-toolchain-linux_x86_64/bin/../lib/gcc/avr/5.4.0/avr51/libgcc.a(_clear_bss.o)
 .text.libgcc   0x000000000000205a        0x0 /home/matt/opt/avr8-gnu-toolchain-linux_x86_64/bin/../lib/gcc/avr/5.4.0/avr51/libgcc.a(_clear_bss.o)
 .text.libgcc.prologue
                0x000000000000205a        0x0 /home/matt/opt/avr8-gnu-toolchain-linux_x86_64/bin/../lib/gcc/avr/5.4.0/avr51/libgcc.a(_clear_bss.o)
 .text.libgcc.builtins
                0x000000000000205a        0x0 /home/matt/opt/avr8-gnu-toolchain-linux_x86_64/bin/../lib/gcc/avr/5.4.0/avr51/libgcc.a(_clear_bss.o)
 .text.libgcc.fmul
                0x000000000000205a        0x0 /home/matt/opt/avr8-gnu-toolchain-linux_x86_64/bin/../lib/gcc/avr/5.4.0/avr51/libgcc.a(_clear_bss.o)
 .text.libgcc.fixed
                0x000000000000205a        0x0 /home/matt/opt/avr8-gnu-toolchain-linux_x86_64/bin/../lib/gcc/avr/5.4.0/avr51/libgcc.a(_clear_bss.o)
 .text.libgcc.mul
                0x000000000000205a       0x1e /home/matt/opt/avr8-gnu-toolchain-linux_x86_64/bin/../lib/gcc/avr/5.4.0/avr51/libgcc.a(_umulhisi3.o)
                0x000000000000205a                __umulhisi3
 .text.libgcc.div
                0x0000000000002078        0x0 /home/matt/opt/avr8-gnu-toolchain-linux_x86_64/bin/../lib/gcc/avr/5.4.0/avr51/libgcc.a(_umulhisi3.o)
 .text.libgcc   0x0000000000002078        0x0 /home/matt/opt/avr8-gnu-toolchain-linux_x86_64/bin/../lib/gcc/avr/5.4.0/avr51/libgcc.a(_umulhisi3.o)
 .text.libgcc.prologue
                0x0000000000002078        0x0 /home/matt/opt/avr8-gnu-toolchain-linux_x86_64/bin/../lib/gcc/avr/5.4.0/avr51/libgcc.a(_umulhisi3.o)
 .text.libgcc.builtins
                0x0000000000002078        0x0 /home/matt/opt/avr8-gnu-toolchain-linux_x86_64/bin/../lib/gcc/avr/5.4.0/avr51/libgcc.a(_umulhisi3.o)
 .text.libgcc.fmul
                0x0000000000002078        0x0 /home/matt/opt/avr8-gnu-toolchain-linux_x86_64/bin/../lib/gcc/avr/5.4.0/avr51/libgcc.a(_umulhisi3.o)
 .text.libgcc.fixed
                0x0000000000002078        0x0 /home/matt/opt/avr8-gnu-toolchain-linux_x86_64/bin/../lib/gcc/avr/5.4.0/avr51/libgcc.a(_umulhisi3.o)
 .text.libgcc.mul
                0x0000000000002078        0x0 /home/matt/opt/avr8-gnu-toolchain-linux_x86_64/bin/../lib/gcc/avr/5.4.0/avr51/libgcc.a(_udivmodhi4.o)
 .text.libgcc.div
                0x0000000000002078       0x28 /home/matt/opt/avr8-gnu-toolchain-linux_x86_64/bin/../lib/gcc/avr/5.4.0/avr51/libgcc.a(_udivmodhi4.o)
                0x0000000000002078                __udivmodhi4
 .text.libgcc   0x00000000000020a0        0x0 /home/matt/opt/avr8-gnu-toolchain-linux_x86_64/bin/../lib/gcc/avr/5.4.0/avr51/libgcc.a(_udivmodhi4.o)
 .text.libgcc.prologue
                0x00000000000020a0        0x0 /home/matt/opt/avr8-gnu-toolchain-linux_x86_64/bin/../lib/gcc/avr/5.4.0/avr51/libgcc.a(_udivmodhi4.o)
 .text.libgcc.builtins
                0x00000000000020a0        0x0 /home/matt/opt/avr8-gnu-toolchain-linux_x86_64/bin/../lib/gcc/avr/5.4.0/avr51/libgcc.a(_udivmodhi4.o)
 .text.libgcc.fmul
                0x00000000000020a0        0x0 /home/matt/opt/avr8-gnu-toolchain-linux_x86_64/bin/../lib/gcc/avr/5.4.0/avr51/libgcc.a(_udivmodhi4.o)
 .text.libgcc.fixed
                0x00000000000020a0        0x0 /home/matt/opt/avr8-gnu-toolchain-linux_x86_64/bin/../lib/gcc/avr/5.4.0/avr51/libgcc.a(_udivmodhi4.o)
 .text.libgcc.mul
                0x00000000000020a0        0x0 /home/matt/opt/avr8-gnu-toolchain-linux_x86_64/bin/../lib/gcc/avr/5.4.0/avr51/libgcc.a(_udivmodsi4.o)
 .text.libgcc.div
                0x00000000000020a0       0x44 /home/matt/opt/avr8-gnu-toolchain-linux_x86_64/bin/../lib/gcc/avr/5.4.0/avr51/libgcc.a(_udivmodsi4.o)
                0x00000000000020a0                __udivmodsi4
 .text.libgcc   0x00000000000020e4        0x0 /home/matt/opt/avr8-gnu-toolchain-linux_x86_64/bin/../lib/gcc/avr/5.4.0/avr51/libgcc.a(_udivmodsi4.o)
 .text.libgcc.prologue
                0x00000000000020e4        0x0 /home/matt/opt/avr8-gnu-toolchain-linux_x86_64/bin/../lib/gcc/avr/5.4.0/avr51/libgcc.a(_udivmodsi4.o)
 .text.libgcc.builtins
                0x00000000000020e4        0x0 /home/matt/opt/avr8-gnu-toolchain-linux_x86_64/bin/../lib/gcc/avr/5.4.0/avr51/libgcc.a(_udivmodsi4.o)
 .text.libgcc.fmul
                0x00000000000020e4        0x0 /home/matt/opt/avr8-gnu-toolchain-linux_x86_64/bin/../lib/gcc/avr/5.4.0/avr51/libgcc.a(_udivmodsi4.o)
 .text.libgcc.fixed
                0x00000000000020e4        0x0 /home/matt/opt/avr8-gnu-toolchain-linux_x86_64/bin/../lib/gcc/avr/5.4.0/avr51/libgcc.a(_udivmodsi4.o)
 .text.avr-libc
                0x00000000000020e4       0x16 /home/matt/opt/avr8-gnu-toolchain-linux_x86_64/bin/../lib/gcc/avr/5.4.0/../../../../avr/lib/avr51/libc.a(itoa_ncheck.o)
                0x00000000000020e4                __itoa_ncheck
 .text.avr-libc
                0x00000000000020fa       0x34 /home/matt/opt/avr8-gnu-toolchain-linux_x86_64/bin/../lib/gcc/avr/5.4.0/../../../../avr/lib/avr51/libc.a(utoa_ncheck.o)
                0x00000000000020fa                __utoa_ncheck
                0x00000000000020fc                __utoa_common
 .text.avr-libc
                0x000000000000212e       0x20 /home/matt/opt/avr8-gnu-toolchain-linux_x86_64/bin/../lib/gcc/avr/5.4.0/../../../../avr/lib/avr51/libc.a(strrev.o)
                0x000000000000212e                strrev
 .text.avr-libc
                0x000000000000214e       0x10 /home/matt/opt/avr8-gnu-toolchain-linux_x86_64/bin/../lib/gcc/avr/5.4.0/../../../../avr/lib/avr51/libatmega128.a(eerd_byte.o)
                0x000000000000214e                eeprom_read_byte
 .text.avr-libc
                0x000000000000215e        0xc /home/matt/opt/avr8-gnu-toolchain-linux_x86_64/bin/../lib/gcc/avr/5.4.0/../../../../avr/lib/avr51/libatmega128.a(eerd_word.o)
                0x000000000000215e                eeprom_read_word
 .text.avr-libc
                0x000000000000216a       0x1a /home/matt/opt/avr8-gnu-toolchain-linux_x86_64/bin/../lib/gcc/avr/5.4.0/../../../../avr/lib/avr51/libatmega128.a(eewr_byte.o)
                0x000000000000216a                eeprom_write_byte
                0x000000000000216c                eeprom_write_r18
 .text.avr-libc
                0x0000000000002184        0xa /home/matt/opt/avr8-gnu-toolchain-linux_x86_64/bin/../lib/gcc/avr/5.4.0/../../../../avr/lib/avr51/libatmega128.a(eewr_word.o)
                0x0000000000002184                eeprom_write_word
 .text.avr-libc
                0x000000000000218e       0x20 /home/matt/opt/avr8-gnu-toolchain-linux_x86_64/bin/../lib/gcc/avr/5.4.0/../../../../avr/lib/avr51/libatmega128.a(eerd_block.o)
                0x000000000000218e                eeprom_read_block
                0x0000000000002192                eeprom_read_blraw
                0x00000000000021ae                . = ALIGN (0x2)
 *(.fini9)
 .fini9         0x00000000000021ae        0x0 /home/matt/opt/avr8-gnu-toolchain-linux_x86_64/bin/../lib/gcc/avr/5.4.0/avr51/libgcc.a(_exit.o)
                0x00000000000021ae                exit
                0x00000000000021ae                _exit
 *(.fini9)
 *(.fini8)
 *(.fini8)
 *(.fini7)
 *(.fini7)
 *(.fini6)
 *(.fini6)
 *(.fini5)
 *(.fini5)
 *(.fini4)
 *(.fini4)
 *(.fini3)
 *(.fini3)
 *(.fini2)
 *(.fini2)
 *(.fini1)
 *(.fini1)
 *(.fini0)
 .fini0         0x00000000000021ae        0x4 /home/matt/opt/avr8-gnu-toolchain-linux_x86_64/bin/../lib/gcc/avr/5.4.0/avr51/libgcc.a(_exit.o)
 *(.fini0)
                0x00000000000021b2                _etext = .

.data           0x0000000000800100       0x4e load address 0x00000000000021b2
                0x0000000000800100                PROVIDE (__data_start, .)
 *(.data)
 .data          0x0000000000800100        0x0 /home/matt/opt/avr8-gnu-toolchain-linux_x86_64/bin/../lib/gcc/avr/5.4.0/../../../../avr/lib/avr51/crtatmega128.o
 .data          0x0000000000800100        0x6 lab6_code.o
                0x0000000000800100                current_fm_freq
                0x0000000000800102                f_not_c
                0x0000000000800103                temp_string
                0x0000000000800105                temp_read_flag
 .data          0x0000000000800106        0x0 hd44780.o
 .data          0x0000000000800106        0x0 twi_master.o
 .data          0x0000000000800106        0x0 lm73_functions.o
 .data          0x0000000000800106        0x0 uart_functions.o
 .data          0x0000000000800106        0x0 si4734.o
 .data          0x0000000000800106        0x0 /home/matt/opt/avr8-gnu-toolchain-linux_x86_64/bin/../lib/gcc/avr/5.4.0/avr51/libgcc.a(_divmodhi4.o)
 .data          0x0000000000800106        0x0 /home/matt/opt/avr8-gnu-toolchain-linux_x86_64/bin/../lib/gcc/avr/5.4.0/avr51/libgcc.a(_divmodsi4.o)
 .data          0x0000000000800106        0x0 /home/matt/opt/avr8-gnu-toolchain-linux_x86_64/bin/../lib/gcc/avr/5.4.0/avr51/libgcc.a(_negsi2.o)
 .data          0x0000000000800106        0x0 /home/matt/opt/avr8-gnu-toolchain-linux_x86_64/bin/../lib/gcc/avr/5.4.0/avr51/libgcc.a(_exit.o)
 .data          0x0000000000800106        0x0 /home/matt/opt/avr8-gnu-toolchain-linux_x86_64/bin/../lib/gcc/avr/5.4.0/avr51/libgcc.a(_tablejump2.o)
 .data          0x0000000000800106        0x0 /home/matt/opt/avr8-gnu-toolchain-linux_x86_64/bin/../lib/gcc/avr/5.4.0/avr51/libgcc.a(_copy_data.o)
 .data          0x0000000000800106        0x0 /home/matt/opt/avr8-gnu-toolchain-linux_x86_64/bin/../lib/gcc/avr/5.4.0/avr51/libgcc.a(_clear_bss.o)
 .data          0x0000000000800106        0x0 /home/matt/opt/avr8-gnu-toolchain-linux_x86_64/bin/../lib/gcc/avr/5.4.0/avr51/libgcc.a(_umulhisi3.o)
 .data          0x0000000000800106        0x0 /home/matt/opt/avr8-gnu-toolchain-linux_x86_64/bin/../lib/gcc/avr/5.4.0/avr51/libgcc.a(_udivmodhi4.o)
 .data          0x0000000000800106        0x0 /home/matt/opt/avr8-gnu-toolchain-linux_x86_64/bin/../lib/gcc/avr/5.4.0/avr51/libgcc.a(_udivmodsi4.o)
 .data          0x0000000000800106        0x0 /home/matt/opt/avr8-gnu-toolchain-linux_x86_64/bin/../lib/gcc/avr/5.4.0/../../../../avr/lib/avr51/libc.a(itoa_ncheck.o)
 .data          0x0000000000800106        0x0 /home/matt/opt/avr8-gnu-toolchain-linux_x86_64/bin/../lib/gcc/avr/5.4.0/../../../../avr/lib/avr51/libc.a(utoa_ncheck.o)
 .data          0x0000000000800106        0x0 /home/matt/opt/avr8-gnu-toolchain-linux_x86_64/bin/../lib/gcc/avr/5.4.0/../../../../avr/lib/avr51/libc.a(strrev.o)
 .data          0x0000000000800106        0x0 /home/matt/opt/avr8-gnu-toolchain-linux_x86_64/bin/../lib/gcc/avr/5.4.0/../../../../avr/lib/avr51/libatmega128.a(eerd_byte.o)
 .data          0x0000000000800106        0x0 /home/matt/opt/avr8-gnu-toolchain-linux_x86_64/bin/../lib/gcc/avr/5.4.0/../../../../avr/lib/avr51/libatmega128.a(eerd_word.o)
 .data          0x0000000000800106        0x0 /home/matt/opt/avr8-gnu-toolchain-linux_x86_64/bin/../lib/gcc/avr/5.4.0/../../../../avr/lib/avr51/libatmega128.a(eewr_byte.o)
 .data          0x0000000000800106        0x0 /home/matt/opt/avr8-gnu-toolchain-linux_x86_64/bin/../lib/gcc/avr/5.4.0/../../../../avr/lib/avr51/libatmega128.a(eewr_word.o)
 .data          0x0000000000800106        0x0 /home/matt/opt/avr8-gnu-toolchain-linux_x86_64/bin/../lib/gcc/avr/5.4.0/../../../../avr/lib/avr51/libatmega128.a(eerd_block.o)
 *(.data*)
 *(.gnu.linkonce.d*)
 *(.rodata)
 .rodata        0x0000000000800106       0x11 lab6_code.o
 *(.rodata*)
 .rodata.str1.1
                0x0000000000800117       0x36 lab6_code.o
 *(.gnu.linkonce.r*)
                0x000000000080014e                . = ALIGN (0x2)
 *fill*         0x000000000080014d        0x1 
                0x000000000080014e                _edata = .
                0x000000000080014e                PROVIDE (__data_end, .)

.bss            0x000000000080014e      0x112
                0x000000000080014e                PROVIDE (__bss_start, .)
 *(.bss)
 .bss           0x000000000080014e        0x0 /home/matt/opt/avr8-gnu-toolchain-linux_x86_64/bin/../lib/gcc/avr/5.4.0/../../../../avr/lib/avr51/crtatmega128.o
 .bss           0x000000000080014e       0x33 lab6_code.o
                0x000000000080014e                update_frequency
                0x000000000080014f                radio_power_down
                0x0000000000800150                radio_trig_once
                0x0000000000800151                radio_tune
                0x0000000000800152                radio_trigger
                0x0000000000800153                uart_send_flag
                0x0000000000800154                ten_sec_count
                0x0000000000800155                ten_sec_start
                0x0000000000800156                alarm_time_hour
                0x0000000000800157                alarm_time_min
                0x0000000000800158                alarm_time_sec
                0x0000000000800159                temp_pm_flag
                0x000000000080015a                temp_hour
                0x000000000080015b                temp_min
                0x000000000080015c                hour_count
                0x000000000080015d                min_count
                0x000000000080015e                sec_count
                0x000000000080015f                isr_count
                0x0000000000800160                alarm_set_once
                0x0000000000800161                alarm_is_set
                0x0000000000800162                alarm_match_count
                0x0000000000800163                adjust_alarm
                0x0000000000800164                trigger_alarm
                0x0000000000800165                manual_brightness
                0x0000000000800166                lcd_flag
                0x0000000000800167                hour24_flag
                0x0000000000800168                pm_flag
                0x0000000000800169                input_flag
                0x000000000080016a                adjust_flag
                0x000000000080016b                encoder_right
                0x000000000080016c                encoder_left
                0x000000000080016d                count
                0x000000000080016f                current_radio_band
 .bss           0x0000000000800181        0x2 hd44780.o
 .bss           0x0000000000800183        0x1 twi_master.o
 .bss           0x0000000000800184        0x0 lm73_functions.o
 .bss           0x0000000000800184        0x0 uart_functions.o
 .bss           0x0000000000800184        0x0 si4734.o
 .bss           0x0000000000800184        0x0 /home/matt/opt/avr8-gnu-toolchain-linux_x86_64/bin/../lib/gcc/avr/5.4.0/avr51/libgcc.a(_divmodhi4.o)
 .bss           0x0000000000800184        0x0 /home/matt/opt/avr8-gnu-toolchain-linux_x86_64/bin/../lib/gcc/avr/5.4.0/avr51/libgcc.a(_divmodsi4.o)
 .bss           0x0000000000800184        0x0 /home/matt/opt/avr8-gnu-toolchain-linux_x86_64/bin/../lib/gcc/avr/5.4.0/avr51/libgcc.a(_negsi2.o)
 .bss           0x0000000000800184        0x0 /home/matt/opt/avr8-gnu-toolchain-linux_x86_64/bin/../lib/gcc/avr/5.4.0/avr51/libgcc.a(_exit.o)
 .bss           0x0000000000800184        0x0 /home/matt/opt/avr8-gnu-toolchain-linux_x86_64/bin/../lib/gcc/avr/5.4.0/avr51/libgcc.a(_tablejump2.o)
 .bss           0x0000000000800184        0x0 /home/matt/opt/avr8-gnu-toolchain-linux_x86_64/bin/../lib/gcc/avr/5.4.0/avr51/libgcc.a(_copy_data.o)
 .bss           0x0000000000800184        0x0 /home/matt/opt/avr8-gnu-toolchain-linux_x86_64/bin/../lib/gcc/avr/5.4.0/avr51/libgcc.a(_clear_bss.o)
 .bss           0x0000000000800184        0x0 /home/matt/opt/avr8-gnu-toolchain-linux_x86_64/bin/../lib/gcc/avr/5.4.0/avr51/libgcc.a(_umulhisi3.o)
 .bss           0x0000000000800184        0x0 /home/matt/opt/avr8-gnu-toolchain-linux_x86_64/bin/../lib/gcc/avr/5.4.0/avr51/libgcc.a(_udivmodhi4.o)
 .bss           0x0000000000800184        0x0 /home/matt/opt/avr8-gnu-toolchain-linux_x86_64/bin/../lib/gcc/avr/5.4.0/avr51/libgcc.a(_udivmodsi4.o)
 .bss           0x0000000000800184        0x0 /home/matt/opt/avr8-gnu-toolchain-linux_x86_64/bin/../lib/gcc/avr/5.4.0/../../../../avr/lib/avr51/libc.a(itoa_ncheck.o)
 .bss           0x0000000000800184        0x0 /home/matt/opt/avr8-gnu-toolchain-linux_x86_64/bin/../lib/gcc/avr/5.4.0/../../../../avr/lib/avr51/libc.a(utoa_ncheck.o)
 .bss           0x0000000000800184        0x0 /home/matt/opt/avr8-gnu-toolchain-linux_x86_64/bin/../lib/gcc/avr/5.4.0/../../../../avr/lib/avr51/libc.a(strrev.o)
 .bss           0x0000000000800184        0x0 /home/matt/opt/avr8-gnu-toolchain-linux_x86_64/bin/../lib/gcc/avr/5.4.0/../../../../avr/lib/avr51/libatmega128.a(eerd_byte.o)
 .bss           0x0000000000800184        0x0 /home/matt/opt/avr8-gnu-toolchain-linux_x86_64/bin/../lib/gcc/avr/5.4.0/../../../../avr/lib/avr51/libatmega128.a(eerd_word.o)
 .bss           0x0000000000800184        0x0 /home/matt/opt/avr8-gnu-toolchain-linux_x86_64/bin/../lib/gcc/avr/5.4.0/../../../../avr/lib/avr51/libatmega128.a(eewr_byte.o)
 .bss           0x0000000000800184        0x0 /home/matt/opt/avr8-gnu-toolchain-linux_x86_64/bin/../lib/gcc/avr/5.4.0/../../../../avr/lib/avr51/libatmega128.a(eewr_word.o)
 .bss           0x0000000000800184        0x0 /home/matt/opt/avr8-gnu-toolchain-linux_x86_64/bin/../lib/gcc/avr/5.4.0/../../../../avr/lib/avr51/libatmega128.a(eerd_block.o)
 *(.bss*)
 *(COMMON)
 COMMON         0x0000000000800184       0x22 lab6_code.o
                0x0000000000800184                eeprom_volume
                0x0000000000800185                eeprom_fm_freq
                0x0000000000800187                dec_to_7seg
                0x0000000000800193                eeprom_am_freq
                0x0000000000800195                current_volume
                0x0000000000800196                current_am_freq
                0x0000000000800198                temp_digits
                0x000000000080019b                current_sw_freq
                0x000000000080019d                read_i2c_buffer
                0x000000000080019f                eeprom_sw_freq
                0x00000000008001a1                segment_data
 COMMON         0x00000000008001a6       0x30 hd44780.o
                0x00000000008001a6                lcd_string_array
                0x00000000008001c6                lcd_str
 COMMON         0x00000000008001d6        0x5 twi_master.o
                0x00000000008001d6                twi_state
                0x00000000008001d7                twi_buf
                0x00000000008001d9                twi_bus_addr
                0x00000000008001da                twi_msg_size
 COMMON         0x00000000008001db        0x4 lm73_functions.o
                0x00000000008001db                lm73_wr_buf
                0x00000000008001dd                lm73_rd_buf
 COMMON         0x00000000008001df       0x50 uart_functions.o
                0x00000000008001df                uart_tx_buf
                0x0000000000800207                uart_rx_buf
 COMMON         0x000000000080022f       0x31 si4734.o
                0x000000000080022f                si4734_wr_buf
                0x0000000000800238                si4734_tune_status_buf
                0x0000000000800240                si4734_revision_buf
                0x0000000000800250                STC_interrupt
                0x0000000000800251                si4734_rd_buf
                0x0000000000800260                PROVIDE (__bss_end, .)
                0x00000000000021b2                __data_load_start = LOADADDR (.data)
                0x0000000000002200                __data_load_end = (__data_load_start + SIZEOF (.data))

.noinit         0x0000000000800260        0x0
                [!provide]                        PROVIDE (__noinit_start, .)
 *(.noinit*)
                [!provide]                        PROVIDE (__noinit_end, .)
                0x0000000000800260                _end = .
                [!provide]                        PROVIDE (__heap_start, .)

.eeprom         0x0000000000810000        0x0
 *(.eeprom*)
                0x0000000000810000                __eeprom_end = .

.fuse
 *(.fuse)
 *(.lfuse)
 *(.hfuse)
 *(.efuse)

.lock
 *(.lock*)

.signature
 *(.signature*)

.user_signatures
 *(.user_signatures*)

.stab
 *(.stab)

.stabstr
 *(.stabstr)

.stab.excl
 *(.stab.excl)

.stab.exclstr
 *(.stab.exclstr)

.stab.index
 *(.stab.index)

.stab.indexstr
 *(.stab.indexstr)

.comment        0x0000000000000000       0x30
 *(.comment)
 .comment       0x0000000000000000       0x30 lab6_code.o
                                         0x31 (size before relaxing)
 .comment       0x0000000000000030       0x31 hd44780.o
 .comment       0x0000000000000030       0x31 twi_master.o
 .comment       0x0000000000000030       0x31 lm73_functions.o
 .comment       0x0000000000000030       0x31 uart_functions.o
 .comment       0x0000000000000030       0x31 si4734.o

.note.gnu.avr.deviceinfo
                0x0000000000000000       0x3c
 .note.gnu.avr.deviceinfo
                0x0000000000000000       0x3c /home/matt/opt/avr8-gnu-toolchain-linux_x86_64/bin/../lib/gcc/avr/5.4.0/../../../../avr/lib/avr51/crtatmega128.o

.note.gnu.build-id
 *(.note.gnu.build-id)

.debug
 *(.debug)

.line
 *(.line)

.debug_srcinfo
 *(.debug_srcinfo)

.debug_sfnames
 *(.debug_sfnames)

.debug_aranges  0x0000000000000000       0xc8
 *(.debug_aranges)
 .debug_aranges
                0x0000000000000000       0x28 lab6_code.o
 .debug_aranges
                0x0000000000000028       0x20 hd44780.o
 .debug_aranges
                0x0000000000000048       0x20 twi_master.o
 .debug_aranges
                0x0000000000000068       0x20 lm73_functions.o
 .debug_aranges
                0x0000000000000088       0x20 uart_functions.o
 .debug_aranges
                0x00000000000000a8       0x20 si4734.o

.debug_pubnames
 *(.debug_pubnames)

.debug_info     0x0000000000000000     0x3a22
 *(.debug_info .gnu.linkonce.wi.*)
 .debug_info    0x0000000000000000      0x780 /home/matt/opt/avr8-gnu-toolchain-linux_x86_64/bin/../lib/gcc/avr/5.4.0/../../../../avr/lib/avr51/crtatmega128.o
 .debug_info    0x0000000000000780      0xfe0 lab6_code.o
 .debug_info    0x0000000000001760     0x1254 hd44780.o
 .debug_info    0x00000000000029b4      0x1de twi_master.o
 .debug_info    0x0000000000002b92      0x1ec lm73_functions.o
 .debug_info    0x0000000000002d7e      0x226 uart_functions.o
 .debug_info    0x0000000000002fa4      0xa7e si4734.o

.debug_abbrev   0x0000000000000000     0x132f
 *(.debug_abbrev)
 .debug_abbrev  0x0000000000000000      0x718 /home/matt/opt/avr8-gnu-toolchain-linux_x86_64/bin/../lib/gcc/avr/5.4.0/../../../../avr/lib/avr51/crtatmega128.o
 .debug_abbrev  0x0000000000000718      0x357 lab6_code.o
 .debug_abbrev  0x0000000000000a6f      0x30b hd44780.o
 .debug_abbrev  0x0000000000000d7a      0x101 twi_master.o
 .debug_abbrev  0x0000000000000e7b      0x160 lm73_functions.o
 .debug_abbrev  0x0000000000000fdb      0x16f uart_functions.o
 .debug_abbrev  0x000000000000114a      0x1e5 si4734.o

.debug_line     0x0000000000000000     0x1d57
 *(.debug_line .debug_line.* .debug_line_end)
 .debug_line    0x0000000000000000       0x1a /home/matt/opt/avr8-gnu-toolchain-linux_x86_64/bin/../lib/gcc/avr/5.4.0/../../../../avr/lib/avr51/crtatmega128.o
 .debug_line    0x000000000000001a      0xc77 lab6_code.o
 .debug_line    0x0000000000000c91      0x90b hd44780.o
 .debug_line    0x000000000000159c      0x199 twi_master.o
 .debug_line    0x0000000000001735       0xac lm73_functions.o
 .debug_line    0x00000000000017e1      0x141 uart_functions.o
 .debug_line    0x0000000000001922      0x435 si4734.o

.debug_frame    0x0000000000000000      0x610
 *(.debug_frame)
 .debug_frame   0x0000000000000000      0x1fc lab6_code.o
 .debug_frame   0x00000000000001fc      0x210 hd44780.o
 .debug_frame   0x000000000000040c       0x98 twi_master.o
 .debug_frame   0x00000000000004a4       0x24 lm73_functions.o
 .debug_frame   0x00000000000004c8       0x64 uart_functions.o
 .debug_frame   0x000000000000052c       0xe4 si4734.o

.debug_str      0x0000000000000000      0xbd9
 *(.debug_str)
 .debug_str     0x0000000000000000      0x27d /home/matt/opt/avr8-gnu-toolchain-linux_x86_64/bin/../lib/gcc/avr/5.4.0/../../../../avr/lib/avr51/crtatmega128.o
 .debug_str     0x000000000000027d      0x5a7 lab6_code.o
                                        0x62f (size before relaxing)
 .debug_str     0x0000000000000824      0x152 hd44780.o
                                        0x2fa (size before relaxing)
 .debug_str     0x0000000000000976       0x75 twi_master.o
                                        0x170 (size before relaxing)
 .debug_str     0x00000000000009eb       0x62 lm73_functions.o
                                        0x173 (size before relaxing)
 .debug_str     0x0000000000000a4d       0x57 uart_functions.o
                                        0x160 (size before relaxing)
 .debug_str     0x0000000000000aa4      0x135 si4734.o
                                        0x367 (size before relaxing)

.debug_loc      0x0000000000000000     0x2597
 *(.debug_loc)
 .debug_loc     0x0000000000000000      0x99a lab6_code.o
 .debug_loc     0x000000000000099a     0x1569 hd44780.o
 .debug_loc     0x0000000000001f03       0xd9 twi_master.o
 .debug_loc     0x0000000000001fdc       0xf3 lm73_functions.o
 .debug_loc     0x00000000000020cf      0x170 uart_functions.o
 .debug_loc     0x000000000000223f      0x358 si4734.o

.debug_macinfo
 *(.debug_macinfo)

.debug_weaknames
 *(.debug_weaknames)

.debug_funcnames
 *(.debug_funcnames)

.debug_typenames
 *(.debug_typenames)

.debug_varnames
 *(.debug_varnames)

.debug_pubtypes
 *(.debug_pubtypes)

.debug_ranges   0x0000000000000000      0x110
 *(.debug_ranges)
 .debug_ranges  0x0000000000000000       0x60 lab6_code.o
 .debug_ranges  0x0000000000000060       0x98 hd44780.o
 .debug_ranges  0x00000000000000f8       0x18 uart_functions.o

.debug_macro
 *(.debug_macro)
OUTPUT(lab6_code.elf elf32-avr)
LOAD linker stubs
