Archive member included to satisfy reference by file (symbol)

/home/matt/opt/avr8-gnu-toolchain-linux_x86_64/bin/../lib/gcc/avr/5.4.0/avr51/libgcc.a(_divmodhi4.o)
                              hd44780.o (__divmodhi4)
/home/matt/opt/avr8-gnu-toolchain-linux_x86_64/bin/../lib/gcc/avr/5.4.0/avr51/libgcc.a(_divmodsi4.o)
                              hd44780.o (__divmodsi4)
/home/matt/opt/avr8-gnu-toolchain-linux_x86_64/bin/../lib/gcc/avr/5.4.0/avr51/libgcc.a(_negsi2.o)
                              /home/matt/opt/avr8-gnu-toolchain-linux_x86_64/bin/../lib/gcc/avr/5.4.0/avr51/libgcc.a(_divmodsi4.o) (__negsi2)
/home/matt/opt/avr8-gnu-toolchain-linux_x86_64/bin/../lib/gcc/avr/5.4.0/avr51/libgcc.a(_exit.o)
                              /home/matt/opt/avr8-gnu-toolchain-linux_x86_64/bin/../lib/gcc/avr/5.4.0/../../../../avr/lib/avr51/crtatmega128.o (exit)
/home/matt/opt/avr8-gnu-toolchain-linux_x86_64/bin/../lib/gcc/avr/5.4.0/avr51/libgcc.a(_tablejump2.o)
                              twi_master.o (__tablejump2__)
/home/matt/opt/avr8-gnu-toolchain-linux_x86_64/bin/../lib/gcc/avr/5.4.0/avr51/libgcc.a(_copy_data.o)
                              lab6_code.o (__do_copy_data)
/home/matt/opt/avr8-gnu-toolchain-linux_x86_64/bin/../lib/gcc/avr/5.4.0/avr51/libgcc.a(_clear_bss.o)
                              lab6_code.o (__do_clear_bss)
/home/matt/opt/avr8-gnu-toolchain-linux_x86_64/bin/../lib/gcc/avr/5.4.0/avr51/libgcc.a(_umulhisi3.o)
                              lab6_code.o (__umulhisi3)
/home/matt/opt/avr8-gnu-toolchain-linux_x86_64/bin/../lib/gcc/avr/5.4.0/avr51/libgcc.a(_udivmodhi4.o)
                              /home/matt/opt/avr8-gnu-toolchain-linux_x86_64/bin/../lib/gcc/avr/5.4.0/avr51/libgcc.a(_divmodhi4.o) (__udivmodhi4)
/home/matt/opt/avr8-gnu-toolchain-linux_x86_64/bin/../lib/gcc/avr/5.4.0/avr51/libgcc.a(_udivmodsi4.o)
                              /home/matt/opt/avr8-gnu-toolchain-linux_x86_64/bin/../lib/gcc/avr/5.4.0/avr51/libgcc.a(_divmodsi4.o) (__udivmodsi4)
/home/matt/opt/avr8-gnu-toolchain-linux_x86_64/bin/../lib/gcc/avr/5.4.0/../../../../avr/lib/avr51/libc.a(itoa_ncheck.o)
                              lm73_functions.o (__itoa_ncheck)
/home/matt/opt/avr8-gnu-toolchain-linux_x86_64/bin/../lib/gcc/avr/5.4.0/../../../../avr/lib/avr51/libc.a(utoa_ncheck.o)
                              /home/matt/opt/avr8-gnu-toolchain-linux_x86_64/bin/../lib/gcc/avr/5.4.0/../../../../avr/lib/avr51/libc.a(itoa_ncheck.o) (__utoa_common)
/home/matt/opt/avr8-gnu-toolchain-linux_x86_64/bin/../lib/gcc/avr/5.4.0/../../../../avr/lib/avr51/libc.a(strrev.o)
                              /home/matt/opt/avr8-gnu-toolchain-linux_x86_64/bin/../lib/gcc/avr/5.4.0/../../../../avr/lib/avr51/libc.a(utoa_ncheck.o) (strrev)
/home/matt/opt/avr8-gnu-toolchain-linux_x86_64/bin/../lib/gcc/avr/5.4.0/../../../../avr/lib/avr51/libatmega128.a(eerd_byte.o)
                              si4734.o (eeprom_read_byte)
/home/matt/opt/avr8-gnu-toolchain-linux_x86_64/bin/../lib/gcc/avr/5.4.0/../../../../avr/lib/avr51/libatmega128.a(eerd_word.o)
                              si4734.o (eeprom_read_word)
/home/matt/opt/avr8-gnu-toolchain-linux_x86_64/bin/../lib/gcc/avr/5.4.0/../../../../avr/lib/avr51/libatmega128.a(eewr_byte.o)
                              si4734.o (eeprom_write_byte)
/home/matt/opt/avr8-gnu-toolchain-linux_x86_64/bin/../lib/gcc/avr/5.4.0/../../../../avr/lib/avr51/libatmega128.a(eewr_word.o)
                              si4734.o (eeprom_write_word)
/home/matt/opt/avr8-gnu-toolchain-linux_x86_64/bin/../lib/gcc/avr/5.4.0/../../../../avr/lib/avr51/libatmega128.a(eerd_block.o)
                              /home/matt/opt/avr8-gnu-toolchain-linux_x86_64/bin/../lib/gcc/avr/5.4.0/../../../../avr/lib/avr51/libatmega128.a(eerd_word.o) (eeprom_read_blraw)

Allocating common symbols
Common symbol       size              file

eeprom_volume       0x1               lab6_code.o
eeprom_fm_freq      0x2               lab6_code.o
uart_tx_buf         0x28              uart_functions.o
twi_state           0x1               twi_master.o
dec_to_7seg         0xc               lab6_code.o
twi_buf             0x2               twi_master.o
lcd_string_array    0x20              hd44780.o
si4734_wr_buf       0x9               si4734.o
lm73_wr_buf         0x2               lm73_functions.o
si4734_tune_status_buf
                    0x8               si4734.o
eeprom_am_freq      0x2               lab6_code.o
current_volume      0x1               lab6_code.o
si4734_revision_buf
                    0x10              si4734.o
twi_bus_addr        0x1               twi_master.o
lcd_str             0x10              hd44780.o
twi_msg_size        0x1               twi_master.o
current_am_freq     0x2               lab6_code.o
temp_digits         0x3               lab6_code.o
STC_interrupt       0x1               si4734.o
current_sw_freq     0x2               lab6_code.o
lm73_rd_buf         0x2               lm73_functions.o
uart_rx_buf         0x28              uart_functions.o
read_i2c_buffer     0x2               lab6_code.o
eeprom_sw_freq      0x2               lab6_code.o
si4734_rd_buf       0xf               si4734.o
segment_data        0x5               lab6_code.o

Memory Configuration

Name             Origin             Length             Attributes
text             0x0000000000000000 0x0000000000020000 xr
data             0x0000000000800100 0x000000000000ff00 rw !x
eeprom           0x0000000000810000 0x0000000000010000 rw !x
fuse             0x0000000000820000 0x0000000000000003 rw !x
lock             0x0000000000830000 0x0000000000000400 rw !x
signature        0x0000000000840000 0x0000000000000400 rw !x
user_signatures  0x0000000000850000 0x0000000000000400 rw !x
*default*        0x0000000000000000 0xffffffffffffffff

Linker script and memory map

Address of section .data set to 0x800100
LOAD /home/matt/opt/avr8-gnu-toolchain-linux_x86_64/bin/../lib/gcc/avr/5.4.0/../../../../avr/lib/avr51/crtatmega128.o
LOAD lab6_code.o
LOAD hd44780.o
LOAD twi_master.o
LOAD lm73_functions.o
LOAD uart_functions.o
LOAD si4734.o
START GROUP
LOAD /home/matt/opt/avr8-gnu-toolchain-linux_x86_64/bin/../lib/gcc/avr/5.4.0/avr51/libgcc.a
LOAD /home/matt/opt/avr8-gnu-toolchain-linux_x86_64/bin/../lib/gcc/avr/5.4.0/../../../../avr/lib/avr51/libm.a
LOAD /home/matt/opt/avr8-gnu-toolchain-linux_x86_64/bin/../lib/gcc/avr/5.4.0/../../../../avr/lib/avr51/libc.a
LOAD /home/matt/opt/avr8-gnu-toolchain-linux_x86_64/bin/../lib/gcc/avr/5.4.0/../../../../avr/lib/avr51/libatmega128.a
END GROUP
                0x0000000000020000                __TEXT_REGION_LENGTH__ = DEFINED (__TEXT_REGION_LENGTH__)?__TEXT_REGION_LENGTH__:0x20000
                0x000000000000ff00                __DATA_REGION_LENGTH__ = DEFINED (__DATA_REGION_LENGTH__)?__DATA_REGION_LENGTH__:0xff00
                0x0000000000010000                __EEPROM_REGION_LENGTH__ = DEFINED (__EEPROM_REGION_LENGTH__)?__EEPROM_REGION_LENGTH__:0x10000
                [0x0000000000000003]                __FUSE_REGION_LENGTH__ = DEFINED (__FUSE_REGION_LENGTH__)?__FUSE_REGION_LENGTH__:0x400
                0x0000000000000400                __LOCK_REGION_LENGTH__ = DEFINED (__LOCK_REGION_LENGTH__)?__LOCK_REGION_LENGTH__:0x400
                0x0000000000000400                __SIGNATURE_REGION_LENGTH__ = DEFINED (__SIGNATURE_REGION_LENGTH__)?__SIGNATURE_REGION_LENGTH__:0x400
                0x0000000000000400                __USER_SIGNATURE_REGION_LENGTH__ = DEFINED (__USER_SIGNATURE_REGION_LENGTH__)?__USER_SIGNATURE_REGION_LENGTH__:0x400

.hash
 *(.hash)

.dynsym
 *(.dynsym)

.dynstr
 *(.dynstr)

.gnu.version
 *(.gnu.version)

.gnu.version_d
 *(.gnu.version_d)

.gnu.version_r
 *(.gnu.version_r)

.rel.init
 *(.rel.init)

.rela.init
 *(.rela.init)

.rel.text
 *(.rel.text)
 *(.rel.text.*)
 *(.rel.gnu.linkonce.t*)

.rela.text
 *(.rela.text)
 *(.rela.text.*)
 *(.rela.gnu.linkonce.t*)

.rel.fini
 *(.rel.fini)

.rela.fini
 *(.rela.fini)

.rel.rodata
 *(.rel.rodata)
 *(.rel.rodata.*)
 *(.rel.gnu.linkonce.r*)

.rela.rodata
 *(.rela.rodata)
 *(.rela.rodata.*)
 *(.rela.gnu.linkonce.r*)

.rel.data
 *(.rel.data)
 *(.rel.data.*)
 *(.rel.gnu.linkonce.d*)

.rela.data
 *(.rela.data)
 *(.rela.data.*)
 *(.rela.gnu.linkonce.d*)

.rel.ctors
 *(.rel.ctors)

.rela.ctors
 *(.rela.ctors)

.rel.dtors
 *(.rel.dtors)

.rela.dtors
 *(.rela.dtors)

.rel.got
 *(.rel.got)

.rela.got
 *(.rela.got)

.rel.bss
 *(.rel.bss)

.rela.bss
 *(.rela.bss)

.rel.plt
 *(.rel.plt)

.rela.plt
 *(.rela.plt)

.text           0x0000000000000000     0x204c
 *(.vectors)
 .vectors       0x0000000000000000       0x8c /home/matt/opt/avr8-gnu-toolchain-linux_x86_64/bin/../lib/gcc/avr/5.4.0/../../../../avr/lib/avr51/crtatmega128.o
                0x0000000000000000                __vectors
                0x0000000000000000                __vector_default
 *(.vectors)
 *(.progmem.gcc*)
 .progmem.gcc_sw_table
                0x000000000000008c       0xa2 twi_master.o
                0x000000000000012e                . = ALIGN (0x2)
                0x000000000000012e                __trampolines_start = .
 *(.trampolines)
 .trampolines   0x000000000000012e        0x0 linker stubs
 *(.trampolines*)
                0x000000000000012e                __trampolines_end = .
 *libprintf_flt.a:*(.progmem.data)
 *libc.a:*(.progmem.data)
 *(.progmem*)
                0x000000000000012e                . = ALIGN (0x2)
 *(.jumptables)
 *(.jumptables*)
 *(.lowtext)
 *(.lowtext*)
                0x000000000000012e                __ctors_start = .
 *(.ctors)
                0x000000000000012e                __ctors_end = .
                0x000000000000012e                __dtors_start = .
 *(.dtors)
                0x000000000000012e                __dtors_end = .
 SORT(*)(.ctors)
 SORT(*)(.dtors)
 *(.init0)
 .init0         0x000000000000012e        0x0 /home/matt/opt/avr8-gnu-toolchain-linux_x86_64/bin/../lib/gcc/avr/5.4.0/../../../../avr/lib/avr51/crtatmega128.o
                0x000000000000012e                __init
 *(.init0)
 *(.init1)
 *(.init1)
 *(.init2)
 .init2         0x000000000000012e        0xc /home/matt/opt/avr8-gnu-toolchain-linux_x86_64/bin/../lib/gcc/avr/5.4.0/../../../../avr/lib/avr51/crtatmega128.o
 *(.init2)
 *(.init3)
 *(.init3)
 *(.init4)
 .init4         0x000000000000013a       0x1a /home/matt/opt/avr8-gnu-toolchain-linux_x86_64/bin/../lib/gcc/avr/5.4.0/avr51/libgcc.a(_copy_data.o)
                0x000000000000013a                __do_copy_data
 .init4         0x0000000000000154       0x10 /home/matt/opt/avr8-gnu-toolchain-linux_x86_64/bin/../lib/gcc/avr/5.4.0/avr51/libgcc.a(_clear_bss.o)
                0x0000000000000154                __do_clear_bss
 *(.init4)
 *(.init5)
 *(.init5)
 *(.init6)
 *(.init6)
 *(.init7)
 *(.init7)
 *(.init8)
 *(.init8)
 *(.init9)
 .init9         0x0000000000000164        0x8 /home/matt/opt/avr8-gnu-toolchain-linux_x86_64/bin/../lib/gcc/avr/5.4.0/../../../../avr/lib/avr51/crtatmega128.o
 *(.init9)
 *(.text)
 .text          0x000000000000016c        0x4 /home/matt/opt/avr8-gnu-toolchain-linux_x86_64/bin/../lib/gcc/avr/5.4.0/../../../../avr/lib/avr51/crtatmega128.o
                0x000000000000016c                __vector_22
                0x000000000000016c                __vector_28
                0x000000000000016c                __vector_1
                0x000000000000016c                __vector_32
                0x000000000000016c                __vector_34
                0x000000000000016c                __vector_24
                0x000000000000016c                __vector_12
                0x000000000000016c                __bad_interrupt
                0x000000000000016c                __vector_6
                0x000000000000016c                __vector_31
                0x000000000000016c                __vector_3
                0x000000000000016c                __vector_23
                0x000000000000016c                __vector_30
                0x000000000000016c                __vector_25
                0x000000000000016c                __vector_11
                0x000000000000016c                __vector_13
                0x000000000000016c                __vector_17
                0x000000000000016c                __vector_19
                0x000000000000016c                __vector_7
                0x000000000000016c                __vector_27
                0x000000000000016c                __vector_5
                0x000000000000016c                __vector_4
                0x000000000000016c                __vector_9
                0x000000000000016c                __vector_2
                0x000000000000016c                __vector_15
                0x000000000000016c                __vector_29
                0x000000000000016c                __vector_8
                0x000000000000016c                __vector_26
                0x000000000000016c                __vector_10
                0x000000000000016c                __vector_18
                0x000000000000016c                __vector_20
 .text          0x0000000000000170      0xb1c lab6_code.o
                0x0000000000000170                real_time
                0x0000000000000192                initialization
                0x00000000000001f2                radio_init
                0x0000000000000240                init_lm73_sensor
                0x0000000000000250                chk_buttons
                0x0000000000000294                segsum_freq
                0x00000000000003e8                segsum
                0x000000000000045a                seven_seg_encoding
                0x000000000000046e                encoder_process
                0x000000000000069e                button_encoder_read
                0x00000000000009aa                clock_count
                0x0000000000000b0e                set_LCD
                0x0000000000000b62                set_LCD_temp
                0x0000000000000b72                read_lm73_sensor
                0x0000000000000b90                uart_send_read
                0x0000000000000bf6                __vector_16
                0x0000000000000c1e                __vector_14
                0x0000000000000c68                __vector_21
 .text          0x0000000000000c8c      0x976 hd44780.o
                0x0000000000000c8c                send_lcd
                0x0000000000000cb6                refresh_lcd
                0x0000000000000d7c                set_custom_character
                0x0000000000000de8                set_cursor
                0x0000000000000e14                uint2lcd
                0x0000000000000ee8                int2lcd
                0x0000000000000f20                cursor_on
                0x0000000000000f44                cursor_off
                0x0000000000000f68                shift_right
                0x0000000000000f8c                shift_left
                0x0000000000000fb0                strobe_lcd
                0x0000000000000fc2                clear_display
                0x0000000000000ff2                cursor_home
                0x0000000000001022                line2_col1
                0x0000000000001046                line1_col1
                0x000000000000106a                fill_spaces
                0x000000000000109e                char2lcd
                0x00000000000010c2                string2lcd
                0x000000000000111c                lcd_init
                0x00000000000012a0                lcd_int32
                0x000000000000144c                lcd_int16
 .text          0x0000000000001602      0x17c twi_master.o
                0x0000000000001602                __vector_33
                0x0000000000001720                twi_busy
                0x0000000000001728                twi_start_wr
                0x000000000000174a                twi_start_rd
                0x000000000000176c                init_twi
 .text          0x000000000000177e       0x3e lm73_functions.o
                0x000000000000177e                lm73_temp_convert
 .text          0x00000000000017bc       0x7e uart_functions.o
                0x00000000000017bc                uart_putc
                0x00000000000017c8                uart_puts
                0x00000000000017e4                uart_puts_p
                0x000000000000180a                uart_init
                0x0000000000001824                uart_getc
 .text          0x000000000000183a      0x394 si4734.o
                0x000000000000183a                get_int_status
                0x000000000000187a                fm_tune_freq
                0x00000000000018b2                am_tune_freq
                0x00000000000018ee                sw_tune_freq
                0x0000000000001928                radio_pwr_dwn
                0x000000000000199c                fm_rsq_status
                0x00000000000019de                fm_tune_status
                0x0000000000001a20                am_tune_status
                0x0000000000001a58                am_rsq_status
                0x0000000000001a90                set_property
                0x0000000000001aba                fm_pwr_up
                0x0000000000001b0e                am_pwr_up
                0x0000000000001b62                sw_pwr_up
 .text          0x0000000000001bce        0x0 /home/matt/opt/avr8-gnu-toolchain-linux_x86_64/bin/../lib/gcc/avr/5.4.0/avr51/libgcc.a(_divmodhi4.o)
 .text          0x0000000000001bce        0x0 /home/matt/opt/avr8-gnu-toolchain-linux_x86_64/bin/../lib/gcc/avr/5.4.0/avr51/libgcc.a(_divmodsi4.o)
 .text          0x0000000000001bce        0x0 /home/matt/opt/avr8-gnu-toolchain-linux_x86_64/bin/../lib/gcc/avr/5.4.0/avr51/libgcc.a(_negsi2.o)
 .text          0x0000000000001bce        0x0 /home/matt/opt/avr8-gnu-toolchain-linux_x86_64/bin/../lib/gcc/avr/5.4.0/avr51/libgcc.a(_exit.o)
 .text          0x0000000000001bce        0x0 /home/matt/opt/avr8-gnu-toolchain-linux_x86_64/bin/../lib/gcc/avr/5.4.0/avr51/libgcc.a(_tablejump2.o)
 .text          0x0000000000001bce        0x0 /home/matt/opt/avr8-gnu-toolchain-linux_x86_64/bin/../lib/gcc/avr/5.4.0/avr51/libgcc.a(_copy_data.o)
 .text          0x0000000000001bce        0x0 /home/matt/opt/avr8-gnu-toolchain-linux_x86_64/bin/../lib/gcc/avr/5.4.0/avr51/libgcc.a(_clear_bss.o)
 .text          0x0000000000001bce        0x0 /home/matt/opt/avr8-gnu-toolchain-linux_x86_64/bin/../lib/gcc/avr/5.4.0/avr51/libgcc.a(_umulhisi3.o)
 .text          0x0000000000001bce        0x0 /home/matt/opt/avr8-gnu-toolchain-linux_x86_64/bin/../lib/gcc/avr/5.4.0/avr51/libgcc.a(_udivmodhi4.o)
 .text          0x0000000000001bce        0x0 /home/matt/opt/avr8-gnu-toolchain-linux_x86_64/bin/../lib/gcc/avr/5.4.0/avr51/libgcc.a(_udivmodsi4.o)
 .text          0x0000000000001bce        0x0 /home/matt/opt/avr8-gnu-toolchain-linux_x86_64/bin/../lib/gcc/avr/5.4.0/../../../../avr/lib/avr51/libc.a(itoa_ncheck.o)
 .text          0x0000000000001bce        0x0 /home/matt/opt/avr8-gnu-toolchain-linux_x86_64/bin/../lib/gcc/avr/5.4.0/../../../../avr/lib/avr51/libc.a(utoa_ncheck.o)
 .text          0x0000000000001bce        0x0 /home/matt/opt/avr8-gnu-toolchain-linux_x86_64/bin/../lib/gcc/avr/5.4.0/../../../../avr/lib/avr51/libc.a(strrev.o)
 .text          0x0000000000001bce        0x0 /home/matt/opt/avr8-gnu-toolchain-linux_x86_64/bin/../lib/gcc/avr/5.4.0/../../../../avr/lib/avr51/libatmega128.a(eerd_byte.o)
 .text          0x0000000000001bce        0x0 /home/matt/opt/avr8-gnu-toolchain-linux_x86_64/bin/../lib/gcc/avr/5.4.0/../../../../avr/lib/avr51/libatmega128.a(eerd_word.o)
 .text          0x0000000000001bce        0x0 /home/matt/opt/avr8-gnu-toolchain-linux_x86_64/bin/../lib/gcc/avr/5.4.0/../../../../avr/lib/avr51/libatmega128.a(eewr_byte.o)
 .text          0x0000000000001bce        0x0 /home/matt/opt/avr8-gnu-toolchain-linux_x86_64/bin/../lib/gcc/avr/5.4.0/../../../../avr/lib/avr51/libatmega128.a(eewr_word.o)
 .text          0x0000000000001bce        0x0 /home/matt/opt/avr8-gnu-toolchain-linux_x86_64/bin/../lib/gcc/avr/5.4.0/../../../../avr/lib/avr51/libatmega128.a(eerd_block.o)
                0x0000000000001bce                . = ALIGN (0x2)
 *(.text.*)
 .text.startup  0x0000000000001bce      0x2ae lab6_code.o
                0x0000000000001bce                main
 .text.libgcc.mul
                0x0000000000001e7c        0x0 /home/matt/opt/avr8-gnu-toolchain-linux_x86_64/bin/../lib/gcc/avr/5.4.0/avr51/libgcc.a(_divmodhi4.o)
 .text.libgcc.div
                0x0000000000001e7c       0x28 /home/matt/opt/avr8-gnu-toolchain-linux_x86_64/bin/../lib/gcc/avr/5.4.0/avr51/libgcc.a(_divmodhi4.o)
                0x0000000000001e7c                __divmodhi4
                0x0000000000001e7c                _div
 .text.libgcc   0x0000000000001ea4        0x0 /home/matt/opt/avr8-gnu-toolchain-linux_x86_64/bin/../lib/gcc/avr/5.4.0/avr51/libgcc.a(_divmodhi4.o)
 .text.libgcc.prologue
                0x0000000000001ea4        0x0 /home/matt/opt/avr8-gnu-toolchain-linux_x86_64/bin/../lib/gcc/avr/5.4.0/avr51/libgcc.a(_divmodhi4.o)
 .text.libgcc.builtins
                0x0000000000001ea4        0x0 /home/matt/opt/avr8-gnu-toolchain-linux_x86_64/bin/../lib/gcc/avr/5.4.0/avr51/libgcc.a(_divmodhi4.o)
 .text.libgcc.fmul
                0x0000000000001ea4        0x0 /home/matt/opt/avr8-gnu-toolchain-linux_x86_64/bin/../lib/gcc/avr/5.4.0/avr51/libgcc.a(_divmodhi4.o)
 .text.libgcc.fixed
                0x0000000000001ea4        0x0 /home/matt/opt/avr8-gnu-toolchain-linux_x86_64/bin/../lib/gcc/avr/5.4.0/avr51/libgcc.a(_divmodhi4.o)
 .text.libgcc.mul
                0x0000000000001ea4        0x0 /home/matt/opt/avr8-gnu-toolchain-linux_x86_64/bin/../lib/gcc/avr/5.4.0/avr51/libgcc.a(_divmodsi4.o)
 .text.libgcc.div
                0x0000000000001ea4       0x2e /home/matt/opt/avr8-gnu-toolchain-linux_x86_64/bin/../lib/gcc/avr/5.4.0/avr51/libgcc.a(_divmodsi4.o)
                0x0000000000001ea4                __divmodsi4
 .text.libgcc   0x0000000000001ed2        0x0 /home/matt/opt/avr8-gnu-toolchain-linux_x86_64/bin/../lib/gcc/avr/5.4.0/avr51/libgcc.a(_divmodsi4.o)
 .text.libgcc.prologue
                0x0000000000001ed2        0x0 /home/matt/opt/avr8-gnu-toolchain-linux_x86_64/bin/../lib/gcc/avr/5.4.0/avr51/libgcc.a(_divmodsi4.o)
 .text.libgcc.builtins
                0x0000000000001ed2        0x0 /home/matt/opt/avr8-gnu-toolchain-linux_x86_64/bin/../lib/gcc/avr/5.4.0/avr51/libgcc.a(_divmodsi4.o)
 .text.libgcc.fmul
                0x0000000000001ed2        0x0 /home/matt/opt/avr8-gnu-toolchain-linux_x86_64/bin/../lib/gcc/avr/5.4.0/avr51/libgcc.a(_divmodsi4.o)
 .text.libgcc.fixed
                0x0000000000001ed2        0x0 /home/matt/opt/avr8-gnu-toolchain-linux_x86_64/bin/../lib/gcc/avr/5.4.0/avr51/libgcc.a(_divmodsi4.o)
 .text.libgcc.mul
                0x0000000000001ed2        0x0 /home/matt/opt/avr8-gnu-toolchain-linux_x86_64/bin/../lib/gcc/avr/5.4.0/avr51/libgcc.a(_negsi2.o)
 .text.libgcc.div
                0x0000000000001ed2       0x10 /home/matt/opt/avr8-gnu-toolchain-linux_x86_64/bin/../lib/gcc/avr/5.4.0/avr51/libgcc.a(_negsi2.o)
                0x0000000000001ed2                __negsi2
 .text.libgcc   0x0000000000001ee2        0x0 /home/matt/opt/avr8-gnu-toolchain-linux_x86_64/bin/../lib/gcc/avr/5.4.0/avr51/libgcc.a(_negsi2.o)
 .text.libgcc.prologue
                0x0000000000001ee2        0x0 /home/matt/opt/avr8-gnu-toolchain-linux_x86_64/bin/../lib/gcc/avr/5.4.0/avr51/libgcc.a(_negsi2.o)
 .text.libgcc.builtins
                0x0000000000001ee2        0x0 /home/matt/opt/avr8-gnu-toolchain-linux_x86_64/bin/../lib/gcc/avr/5.4.0/avr51/libgcc.a(_negsi2.o)
 .text.libgcc.fmul
                0x0000000000001ee2        0x0 /home/matt/opt/avr8-gnu-toolchain-linux_x86_64/bin/../lib/gcc/avr/5.4.0/avr51/libgcc.a(_negsi2.o)
 .text.libgcc.fixed
                0x0000000000001ee2        0x0 /home/matt/opt/avr8-gnu-toolchain-linux_x86_64/bin/../lib/gcc/avr/5.4.0/avr51/libgcc.a(_negsi2.o)
 .text.libgcc.mul
                0x0000000000001ee2        0x0 /home/matt/opt/avr8-gnu-toolchain-linux_x86_64/bin/../lib/gcc/avr/5.4.0/avr51/libgcc.a(_exit.o)
 .text.libgcc.div
                0x0000000000001ee2        0x0 /home/matt/opt/avr8-gnu-toolchain-linux_x86_64/bin/../lib/gcc/avr/5.4.0/avr51/libgcc.a(_exit.o)
 .text.libgcc   0x0000000000001ee2        0x0 /home/matt/opt/avr8-gnu-toolchain-linux_x86_64/bin/../lib/gcc/avr/5.4.0/avr51/libgcc.a(_exit.o)
 .text.libgcc.prologue
                0x0000000000001ee2        0x0 /home/matt/opt/avr8-gnu-toolchain-linux_x86_64/bin/../lib/gcc/avr/5.4.0/avr51/libgcc.a(_exit.o)
 .text.libgcc.builtins
                0x0000000000001ee2        0x0 /home/matt/opt/avr8-gnu-toolchain-linux_x86_64/bin/../lib/gcc/avr/5.4.0/avr51/libgcc.a(_exit.o)
 .text.libgcc.fmul
                0x0000000000001ee2        0x0 /home/matt/opt/avr8-gnu-toolchain-linux_x86_64/bin/../lib/gcc/avr/5.4.0/avr51/libgcc.a(_exit.o)
 .text.libgcc.fixed
                0x0000000000001ee2        0x0 /home/matt/opt/avr8-gnu-toolchain-linux_x86_64/bin/../lib/gcc/avr/5.4.0/avr51/libgcc.a(_exit.o)
 .text.libgcc.mul
                0x0000000000001ee2        0x0 /home/matt/opt/avr8-gnu-toolchain-linux_x86_64/bin/../lib/gcc/avr/5.4.0/avr51/libgcc.a(_tablejump2.o)
 .text.libgcc.div
                0x0000000000001ee2        0x0 /home/matt/opt/avr8-gnu-toolchain-linux_x86_64/bin/../lib/gcc/avr/5.4.0/avr51/libgcc.a(_tablejump2.o)
 .text.libgcc   0x0000000000001ee2       0x12 /home/matt/opt/avr8-gnu-toolchain-linux_x86_64/bin/../lib/gcc/avr/5.4.0/avr51/libgcc.a(_tablejump2.o)
                0x0000000000001ee2                __tablejump2__
 .text.libgcc.prologue
                0x0000000000001ef4        0x0 /home/matt/opt/avr8-gnu-toolchain-linux_x86_64/bin/../lib/gcc/avr/5.4.0/avr51/libgcc.a(_tablejump2.o)
 .text.libgcc.builtins
                0x0000000000001ef4        0x0 /home/matt/opt/avr8-gnu-toolchain-linux_x86_64/bin/../lib/gcc/avr/5.4.0/avr51/libgcc.a(_tablejump2.o)
 .text.libgcc.fmul
                0x0000000000001ef4        0x0 /home/matt/opt/avr8-gnu-toolchain-linux_x86_64/bin/../lib/gcc/avr/5.4.0/avr51/libgcc.a(_tablejump2.o)
 .text.libgcc.fixed
                0x0000000000001ef4        0x0 /home/matt/opt/avr8-gnu-toolchain-linux_x86_64/bin/../lib/gcc/avr/5.4.0/avr51/libgcc.a(_tablejump2.o)
 .text.libgcc.mul
                0x0000000000001ef4        0x0 /home/matt/opt/avr8-gnu-toolchain-linux_x86_64/bin/../lib/gcc/avr/5.4.0/avr51/libgcc.a(_copy_data.o)
 .text.libgcc.div
                0x0000000000001ef4        0x0 /home/matt/opt/avr8-gnu-toolchain-linux_x86_64/bin/../lib/gcc/avr/5.4.0/avr51/libgcc.a(_copy_data.o)
 .text.libgcc   0x0000000000001ef4        0x0 /home/matt/opt/avr8-gnu-toolchain-linux_x86_64/bin/../lib/gcc/avr/5.4.0/avr51/libgcc.a(_copy_data.o)
 .text.libgcc.prologue
                0x0000000000001ef4        0x0 /home/matt/opt/avr8-gnu-toolchain-linux_x86_64/bin/../lib/gcc/avr/5.4.0/avr51/libgcc.a(_copy_data.o)
 .text.libgcc.builtins
                0x0000000000001ef4        0x0 /home/matt/opt/avr8-gnu-toolchain-linux_x86_64/bin/../lib/gcc/avr/5.4.0/avr51/libgcc.a(_copy_data.o)
 .text.libgcc.fmul
                0x0000000000001ef4        0x0 /home/matt/opt/avr8-gnu-toolchain-linux_x86_64/bin/../lib/gcc/avr/5.4.0/avr51/libgcc.a(_copy_data.o)
 .text.libgcc.fixed
                0x0000000000001ef4        0x0 /home/matt/opt/avr8-gnu-toolchain-linux_x86_64/bin/../lib/gcc/avr/5.4.0/avr51/libgcc.a(_copy_data.o)
 .text.libgcc.mul
                0x0000000000001ef4        0x0 /home/matt/opt/avr8-gnu-toolchain-linux_x86_64/bin/../lib/gcc/avr/5.4.0/avr51/libgcc.a(_clear_bss.o)
 .text.libgcc.div
                0x0000000000001ef4        0x0 /home/matt/opt/avr8-gnu-toolchain-linux_x86_64/bin/../lib/gcc/avr/5.4.0/avr51/libgcc.a(_clear_bss.o)
 .text.libgcc   0x0000000000001ef4        0x0 /home/matt/opt/avr8-gnu-toolchain-linux_x86_64/bin/../lib/gcc/avr/5.4.0/avr51/libgcc.a(_clear_bss.o)
 .text.libgcc.prologue
                0x0000000000001ef4        0x0 /home/matt/opt/avr8-gnu-toolchain-linux_x86_64/bin/../lib/gcc/avr/5.4.0/avr51/libgcc.a(_clear_bss.o)
 .text.libgcc.builtins
                0x0000000000001ef4        0x0 /home/matt/opt/avr8-gnu-toolchain-linux_x86_64/bin/../lib/gcc/avr/5.4.0/avr51/libgcc.a(_clear_bss.o)
 .text.libgcc.fmul
                0x0000000000001ef4        0x0 /home/matt/opt/avr8-gnu-toolchain-linux_x86_64/bin/../lib/gcc/avr/5.4.0/avr51/libgcc.a(_clear_bss.o)
 .text.libgcc.fixed
                0x0000000000001ef4        0x0 /home/matt/opt/avr8-gnu-toolchain-linux_x86_64/bin/../lib/gcc/avr/5.4.0/avr51/libgcc.a(_clear_bss.o)
 .text.libgcc.mul
                0x0000000000001ef4       0x1e /home/matt/opt/avr8-gnu-toolchain-linux_x86_64/bin/../lib/gcc/avr/5.4.0/avr51/libgcc.a(_umulhisi3.o)
                0x0000000000001ef4                __umulhisi3
 .text.libgcc.div
                0x0000000000001f12        0x0 /home/matt/opt/avr8-gnu-toolchain-linux_x86_64/bin/../lib/gcc/avr/5.4.0/avr51/libgcc.a(_umulhisi3.o)
 .text.libgcc   0x0000000000001f12        0x0 /home/matt/opt/avr8-gnu-toolchain-linux_x86_64/bin/../lib/gcc/avr/5.4.0/avr51/libgcc.a(_umulhisi3.o)
 .text.libgcc.prologue
                0x0000000000001f12        0x0 /home/matt/opt/avr8-gnu-toolchain-linux_x86_64/bin/../lib/gcc/avr/5.4.0/avr51/libgcc.a(_umulhisi3.o)
 .text.libgcc.builtins
                0x0000000000001f12        0x0 /home/matt/opt/avr8-gnu-toolchain-linux_x86_64/bin/../lib/gcc/avr/5.4.0/avr51/libgcc.a(_umulhisi3.o)
 .text.libgcc.fmul
                0x0000000000001f12        0x0 /home/matt/opt/avr8-gnu-toolchain-linux_x86_64/bin/../lib/gcc/avr/5.4.0/avr51/libgcc.a(_umulhisi3.o)
 .text.libgcc.fixed
                0x0000000000001f12        0x0 /home/matt/opt/avr8-gnu-toolchain-linux_x86_64/bin/../lib/gcc/avr/5.4.0/avr51/libgcc.a(_umulhisi3.o)
 .text.libgcc.mul
                0x0000000000001f12        0x0 /home/matt/opt/avr8-gnu-toolchain-linux_x86_64/bin/../lib/gcc/avr/5.4.0/avr51/libgcc.a(_udivmodhi4.o)
 .text.libgcc.div
                0x0000000000001f12       0x28 /home/matt/opt/avr8-gnu-toolchain-linux_x86_64/bin/../lib/gcc/avr/5.4.0/avr51/libgcc.a(_udivmodhi4.o)
                0x0000000000001f12                __udivmodhi4
 .text.libgcc   0x0000000000001f3a        0x0 /home/matt/opt/avr8-gnu-toolchain-linux_x86_64/bin/../lib/gcc/avr/5.4.0/avr51/libgcc.a(_udivmodhi4.o)
 .text.libgcc.prologue
                0x0000000000001f3a        0x0 /home/matt/opt/avr8-gnu-toolchain-linux_x86_64/bin/../lib/gcc/avr/5.4.0/avr51/libgcc.a(_udivmodhi4.o)
 .text.libgcc.builtins
                0x0000000000001f3a        0x0 /home/matt/opt/avr8-gnu-toolchain-linux_x86_64/bin/../lib/gcc/avr/5.4.0/avr51/libgcc.a(_udivmodhi4.o)
 .text.libgcc.fmul
                0x0000000000001f3a        0x0 /home/matt/opt/avr8-gnu-toolchain-linux_x86_64/bin/../lib/gcc/avr/5.4.0/avr51/libgcc.a(_udivmodhi4.o)
 .text.libgcc.fixed
                0x0000000000001f3a        0x0 /home/matt/opt/avr8-gnu-toolchain-linux_x86_64/bin/../lib/gcc/avr/5.4.0/avr51/libgcc.a(_udivmodhi4.o)
 .text.libgcc.mul
                0x0000000000001f3a        0x0 /home/matt/opt/avr8-gnu-toolchain-linux_x86_64/bin/../lib/gcc/avr/5.4.0/avr51/libgcc.a(_udivmodsi4.o)
 .text.libgcc.div
                0x0000000000001f3a       0x44 /home/matt/opt/avr8-gnu-toolchain-linux_x86_64/bin/../lib/gcc/avr/5.4.0/avr51/libgcc.a(_udivmodsi4.o)
                0x0000000000001f3a                __udivmodsi4
 .text.libgcc   0x0000000000001f7e        0x0 /home/matt/opt/avr8-gnu-toolchain-linux_x86_64/bin/../lib/gcc/avr/5.4.0/avr51/libgcc.a(_udivmodsi4.o)
 .text.libgcc.prologue
                0x0000000000001f7e        0x0 /home/matt/opt/avr8-gnu-toolchain-linux_x86_64/bin/../lib/gcc/avr/5.4.0/avr51/libgcc.a(_udivmodsi4.o)
 .text.libgcc.builtins
                0x0000000000001f7e        0x0 /home/matt/opt/avr8-gnu-toolchain-linux_x86_64/bin/../lib/gcc/avr/5.4.0/avr51/libgcc.a(_udivmodsi4.o)
 .text.libgcc.fmul
                0x0000000000001f7e        0x0 /home/matt/opt/avr8-gnu-toolchain-linux_x86_64/bin/../lib/gcc/avr/5.4.0/avr51/libgcc.a(_udivmodsi4.o)
 .text.libgcc.fixed
                0x0000000000001f7e        0x0 /home/matt/opt/avr8-gnu-toolchain-linux_x86_64/bin/../lib/gcc/avr/5.4.0/avr51/libgcc.a(_udivmodsi4.o)
 .text.avr-libc
                0x0000000000001f7e       0x16 /home/matt/opt/avr8-gnu-toolchain-linux_x86_64/bin/../lib/gcc/avr/5.4.0/../../../../avr/lib/avr51/libc.a(itoa_ncheck.o)
                0x0000000000001f7e                __itoa_ncheck
 .text.avr-libc
                0x0000000000001f94       0x34 /home/matt/opt/avr8-gnu-toolchain-linux_x86_64/bin/../lib/gcc/avr/5.4.0/../../../../avr/lib/avr51/libc.a(utoa_ncheck.o)
                0x0000000000001f94                __utoa_ncheck
                0x0000000000001f96                __utoa_common
 .text.avr-libc
                0x0000000000001fc8       0x20 /home/matt/opt/avr8-gnu-toolchain-linux_x86_64/bin/../lib/gcc/avr/5.4.0/../../../../avr/lib/avr51/libc.a(strrev.o)
                0x0000000000001fc8                strrev
 .text.avr-libc
                0x0000000000001fe8       0x10 /home/matt/opt/avr8-gnu-toolchain-linux_x86_64/bin/../lib/gcc/avr/5.4.0/../../../../avr/lib/avr51/libatmega128.a(eerd_byte.o)
                0x0000000000001fe8                eeprom_read_byte
 .text.avr-libc
                0x0000000000001ff8        0xc /home/matt/opt/avr8-gnu-toolchain-linux_x86_64/bin/../lib/gcc/avr/5.4.0/../../../../avr/lib/avr51/libatmega128.a(eerd_word.o)
                0x0000000000001ff8                eeprom_read_word
 .text.avr-libc
                0x0000000000002004       0x1a /home/matt/opt/avr8-gnu-toolchain-linux_x86_64/bin/../lib/gcc/avr/5.4.0/../../../../avr/lib/avr51/libatmega128.a(eewr_byte.o)
                0x0000000000002004                eeprom_write_byte
                0x0000000000002006                eeprom_write_r18
 .text.avr-libc
                0x000000000000201e        0xa /home/matt/opt/avr8-gnu-toolchain-linux_x86_64/bin/../lib/gcc/avr/5.4.0/../../../../avr/lib/avr51/libatmega128.a(eewr_word.o)
                0x000000000000201e                eeprom_write_word
 .text.avr-libc
                0x0000000000002028       0x20 /home/matt/opt/avr8-gnu-toolchain-linux_x86_64/bin/../lib/gcc/avr/5.4.0/../../../../avr/lib/avr51/libatmega128.a(eerd_block.o)
                0x0000000000002028                eeprom_read_block
                0x000000000000202c                eeprom_read_blraw
                0x0000000000002048                . = ALIGN (0x2)
 *(.fini9)
 .fini9         0x0000000000002048        0x0 /home/matt/opt/avr8-gnu-toolchain-linux_x86_64/bin/../lib/gcc/avr/5.4.0/avr51/libgcc.a(_exit.o)
                0x0000000000002048                exit
                0x0000000000002048                _exit
 *(.fini9)
 *(.fini8)
 *(.fini8)
 *(.fini7)
 *(.fini7)
 *(.fini6)
 *(.fini6)
 *(.fini5)
 *(.fini5)
 *(.fini4)
 *(.fini4)
 *(.fini3)
 *(.fini3)
 *(.fini2)
 *(.fini2)
 *(.fini1)
 *(.fini1)
 *(.fini0)
 .fini0         0x0000000000002048        0x4 /home/matt/opt/avr8-gnu-toolchain-linux_x86_64/bin/../lib/gcc/avr/5.4.0/avr51/libgcc.a(_exit.o)
 *(.fini0)
                0x000000000000204c                _etext = .

.data           0x0000000000800100       0x4e load address 0x000000000000204c
                0x0000000000800100                PROVIDE (__data_start, .)
 *(.data)
 .data          0x0000000000800100        0x0 /home/matt/opt/avr8-gnu-toolchain-linux_x86_64/bin/../lib/gcc/avr/5.4.0/../../../../avr/lib/avr51/crtatmega128.o
 .data          0x0000000000800100        0x6 lab6_code.o
                0x0000000000800100                current_fm_freq
                0x0000000000800102                f_not_c
                0x0000000000800103                temp_string
                0x0000000000800105                temp_read_flag
 .data          0x0000000000800106        0x0 hd44780.o
 .data          0x0000000000800106        0x0 twi_master.o
 .data          0x0000000000800106        0x0 lm73_functions.o
 .data          0x0000000000800106        0x0 uart_functions.o
 .data          0x0000000000800106        0x0 si4734.o
 .data          0x0000000000800106        0x0 /home/matt/opt/avr8-gnu-toolchain-linux_x86_64/bin/../lib/gcc/avr/5.4.0/avr51/libgcc.a(_divmodhi4.o)
 .data          0x0000000000800106        0x0 /home/matt/opt/avr8-gnu-toolchain-linux_x86_64/bin/../lib/gcc/avr/5.4.0/avr51/libgcc.a(_divmodsi4.o)
 .data          0x0000000000800106        0x0 /home/matt/opt/avr8-gnu-toolchain-linux_x86_64/bin/../lib/gcc/avr/5.4.0/avr51/libgcc.a(_negsi2.o)
 .data          0x0000000000800106        0x0 /home/matt/opt/avr8-gnu-toolchain-linux_x86_64/bin/../lib/gcc/avr/5.4.0/avr51/libgcc.a(_exit.o)
 .data          0x0000000000800106        0x0 /home/matt/opt/avr8-gnu-toolchain-linux_x86_64/bin/../lib/gcc/avr/5.4.0/avr51/libgcc.a(_tablejump2.o)
 .data          0x0000000000800106        0x0 /home/matt/opt/avr8-gnu-toolchain-linux_x86_64/bin/../lib/gcc/avr/5.4.0/avr51/libgcc.a(_copy_data.o)
 .data          0x0000000000800106        0x0 /home/matt/opt/avr8-gnu-toolchain-linux_x86_64/bin/../lib/gcc/avr/5.4.0/avr51/libgcc.a(_clear_bss.o)
 .data          0x0000000000800106        0x0 /home/matt/opt/avr8-gnu-toolchain-linux_x86_64/bin/../lib/gcc/avr/5.4.0/avr51/libgcc.a(_umulhisi3.o)
 .data          0x0000000000800106        0x0 /home/matt/opt/avr8-gnu-toolchain-linux_x86_64/bin/../lib/gcc/avr/5.4.0/avr51/libgcc.a(_udivmodhi4.o)
 .data          0x0000000000800106        0x0 /home/matt/opt/avr8-gnu-toolchain-linux_x86_64/bin/../lib/gcc/avr/5.4.0/avr51/libgcc.a(_udivmodsi4.o)
 .data          0x0000000000800106        0x0 /home/matt/opt/avr8-gnu-toolchain-linux_x86_64/bin/../lib/gcc/avr/5.4.0/../../../../avr/lib/avr51/libc.a(itoa_ncheck.o)
 .data          0x0000000000800106        0x0 /home/matt/opt/avr8-gnu-toolchain-linux_x86_64/bin/../lib/gcc/avr/5.4.0/../../../../avr/lib/avr51/libc.a(utoa_ncheck.o)
 .data          0x0000000000800106        0x0 /home/matt/opt/avr8-gnu-toolchain-linux_x86_64/bin/../lib/gcc/avr/5.4.0/../../../../avr/lib/avr51/libc.a(strrev.o)
 .data          0x0000000000800106        0x0 /home/matt/opt/avr8-gnu-toolchain-linux_x86_64/bin/../lib/gcc/avr/5.4.0/../../../../avr/lib/avr51/libatmega128.a(eerd_byte.o)
 .data          0x0000000000800106        0x0 /home/matt/opt/avr8-gnu-toolchain-linux_x86_64/bin/../lib/gcc/avr/5.4.0/../../../../avr/lib/avr51/libatmega128.a(eerd_word.o)
 .data          0x0000000000800106        0x0 /home/matt/opt/avr8-gnu-toolchain-linux_x86_64/bin/../lib/gcc/avr/5.4.0/../../../../avr/lib/avr51/libatmega128.a(eewr_byte.o)
 .data          0x0000000000800106        0x0 /home/matt/opt/avr8-gnu-toolchain-linux_x86_64/bin/../lib/gcc/avr/5.4.0/../../../../avr/lib/avr51/libatmega128.a(eewr_word.o)
 .data          0x0000000000800106        0x0 /home/matt/opt/avr8-gnu-toolchain-linux_x86_64/bin/../lib/gcc/avr/5.4.0/../../../../avr/lib/avr51/libatmega128.a(eerd_block.o)
 *(.data*)
 *(.gnu.linkonce.d*)
 *(.rodata)
 .rodata        0x0000000000800106       0x11 lab6_code.o
 *(.rodata*)
 .rodata.str1.1
                0x0000000000800117       0x36 lab6_code.o
 *(.gnu.linkonce.r*)
                0x000000000080014e                . = ALIGN (0x2)
 *fill*         0x000000000080014d        0x1 
                0x000000000080014e                _edata = .
                0x000000000080014e                PROVIDE (__data_end, .)

.bss            0x000000000080014e      0x10f
                0x000000000080014e                PROVIDE (__bss_start, .)
 *(.bss)
 .bss           0x000000000080014e        0x0 /home/matt/opt/avr8-gnu-toolchain-linux_x86_64/bin/../lib/gcc/avr/5.4.0/../../../../avr/lib/avr51/crtatmega128.o
 .bss           0x000000000080014e       0x30 lab6_code.o
                0x000000000080014e                radio_tune
                0x000000000080014f                radio_trigger
                0x0000000000800150                uart_send_flag
                0x0000000000800151                ten_sec_count
                0x0000000000800152                ten_sec_start
                0x0000000000800153                alarm_time_hour
                0x0000000000800154                alarm_time_min
                0x0000000000800155                alarm_time_sec
                0x0000000000800156                temp_pm_flag
                0x0000000000800157                temp_hour
                0x0000000000800158                temp_min
                0x0000000000800159                hour_count
                0x000000000080015a                min_count
                0x000000000080015b                sec_count
                0x000000000080015c                isr_count
                0x000000000080015d                alarm_set_once
                0x000000000080015e                alarm_is_set
                0x000000000080015f                alarm_match_count
                0x0000000000800160                adjust_alarm
                0x0000000000800161                trigger_alarm
                0x0000000000800162                manual_brightness
                0x0000000000800163                lcd_flag
                0x0000000000800164                hour24_flag
                0x0000000000800165                pm_flag
                0x0000000000800166                input_flag
                0x0000000000800167                adjust_flag
                0x0000000000800168                encoder_right
                0x0000000000800169                encoder_left
                0x000000000080016a                count
                0x000000000080016c                current_radio_band
 .bss           0x000000000080017e        0x2 hd44780.o
 .bss           0x0000000000800180        0x1 twi_master.o
 .bss           0x0000000000800181        0x0 lm73_functions.o
 .bss           0x0000000000800181        0x0 uart_functions.o
 .bss           0x0000000000800181        0x0 si4734.o
 .bss           0x0000000000800181        0x0 /home/matt/opt/avr8-gnu-toolchain-linux_x86_64/bin/../lib/gcc/avr/5.4.0/avr51/libgcc.a(_divmodhi4.o)
 .bss           0x0000000000800181        0x0 /home/matt/opt/avr8-gnu-toolchain-linux_x86_64/bin/../lib/gcc/avr/5.4.0/avr51/libgcc.a(_divmodsi4.o)
 .bss           0x0000000000800181        0x0 /home/matt/opt/avr8-gnu-toolchain-linux_x86_64/bin/../lib/gcc/avr/5.4.0/avr51/libgcc.a(_negsi2.o)
 .bss           0x0000000000800181        0x0 /home/matt/opt/avr8-gnu-toolchain-linux_x86_64/bin/../lib/gcc/avr/5.4.0/avr51/libgcc.a(_exit.o)
 .bss           0x0000000000800181        0x0 /home/matt/opt/avr8-gnu-toolchain-linux_x86_64/bin/../lib/gcc/avr/5.4.0/avr51/libgcc.a(_tablejump2.o)
 .bss           0x0000000000800181        0x0 /home/matt/opt/avr8-gnu-toolchain-linux_x86_64/bin/../lib/gcc/avr/5.4.0/avr51/libgcc.a(_copy_data.o)
 .bss           0x0000000000800181        0x0 /home/matt/opt/avr8-gnu-toolchain-linux_x86_64/bin/../lib/gcc/avr/5.4.0/avr51/libgcc.a(_clear_bss.o)
 .bss           0x0000000000800181        0x0 /home/matt/opt/avr8-gnu-toolchain-linux_x86_64/bin/../lib/gcc/avr/5.4.0/avr51/libgcc.a(_umulhisi3.o)
 .bss           0x0000000000800181        0x0 /home/matt/opt/avr8-gnu-toolchain-linux_x86_64/bin/../lib/gcc/avr/5.4.0/avr51/libgcc.a(_udivmodhi4.o)
 .bss           0x0000000000800181        0x0 /home/matt/opt/avr8-gnu-toolchain-linux_x86_64/bin/../lib/gcc/avr/5.4.0/avr51/libgcc.a(_udivmodsi4.o)
 .bss           0x0000000000800181        0x0 /home/matt/opt/avr8-gnu-toolchain-linux_x86_64/bin/../lib/gcc/avr/5.4.0/../../../../avr/lib/avr51/libc.a(itoa_ncheck.o)
 .bss           0x0000000000800181        0x0 /home/matt/opt/avr8-gnu-toolchain-linux_x86_64/bin/../lib/gcc/avr/5.4.0/../../../../avr/lib/avr51/libc.a(utoa_ncheck.o)
 .bss           0x0000000000800181        0x0 /home/matt/opt/avr8-gnu-toolchain-linux_x86_64/bin/../lib/gcc/avr/5.4.0/../../../../avr/lib/avr51/libc.a(strrev.o)
 .bss           0x0000000000800181        0x0 /home/matt/opt/avr8-gnu-toolchain-linux_x86_64/bin/../lib/gcc/avr/5.4.0/../../../../avr/lib/avr51/libatmega128.a(eerd_byte.o)
 .bss           0x0000000000800181        0x0 /home/matt/opt/avr8-gnu-toolchain-linux_x86_64/bin/../lib/gcc/avr/5.4.0/../../../../avr/lib/avr51/libatmega128.a(eerd_word.o)
 .bss           0x0000000000800181        0x0 /home/matt/opt/avr8-gnu-toolchain-linux_x86_64/bin/../lib/gcc/avr/5.4.0/../../../../avr/lib/avr51/libatmega128.a(eewr_byte.o)
 .bss           0x0000000000800181        0x0 /home/matt/opt/avr8-gnu-toolchain-linux_x86_64/bin/../lib/gcc/avr/5.4.0/../../../../avr/lib/avr51/libatmega128.a(eewr_word.o)
 .bss           0x0000000000800181        0x0 /home/matt/opt/avr8-gnu-toolchain-linux_x86_64/bin/../lib/gcc/avr/5.4.0/../../../../avr/lib/avr51/libatmega128.a(eerd_block.o)
 *(.bss*)
 *(COMMON)
 COMMON         0x0000000000800181       0x22 lab6_code.o
                0x0000000000800181                eeprom_volume
                0x0000000000800182                eeprom_fm_freq
                0x0000000000800184                dec_to_7seg
                0x0000000000800190                eeprom_am_freq
                0x0000000000800192                current_volume
                0x0000000000800193                current_am_freq
                0x0000000000800195                temp_digits
                0x0000000000800198                current_sw_freq
                0x000000000080019a                read_i2c_buffer
                0x000000000080019c                eeprom_sw_freq
                0x000000000080019e                segment_data
 COMMON         0x00000000008001a3       0x30 hd44780.o
                0x00000000008001a3                lcd_string_array
                0x00000000008001c3                lcd_str
 COMMON         0x00000000008001d3        0x5 twi_master.o
                0x00000000008001d3                twi_state
                0x00000000008001d4                twi_buf
                0x00000000008001d6                twi_bus_addr
                0x00000000008001d7                twi_msg_size
 COMMON         0x00000000008001d8        0x4 lm73_functions.o
                0x00000000008001d8                lm73_wr_buf
                0x00000000008001da                lm73_rd_buf
 COMMON         0x00000000008001dc       0x50 uart_functions.o
                0x00000000008001dc                uart_tx_buf
                0x0000000000800204                uart_rx_buf
 COMMON         0x000000000080022c       0x31 si4734.o
                0x000000000080022c                si4734_wr_buf
                0x0000000000800235                si4734_tune_status_buf
                0x000000000080023d                si4734_revision_buf
                0x000000000080024d                STC_interrupt
                0x000000000080024e                si4734_rd_buf
                0x000000000080025d                PROVIDE (__bss_end, .)
                0x000000000000204c                __data_load_start = LOADADDR (.data)
                0x000000000000209a                __data_load_end = (__data_load_start + SIZEOF (.data))

.noinit         0x000000000080025d        0x0
                [!provide]                        PROVIDE (__noinit_start, .)
 *(.noinit*)
                [!provide]                        PROVIDE (__noinit_end, .)
                0x000000000080025d                _end = .
                [!provide]                        PROVIDE (__heap_start, .)

.eeprom         0x0000000000810000        0x0
 *(.eeprom*)
                0x0000000000810000                __eeprom_end = .

.fuse
 *(.fuse)
 *(.lfuse)
 *(.hfuse)
 *(.efuse)

.lock
 *(.lock*)

.signature
 *(.signature*)

.user_signatures
 *(.user_signatures*)

.stab
 *(.stab)

.stabstr
 *(.stabstr)

.stab.excl
 *(.stab.excl)

.stab.exclstr
 *(.stab.exclstr)

.stab.index
 *(.stab.index)

.stab.indexstr
 *(.stab.indexstr)

.comment        0x0000000000000000       0x30
 *(.comment)
 .comment       0x0000000000000000       0x30 lab6_code.o
                                         0x31 (size before relaxing)
 .comment       0x0000000000000030       0x31 hd44780.o
 .comment       0x0000000000000030       0x31 twi_master.o
 .comment       0x0000000000000030       0x31 lm73_functions.o
 .comment       0x0000000000000030       0x31 uart_functions.o
 .comment       0x0000000000000030       0x31 si4734.o

.note.gnu.avr.deviceinfo
                0x0000000000000000       0x3c
 .note.gnu.avr.deviceinfo
                0x0000000000000000       0x3c /home/matt/opt/avr8-gnu-toolchain-linux_x86_64/bin/../lib/gcc/avr/5.4.0/../../../../avr/lib/avr51/crtatmega128.o

.note.gnu.build-id
 *(.note.gnu.build-id)

.debug
 *(.debug)

.line
 *(.line)

.debug_srcinfo
 *(.debug_srcinfo)

.debug_sfnames
 *(.debug_sfnames)

.debug_aranges  0x0000000000000000       0xc8
 *(.debug_aranges)
 .debug_aranges
                0x0000000000000000       0x28 lab6_code.o
 .debug_aranges
                0x0000000000000028       0x20 hd44780.o
 .debug_aranges
                0x0000000000000048       0x20 twi_master.o
 .debug_aranges
                0x0000000000000068       0x20 lm73_functions.o
 .debug_aranges
                0x0000000000000088       0x20 uart_functions.o
 .debug_aranges
                0x00000000000000a8       0x20 si4734.o

.debug_pubnames
 *(.debug_pubnames)

.debug_info     0x0000000000000000     0x38ee
 *(.debug_info .gnu.linkonce.wi.*)
 .debug_info    0x0000000000000000      0x780 /home/matt/opt/avr8-gnu-toolchain-linux_x86_64/bin/../lib/gcc/avr/5.4.0/../../../../avr/lib/avr51/crtatmega128.o
 .debug_info    0x0000000000000780      0xeac lab6_code.o
 .debug_info    0x000000000000162c     0x1254 hd44780.o
 .debug_info    0x0000000000002880      0x1de twi_master.o
 .debug_info    0x0000000000002a5e      0x1ec lm73_functions.o
 .debug_info    0x0000000000002c4a      0x226 uart_functions.o
 .debug_info    0x0000000000002e70      0xa7e si4734.o

.debug_abbrev   0x0000000000000000     0x130d
 *(.debug_abbrev)
 .debug_abbrev  0x0000000000000000      0x718 /home/matt/opt/avr8-gnu-toolchain-linux_x86_64/bin/../lib/gcc/avr/5.4.0/../../../../avr/lib/avr51/crtatmega128.o
 .debug_abbrev  0x0000000000000718      0x335 lab6_code.o
 .debug_abbrev  0x0000000000000a4d      0x30b hd44780.o
 .debug_abbrev  0x0000000000000d58      0x101 twi_master.o
 .debug_abbrev  0x0000000000000e59      0x160 lm73_functions.o
 .debug_abbrev  0x0000000000000fb9      0x16f uart_functions.o
 .debug_abbrev  0x0000000000001128      0x1e5 si4734.o

.debug_line     0x0000000000000000     0x1cbe
 *(.debug_line .debug_line.* .debug_line_end)
 .debug_line    0x0000000000000000       0x1a /home/matt/opt/avr8-gnu-toolchain-linux_x86_64/bin/../lib/gcc/avr/5.4.0/../../../../avr/lib/avr51/crtatmega128.o
 .debug_line    0x000000000000001a      0xbde lab6_code.o
 .debug_line    0x0000000000000bf8      0x90b hd44780.o
 .debug_line    0x0000000000001503      0x199 twi_master.o
 .debug_line    0x000000000000169c       0xac lm73_functions.o
 .debug_line    0x0000000000001748      0x141 uart_functions.o
 .debug_line    0x0000000000001889      0x435 si4734.o

.debug_frame    0x0000000000000000      0x5e0
 *(.debug_frame)
 .debug_frame   0x0000000000000000      0x1cc lab6_code.o
 .debug_frame   0x00000000000001cc      0x210 hd44780.o
 .debug_frame   0x00000000000003dc       0x98 twi_master.o
 .debug_frame   0x0000000000000474       0x24 lm73_functions.o
 .debug_frame   0x0000000000000498       0x64 uart_functions.o
 .debug_frame   0x00000000000004fc       0xe4 si4734.o

.debug_str      0x0000000000000000      0xba6
 *(.debug_str)
 .debug_str     0x0000000000000000      0x27d /home/matt/opt/avr8-gnu-toolchain-linux_x86_64/bin/../lib/gcc/avr/5.4.0/../../../../avr/lib/avr51/crtatmega128.o
 .debug_str     0x000000000000027d      0x557 lab6_code.o
                                        0x5d5 (size before relaxing)
 .debug_str     0x00000000000007d4      0x161 hd44780.o
                                        0x2fa (size before relaxing)
 .debug_str     0x0000000000000935       0x75 twi_master.o
                                        0x170 (size before relaxing)
 .debug_str     0x00000000000009aa       0x62 lm73_functions.o
                                        0x173 (size before relaxing)
 .debug_str     0x0000000000000a0c       0x57 uart_functions.o
                                        0x160 (size before relaxing)
 .debug_str     0x0000000000000a63      0x143 si4734.o
                                        0x367 (size before relaxing)

.debug_loc      0x0000000000000000     0x24af
 *(.debug_loc)
 .debug_loc     0x0000000000000000      0x8b2 lab6_code.o
 .debug_loc     0x00000000000008b2     0x1569 hd44780.o
 .debug_loc     0x0000000000001e1b       0xd9 twi_master.o
 .debug_loc     0x0000000000001ef4       0xf3 lm73_functions.o
 .debug_loc     0x0000000000001fe7      0x170 uart_functions.o
 .debug_loc     0x0000000000002157      0x358 si4734.o

.debug_macinfo
 *(.debug_macinfo)

.debug_weaknames
 *(.debug_weaknames)

.debug_funcnames
 *(.debug_funcnames)

.debug_typenames
 *(.debug_typenames)

.debug_varnames
 *(.debug_varnames)

.debug_pubtypes
 *(.debug_pubtypes)

.debug_ranges   0x0000000000000000      0x108
 *(.debug_ranges)
 .debug_ranges  0x0000000000000000       0x58 lab6_code.o
 .debug_ranges  0x0000000000000058       0x98 hd44780.o
 .debug_ranges  0x00000000000000f0       0x18 uart_functions.o

.debug_macro
 *(.debug_macro)
OUTPUT(lab6_code.c.elf elf32-avr)
LOAD linker stubs
