Archive member included to satisfy reference by file (symbol)

/home/matt/opt/avr8-gnu-toolchain-linux_x86_64/bin/../lib/gcc/avr/5.4.0/avr51/libgcc.a(_divmodhi4.o)
                              hd44780.o (__divmodhi4)
/home/matt/opt/avr8-gnu-toolchain-linux_x86_64/bin/../lib/gcc/avr/5.4.0/avr51/libgcc.a(_divmodsi4.o)
                              hd44780.o (__divmodsi4)
/home/matt/opt/avr8-gnu-toolchain-linux_x86_64/bin/../lib/gcc/avr/5.4.0/avr51/libgcc.a(_negsi2.o)
                              /home/matt/opt/avr8-gnu-toolchain-linux_x86_64/bin/../lib/gcc/avr/5.4.0/avr51/libgcc.a(_divmodsi4.o) (__negsi2)
/home/matt/opt/avr8-gnu-toolchain-linux_x86_64/bin/../lib/gcc/avr/5.4.0/avr51/libgcc.a(_exit.o)
                              /home/matt/opt/avr8-gnu-toolchain-linux_x86_64/bin/../lib/gcc/avr/5.4.0/../../../../avr/lib/avr51/crtatmega128.o (exit)
/home/matt/opt/avr8-gnu-toolchain-linux_x86_64/bin/../lib/gcc/avr/5.4.0/avr51/libgcc.a(_copy_data.o)
                              lab4_code.o (__do_copy_data)
/home/matt/opt/avr8-gnu-toolchain-linux_x86_64/bin/../lib/gcc/avr/5.4.0/avr51/libgcc.a(_clear_bss.o)
                              lab4_code.o (__do_clear_bss)
/home/matt/opt/avr8-gnu-toolchain-linux_x86_64/bin/../lib/gcc/avr/5.4.0/avr51/libgcc.a(_udivmodhi4.o)
                              /home/matt/opt/avr8-gnu-toolchain-linux_x86_64/bin/../lib/gcc/avr/5.4.0/avr51/libgcc.a(_divmodhi4.o) (__udivmodhi4)
/home/matt/opt/avr8-gnu-toolchain-linux_x86_64/bin/../lib/gcc/avr/5.4.0/avr51/libgcc.a(_udivmodsi4.o)
                              /home/matt/opt/avr8-gnu-toolchain-linux_x86_64/bin/../lib/gcc/avr/5.4.0/avr51/libgcc.a(_divmodsi4.o) (__udivmodsi4)

Allocating common symbols
Common symbol       size              file

dec_to_7seg         0xc               lab4_code.o
lcd_string_array    0x20              hd44780.o
lcd_str             0x10              hd44780.o
segment_data        0x5               lab4_code.o

Memory Configuration

Name             Origin             Length             Attributes
text             0x0000000000000000 0x0000000000020000 xr
data             0x0000000000800100 0x000000000000ff00 rw !x
eeprom           0x0000000000810000 0x0000000000010000 rw !x
fuse             0x0000000000820000 0x0000000000000003 rw !x
lock             0x0000000000830000 0x0000000000000400 rw !x
signature        0x0000000000840000 0x0000000000000400 rw !x
user_signatures  0x0000000000850000 0x0000000000000400 rw !x
*default*        0x0000000000000000 0xffffffffffffffff

Linker script and memory map

Address of section .data set to 0x800100
LOAD /home/matt/opt/avr8-gnu-toolchain-linux_x86_64/bin/../lib/gcc/avr/5.4.0/../../../../avr/lib/avr51/crtatmega128.o
LOAD lab4_code.o
LOAD hd44780.o
START GROUP
LOAD /home/matt/opt/avr8-gnu-toolchain-linux_x86_64/bin/../lib/gcc/avr/5.4.0/avr51/libgcc.a
LOAD /home/matt/opt/avr8-gnu-toolchain-linux_x86_64/bin/../lib/gcc/avr/5.4.0/../../../../avr/lib/avr51/libm.a
LOAD /home/matt/opt/avr8-gnu-toolchain-linux_x86_64/bin/../lib/gcc/avr/5.4.0/../../../../avr/lib/avr51/libc.a
LOAD /home/matt/opt/avr8-gnu-toolchain-linux_x86_64/bin/../lib/gcc/avr/5.4.0/../../../../avr/lib/avr51/libatmega128.a
END GROUP
                0x0000000000020000                __TEXT_REGION_LENGTH__ = DEFINED (__TEXT_REGION_LENGTH__)?__TEXT_REGION_LENGTH__:0x20000
                0x000000000000ff00                __DATA_REGION_LENGTH__ = DEFINED (__DATA_REGION_LENGTH__)?__DATA_REGION_LENGTH__:0xff00
                0x0000000000010000                __EEPROM_REGION_LENGTH__ = DEFINED (__EEPROM_REGION_LENGTH__)?__EEPROM_REGION_LENGTH__:0x10000
                [0x0000000000000003]                __FUSE_REGION_LENGTH__ = DEFINED (__FUSE_REGION_LENGTH__)?__FUSE_REGION_LENGTH__:0x400
                0x0000000000000400                __LOCK_REGION_LENGTH__ = DEFINED (__LOCK_REGION_LENGTH__)?__LOCK_REGION_LENGTH__:0x400
                0x0000000000000400                __SIGNATURE_REGION_LENGTH__ = DEFINED (__SIGNATURE_REGION_LENGTH__)?__SIGNATURE_REGION_LENGTH__:0x400
                0x0000000000000400                __USER_SIGNATURE_REGION_LENGTH__ = DEFINED (__USER_SIGNATURE_REGION_LENGTH__)?__USER_SIGNATURE_REGION_LENGTH__:0x400

.hash
 *(.hash)

.dynsym
 *(.dynsym)

.dynstr
 *(.dynstr)

.gnu.version
 *(.gnu.version)

.gnu.version_d
 *(.gnu.version_d)

.gnu.version_r
 *(.gnu.version_r)

.rel.init
 *(.rel.init)

.rela.init
 *(.rela.init)

.rel.text
 *(.rel.text)
 *(.rel.text.*)
 *(.rel.gnu.linkonce.t*)

.rela.text
 *(.rela.text)
 *(.rela.text.*)
 *(.rela.gnu.linkonce.t*)

.rel.fini
 *(.rel.fini)

.rela.fini
 *(.rela.fini)

.rel.rodata
 *(.rel.rodata)
 *(.rel.rodata.*)
 *(.rel.gnu.linkonce.r*)

.rela.rodata
 *(.rela.rodata)
 *(.rela.rodata.*)
 *(.rela.gnu.linkonce.r*)

.rel.data
 *(.rel.data)
 *(.rel.data.*)
 *(.rel.gnu.linkonce.d*)

.rela.data
 *(.rela.data)
 *(.rela.data.*)
 *(.rela.gnu.linkonce.d*)

.rel.ctors
 *(.rel.ctors)

.rela.ctors
 *(.rela.ctors)

.rel.dtors
 *(.rel.dtors)

.rela.dtors
 *(.rela.dtors)

.rel.got
 *(.rel.got)

.rela.got
 *(.rela.got)

.rel.bss
 *(.rel.bss)

.rela.bss
 *(.rela.bss)

.rel.plt
 *(.rel.plt)

.rela.plt
 *(.rela.plt)

.text           0x0000000000000000      0xfec
 *(.vectors)
 .vectors       0x0000000000000000       0x8c /home/matt/opt/avr8-gnu-toolchain-linux_x86_64/bin/../lib/gcc/avr/5.4.0/../../../../avr/lib/avr51/crtatmega128.o
                0x0000000000000000                __vectors
                0x0000000000000000                __vector_default
 *(.vectors)
 *(.progmem.gcc*)
                0x000000000000008c                . = ALIGN (0x2)
                0x000000000000008c                __trampolines_start = .
 *(.trampolines)
 .trampolines   0x000000000000008c        0x0 linker stubs
 *(.trampolines*)
                0x000000000000008c                __trampolines_end = .
 *libprintf_flt.a:*(.progmem.data)
 *libc.a:*(.progmem.data)
 *(.progmem*)
                0x000000000000008c                . = ALIGN (0x2)
 *(.jumptables)
 *(.jumptables*)
 *(.lowtext)
 *(.lowtext*)
                0x000000000000008c                __ctors_start = .
 *(.ctors)
                0x000000000000008c                __ctors_end = .
                0x000000000000008c                __dtors_start = .
 *(.dtors)
                0x000000000000008c                __dtors_end = .
 SORT(*)(.ctors)
 SORT(*)(.dtors)
 *(.init0)
 .init0         0x000000000000008c        0x0 /home/matt/opt/avr8-gnu-toolchain-linux_x86_64/bin/../lib/gcc/avr/5.4.0/../../../../avr/lib/avr51/crtatmega128.o
                0x000000000000008c                __init
 *(.init0)
 *(.init1)
 *(.init1)
 *(.init2)
 .init2         0x000000000000008c        0xc /home/matt/opt/avr8-gnu-toolchain-linux_x86_64/bin/../lib/gcc/avr/5.4.0/../../../../avr/lib/avr51/crtatmega128.o
 *(.init2)
 *(.init3)
 *(.init3)
 *(.init4)
 .init4         0x0000000000000098       0x1a /home/matt/opt/avr8-gnu-toolchain-linux_x86_64/bin/../lib/gcc/avr/5.4.0/avr51/libgcc.a(_copy_data.o)
                0x0000000000000098                __do_copy_data
 .init4         0x00000000000000b2       0x10 /home/matt/opt/avr8-gnu-toolchain-linux_x86_64/bin/../lib/gcc/avr/5.4.0/avr51/libgcc.a(_clear_bss.o)
                0x00000000000000b2                __do_clear_bss
 *(.init4)
 *(.init5)
 *(.init5)
 *(.init6)
 *(.init6)
 *(.init7)
 *(.init7)
 *(.init8)
 *(.init8)
 *(.init9)
 .init9         0x00000000000000c2        0x8 /home/matt/opt/avr8-gnu-toolchain-linux_x86_64/bin/../lib/gcc/avr/5.4.0/../../../../avr/lib/avr51/crtatmega128.o
 *(.init9)
 *(.text)
 .text          0x00000000000000ca        0x4 /home/matt/opt/avr8-gnu-toolchain-linux_x86_64/bin/../lib/gcc/avr/5.4.0/../../../../avr/lib/avr51/crtatmega128.o
                0x00000000000000ca                __vector_22
                0x00000000000000ca                __vector_28
                0x00000000000000ca                __vector_1
                0x00000000000000ca                __vector_32
                0x00000000000000ca                __vector_34
                0x00000000000000ca                __vector_24
                0x00000000000000ca                __vector_12
                0x00000000000000ca                __bad_interrupt
                0x00000000000000ca                __vector_6
                0x00000000000000ca                __vector_31
                0x00000000000000ca                __vector_3
                0x00000000000000ca                __vector_23
                0x00000000000000ca                __vector_30
                0x00000000000000ca                __vector_25
                0x00000000000000ca                __vector_11
                0x00000000000000ca                __vector_13
                0x00000000000000ca                __vector_17
                0x00000000000000ca                __vector_19
                0x00000000000000ca                __vector_7
                0x00000000000000ca                __vector_27
                0x00000000000000ca                __vector_5
                0x00000000000000ca                __vector_33
                0x00000000000000ca                __vector_4
                0x00000000000000ca                __vector_9
                0x00000000000000ca                __vector_2
                0x00000000000000ca                __vector_21
                0x00000000000000ca                __vector_15
                0x00000000000000ca                __vector_29
                0x00000000000000ca                __vector_8
                0x00000000000000ca                __vector_26
                0x00000000000000ca                __vector_14
                0x00000000000000ca                __vector_10
                0x00000000000000ca                __vector_18
                0x00000000000000ca                __vector_20
 .text          0x00000000000000ce      0x414 lab4_code.o
                0x00000000000000ce                initialization
                0x00000000000000fc                chk_buttons
                0x0000000000000140                segsum
                0x00000000000001b2                seven_seg_encoding
                0x00000000000001c6                encoder_process
                0x00000000000002d6                button_encoder_read
                0x000000000000042c                clock_count
                0x00000000000004ba                __vector_16
 .text          0x00000000000004e2      0x976 hd44780.o
                0x00000000000004e2                send_lcd
                0x000000000000050c                refresh_lcd
                0x00000000000005d2                set_custom_character
                0x000000000000063e                set_cursor
                0x000000000000066a                uint2lcd
                0x000000000000073e                int2lcd
                0x0000000000000776                cursor_on
                0x000000000000079a                cursor_off
                0x00000000000007be                shift_right
                0x00000000000007e2                shift_left
                0x0000000000000806                strobe_lcd
                0x0000000000000818                clear_display
                0x0000000000000848                cursor_home
                0x0000000000000878                line2_col1
                0x000000000000089c                line1_col1
                0x00000000000008c0                fill_spaces
                0x00000000000008f4                char2lcd
                0x0000000000000918                string2lcd
                0x0000000000000972                lcd_init
                0x0000000000000af6                lcd_int32
                0x0000000000000ca2                lcd_int16
 .text          0x0000000000000e58        0x0 /home/matt/opt/avr8-gnu-toolchain-linux_x86_64/bin/../lib/gcc/avr/5.4.0/avr51/libgcc.a(_divmodhi4.o)
 .text          0x0000000000000e58        0x0 /home/matt/opt/avr8-gnu-toolchain-linux_x86_64/bin/../lib/gcc/avr/5.4.0/avr51/libgcc.a(_divmodsi4.o)
 .text          0x0000000000000e58        0x0 /home/matt/opt/avr8-gnu-toolchain-linux_x86_64/bin/../lib/gcc/avr/5.4.0/avr51/libgcc.a(_negsi2.o)
 .text          0x0000000000000e58        0x0 /home/matt/opt/avr8-gnu-toolchain-linux_x86_64/bin/../lib/gcc/avr/5.4.0/avr51/libgcc.a(_exit.o)
 .text          0x0000000000000e58        0x0 /home/matt/opt/avr8-gnu-toolchain-linux_x86_64/bin/../lib/gcc/avr/5.4.0/avr51/libgcc.a(_copy_data.o)
 .text          0x0000000000000e58        0x0 /home/matt/opt/avr8-gnu-toolchain-linux_x86_64/bin/../lib/gcc/avr/5.4.0/avr51/libgcc.a(_clear_bss.o)
 .text          0x0000000000000e58        0x0 /home/matt/opt/avr8-gnu-toolchain-linux_x86_64/bin/../lib/gcc/avr/5.4.0/avr51/libgcc.a(_udivmodhi4.o)
 .text          0x0000000000000e58        0x0 /home/matt/opt/avr8-gnu-toolchain-linux_x86_64/bin/../lib/gcc/avr/5.4.0/avr51/libgcc.a(_udivmodsi4.o)
                0x0000000000000e58                . = ALIGN (0x2)
 *(.text.*)
 .text.startup  0x0000000000000e58       0xbe lab4_code.o
                0x0000000000000e58                main
 .text.libgcc.mul
                0x0000000000000f16        0x0 /home/matt/opt/avr8-gnu-toolchain-linux_x86_64/bin/../lib/gcc/avr/5.4.0/avr51/libgcc.a(_divmodhi4.o)
 .text.libgcc.div
                0x0000000000000f16       0x28 /home/matt/opt/avr8-gnu-toolchain-linux_x86_64/bin/../lib/gcc/avr/5.4.0/avr51/libgcc.a(_divmodhi4.o)
                0x0000000000000f16                __divmodhi4
                0x0000000000000f16                _div
 .text.libgcc   0x0000000000000f3e        0x0 /home/matt/opt/avr8-gnu-toolchain-linux_x86_64/bin/../lib/gcc/avr/5.4.0/avr51/libgcc.a(_divmodhi4.o)
 .text.libgcc.prologue
                0x0000000000000f3e        0x0 /home/matt/opt/avr8-gnu-toolchain-linux_x86_64/bin/../lib/gcc/avr/5.4.0/avr51/libgcc.a(_divmodhi4.o)
 .text.libgcc.builtins
                0x0000000000000f3e        0x0 /home/matt/opt/avr8-gnu-toolchain-linux_x86_64/bin/../lib/gcc/avr/5.4.0/avr51/libgcc.a(_divmodhi4.o)
 .text.libgcc.fmul
                0x0000000000000f3e        0x0 /home/matt/opt/avr8-gnu-toolchain-linux_x86_64/bin/../lib/gcc/avr/5.4.0/avr51/libgcc.a(_divmodhi4.o)
 .text.libgcc.fixed
                0x0000000000000f3e        0x0 /home/matt/opt/avr8-gnu-toolchain-linux_x86_64/bin/../lib/gcc/avr/5.4.0/avr51/libgcc.a(_divmodhi4.o)
 .text.libgcc.mul
                0x0000000000000f3e        0x0 /home/matt/opt/avr8-gnu-toolchain-linux_x86_64/bin/../lib/gcc/avr/5.4.0/avr51/libgcc.a(_divmodsi4.o)
 .text.libgcc.div
                0x0000000000000f3e       0x2e /home/matt/opt/avr8-gnu-toolchain-linux_x86_64/bin/../lib/gcc/avr/5.4.0/avr51/libgcc.a(_divmodsi4.o)
                0x0000000000000f3e                __divmodsi4
 .text.libgcc   0x0000000000000f6c        0x0 /home/matt/opt/avr8-gnu-toolchain-linux_x86_64/bin/../lib/gcc/avr/5.4.0/avr51/libgcc.a(_divmodsi4.o)
 .text.libgcc.prologue
                0x0000000000000f6c        0x0 /home/matt/opt/avr8-gnu-toolchain-linux_x86_64/bin/../lib/gcc/avr/5.4.0/avr51/libgcc.a(_divmodsi4.o)
 .text.libgcc.builtins
                0x0000000000000f6c        0x0 /home/matt/opt/avr8-gnu-toolchain-linux_x86_64/bin/../lib/gcc/avr/5.4.0/avr51/libgcc.a(_divmodsi4.o)
 .text.libgcc.fmul
                0x0000000000000f6c        0x0 /home/matt/opt/avr8-gnu-toolchain-linux_x86_64/bin/../lib/gcc/avr/5.4.0/avr51/libgcc.a(_divmodsi4.o)
 .text.libgcc.fixed
                0x0000000000000f6c        0x0 /home/matt/opt/avr8-gnu-toolchain-linux_x86_64/bin/../lib/gcc/avr/5.4.0/avr51/libgcc.a(_divmodsi4.o)
 .text.libgcc.mul
                0x0000000000000f6c        0x0 /home/matt/opt/avr8-gnu-toolchain-linux_x86_64/bin/../lib/gcc/avr/5.4.0/avr51/libgcc.a(_negsi2.o)
 .text.libgcc.div
                0x0000000000000f6c       0x10 /home/matt/opt/avr8-gnu-toolchain-linux_x86_64/bin/../lib/gcc/avr/5.4.0/avr51/libgcc.a(_negsi2.o)
                0x0000000000000f6c                __negsi2
 .text.libgcc   0x0000000000000f7c        0x0 /home/matt/opt/avr8-gnu-toolchain-linux_x86_64/bin/../lib/gcc/avr/5.4.0/avr51/libgcc.a(_negsi2.o)
 .text.libgcc.prologue
                0x0000000000000f7c        0x0 /home/matt/opt/avr8-gnu-toolchain-linux_x86_64/bin/../lib/gcc/avr/5.4.0/avr51/libgcc.a(_negsi2.o)
 .text.libgcc.builtins
                0x0000000000000f7c        0x0 /home/matt/opt/avr8-gnu-toolchain-linux_x86_64/bin/../lib/gcc/avr/5.4.0/avr51/libgcc.a(_negsi2.o)
 .text.libgcc.fmul
                0x0000000000000f7c        0x0 /home/matt/opt/avr8-gnu-toolchain-linux_x86_64/bin/../lib/gcc/avr/5.4.0/avr51/libgcc.a(_negsi2.o)
 .text.libgcc.fixed
                0x0000000000000f7c        0x0 /home/matt/opt/avr8-gnu-toolchain-linux_x86_64/bin/../lib/gcc/avr/5.4.0/avr51/libgcc.a(_negsi2.o)
 .text.libgcc.mul
                0x0000000000000f7c        0x0 /home/matt/opt/avr8-gnu-toolchain-linux_x86_64/bin/../lib/gcc/avr/5.4.0/avr51/libgcc.a(_exit.o)
 .text.libgcc.div
                0x0000000000000f7c        0x0 /home/matt/opt/avr8-gnu-toolchain-linux_x86_64/bin/../lib/gcc/avr/5.4.0/avr51/libgcc.a(_exit.o)
 .text.libgcc   0x0000000000000f7c        0x0 /home/matt/opt/avr8-gnu-toolchain-linux_x86_64/bin/../lib/gcc/avr/5.4.0/avr51/libgcc.a(_exit.o)
 .text.libgcc.prologue
                0x0000000000000f7c        0x0 /home/matt/opt/avr8-gnu-toolchain-linux_x86_64/bin/../lib/gcc/avr/5.4.0/avr51/libgcc.a(_exit.o)
 .text.libgcc.builtins
                0x0000000000000f7c        0x0 /home/matt/opt/avr8-gnu-toolchain-linux_x86_64/bin/../lib/gcc/avr/5.4.0/avr51/libgcc.a(_exit.o)
 .text.libgcc.fmul
                0x0000000000000f7c        0x0 /home/matt/opt/avr8-gnu-toolchain-linux_x86_64/bin/../lib/gcc/avr/5.4.0/avr51/libgcc.a(_exit.o)
 .text.libgcc.fixed
                0x0000000000000f7c        0x0 /home/matt/opt/avr8-gnu-toolchain-linux_x86_64/bin/../lib/gcc/avr/5.4.0/avr51/libgcc.a(_exit.o)
 .text.libgcc.mul
                0x0000000000000f7c        0x0 /home/matt/opt/avr8-gnu-toolchain-linux_x86_64/bin/../lib/gcc/avr/5.4.0/avr51/libgcc.a(_copy_data.o)
 .text.libgcc.div
                0x0000000000000f7c        0x0 /home/matt/opt/avr8-gnu-toolchain-linux_x86_64/bin/../lib/gcc/avr/5.4.0/avr51/libgcc.a(_copy_data.o)
 .text.libgcc   0x0000000000000f7c        0x0 /home/matt/opt/avr8-gnu-toolchain-linux_x86_64/bin/../lib/gcc/avr/5.4.0/avr51/libgcc.a(_copy_data.o)
 .text.libgcc.prologue
                0x0000000000000f7c        0x0 /home/matt/opt/avr8-gnu-toolchain-linux_x86_64/bin/../lib/gcc/avr/5.4.0/avr51/libgcc.a(_copy_data.o)
 .text.libgcc.builtins
                0x0000000000000f7c        0x0 /home/matt/opt/avr8-gnu-toolchain-linux_x86_64/bin/../lib/gcc/avr/5.4.0/avr51/libgcc.a(_copy_data.o)
 .text.libgcc.fmul
                0x0000000000000f7c        0x0 /home/matt/opt/avr8-gnu-toolchain-linux_x86_64/bin/../lib/gcc/avr/5.4.0/avr51/libgcc.a(_copy_data.o)
 .text.libgcc.fixed
                0x0000000000000f7c        0x0 /home/matt/opt/avr8-gnu-toolchain-linux_x86_64/bin/../lib/gcc/avr/5.4.0/avr51/libgcc.a(_copy_data.o)
 .text.libgcc.mul
                0x0000000000000f7c        0x0 /home/matt/opt/avr8-gnu-toolchain-linux_x86_64/bin/../lib/gcc/avr/5.4.0/avr51/libgcc.a(_clear_bss.o)
 .text.libgcc.div
                0x0000000000000f7c        0x0 /home/matt/opt/avr8-gnu-toolchain-linux_x86_64/bin/../lib/gcc/avr/5.4.0/avr51/libgcc.a(_clear_bss.o)
 .text.libgcc   0x0000000000000f7c        0x0 /home/matt/opt/avr8-gnu-toolchain-linux_x86_64/bin/../lib/gcc/avr/5.4.0/avr51/libgcc.a(_clear_bss.o)
 .text.libgcc.prologue
                0x0000000000000f7c        0x0 /home/matt/opt/avr8-gnu-toolchain-linux_x86_64/bin/../lib/gcc/avr/5.4.0/avr51/libgcc.a(_clear_bss.o)
 .text.libgcc.builtins
                0x0000000000000f7c        0x0 /home/matt/opt/avr8-gnu-toolchain-linux_x86_64/bin/../lib/gcc/avr/5.4.0/avr51/libgcc.a(_clear_bss.o)
 .text.libgcc.fmul
                0x0000000000000f7c        0x0 /home/matt/opt/avr8-gnu-toolchain-linux_x86_64/bin/../lib/gcc/avr/5.4.0/avr51/libgcc.a(_clear_bss.o)
 .text.libgcc.fixed
                0x0000000000000f7c        0x0 /home/matt/opt/avr8-gnu-toolchain-linux_x86_64/bin/../lib/gcc/avr/5.4.0/avr51/libgcc.a(_clear_bss.o)
 .text.libgcc.mul
                0x0000000000000f7c        0x0 /home/matt/opt/avr8-gnu-toolchain-linux_x86_64/bin/../lib/gcc/avr/5.4.0/avr51/libgcc.a(_udivmodhi4.o)
 .text.libgcc.div
                0x0000000000000f7c       0x28 /home/matt/opt/avr8-gnu-toolchain-linux_x86_64/bin/../lib/gcc/avr/5.4.0/avr51/libgcc.a(_udivmodhi4.o)
                0x0000000000000f7c                __udivmodhi4
 .text.libgcc   0x0000000000000fa4        0x0 /home/matt/opt/avr8-gnu-toolchain-linux_x86_64/bin/../lib/gcc/avr/5.4.0/avr51/libgcc.a(_udivmodhi4.o)
 .text.libgcc.prologue
                0x0000000000000fa4        0x0 /home/matt/opt/avr8-gnu-toolchain-linux_x86_64/bin/../lib/gcc/avr/5.4.0/avr51/libgcc.a(_udivmodhi4.o)
 .text.libgcc.builtins
                0x0000000000000fa4        0x0 /home/matt/opt/avr8-gnu-toolchain-linux_x86_64/bin/../lib/gcc/avr/5.4.0/avr51/libgcc.a(_udivmodhi4.o)
 .text.libgcc.fmul
                0x0000000000000fa4        0x0 /home/matt/opt/avr8-gnu-toolchain-linux_x86_64/bin/../lib/gcc/avr/5.4.0/avr51/libgcc.a(_udivmodhi4.o)
 .text.libgcc.fixed
                0x0000000000000fa4        0x0 /home/matt/opt/avr8-gnu-toolchain-linux_x86_64/bin/../lib/gcc/avr/5.4.0/avr51/libgcc.a(_udivmodhi4.o)
 .text.libgcc.mul
                0x0000000000000fa4        0x0 /home/matt/opt/avr8-gnu-toolchain-linux_x86_64/bin/../lib/gcc/avr/5.4.0/avr51/libgcc.a(_udivmodsi4.o)
 .text.libgcc.div
                0x0000000000000fa4       0x44 /home/matt/opt/avr8-gnu-toolchain-linux_x86_64/bin/../lib/gcc/avr/5.4.0/avr51/libgcc.a(_udivmodsi4.o)
                0x0000000000000fa4                __udivmodsi4
 .text.libgcc   0x0000000000000fe8        0x0 /home/matt/opt/avr8-gnu-toolchain-linux_x86_64/bin/../lib/gcc/avr/5.4.0/avr51/libgcc.a(_udivmodsi4.o)
 .text.libgcc.prologue
                0x0000000000000fe8        0x0 /home/matt/opt/avr8-gnu-toolchain-linux_x86_64/bin/../lib/gcc/avr/5.4.0/avr51/libgcc.a(_udivmodsi4.o)
 .text.libgcc.builtins
                0x0000000000000fe8        0x0 /home/matt/opt/avr8-gnu-toolchain-linux_x86_64/bin/../lib/gcc/avr/5.4.0/avr51/libgcc.a(_udivmodsi4.o)
 .text.libgcc.fmul
                0x0000000000000fe8        0x0 /home/matt/opt/avr8-gnu-toolchain-linux_x86_64/bin/../lib/gcc/avr/5.4.0/avr51/libgcc.a(_udivmodsi4.o)
 .text.libgcc.fixed
                0x0000000000000fe8        0x0 /home/matt/opt/avr8-gnu-toolchain-linux_x86_64/bin/../lib/gcc/avr/5.4.0/avr51/libgcc.a(_udivmodsi4.o)
                0x0000000000000fe8                . = ALIGN (0x2)
 *(.fini9)
 .fini9         0x0000000000000fe8        0x0 /home/matt/opt/avr8-gnu-toolchain-linux_x86_64/bin/../lib/gcc/avr/5.4.0/avr51/libgcc.a(_exit.o)
                0x0000000000000fe8                exit
                0x0000000000000fe8                _exit
 *(.fini9)
 *(.fini8)
 *(.fini8)
 *(.fini7)
 *(.fini7)
 *(.fini6)
 *(.fini6)
 *(.fini5)
 *(.fini5)
 *(.fini4)
 *(.fini4)
 *(.fini3)
 *(.fini3)
 *(.fini2)
 *(.fini2)
 *(.fini1)
 *(.fini1)
 *(.fini0)
 .fini0         0x0000000000000fe8        0x4 /home/matt/opt/avr8-gnu-toolchain-linux_x86_64/bin/../lib/gcc/avr/5.4.0/avr51/libgcc.a(_exit.o)
 *(.fini0)
                0x0000000000000fec                _etext = .

.data           0x0000000000800100       0x14 load address 0x0000000000000fec
                0x0000000000800100                PROVIDE (__data_start, .)
 *(.data)
 .data          0x0000000000800100        0x0 /home/matt/opt/avr8-gnu-toolchain-linux_x86_64/bin/../lib/gcc/avr/5.4.0/../../../../avr/lib/avr51/crtatmega128.o
 .data          0x0000000000800100        0x2 lab4_code.o
                0x0000000000800100                hour_count
                0x0000000000800101                min_count
 .data          0x0000000000800102        0x0 hd44780.o
 .data          0x0000000000800102        0x0 /home/matt/opt/avr8-gnu-toolchain-linux_x86_64/bin/../lib/gcc/avr/5.4.0/avr51/libgcc.a(_divmodhi4.o)
 .data          0x0000000000800102        0x0 /home/matt/opt/avr8-gnu-toolchain-linux_x86_64/bin/../lib/gcc/avr/5.4.0/avr51/libgcc.a(_divmodsi4.o)
 .data          0x0000000000800102        0x0 /home/matt/opt/avr8-gnu-toolchain-linux_x86_64/bin/../lib/gcc/avr/5.4.0/avr51/libgcc.a(_negsi2.o)
 .data          0x0000000000800102        0x0 /home/matt/opt/avr8-gnu-toolchain-linux_x86_64/bin/../lib/gcc/avr/5.4.0/avr51/libgcc.a(_exit.o)
 .data          0x0000000000800102        0x0 /home/matt/opt/avr8-gnu-toolchain-linux_x86_64/bin/../lib/gcc/avr/5.4.0/avr51/libgcc.a(_copy_data.o)
 .data          0x0000000000800102        0x0 /home/matt/opt/avr8-gnu-toolchain-linux_x86_64/bin/../lib/gcc/avr/5.4.0/avr51/libgcc.a(_clear_bss.o)
 .data          0x0000000000800102        0x0 /home/matt/opt/avr8-gnu-toolchain-linux_x86_64/bin/../lib/gcc/avr/5.4.0/avr51/libgcc.a(_udivmodhi4.o)
 .data          0x0000000000800102        0x0 /home/matt/opt/avr8-gnu-toolchain-linux_x86_64/bin/../lib/gcc/avr/5.4.0/avr51/libgcc.a(_udivmodsi4.o)
 *(.data*)
 *(.gnu.linkonce.d*)
 *(.rodata)
 .rodata        0x0000000000800102       0x11 lab4_code.o
 *(.rodata*)
 *(.gnu.linkonce.r*)
                0x0000000000800114                . = ALIGN (0x2)
 *fill*         0x0000000000800113        0x1 
                0x0000000000800114                _edata = .
                0x0000000000800114                PROVIDE (__data_end, .)

.bss            0x0000000000800114       0x5f
                0x0000000000800114                PROVIDE (__bss_start, .)
 *(.bss)
 .bss           0x0000000000800114        0x0 /home/matt/opt/avr8-gnu-toolchain-linux_x86_64/bin/../lib/gcc/avr/5.4.0/../../../../avr/lib/avr51/crtatmega128.o
 .bss           0x0000000000800114       0x1c lab4_code.o
                0x0000000000800114                temp_hour
                0x0000000000800115                temp_min
                0x0000000000800116                sec_count
                0x0000000000800117                isr_count
                0x0000000000800118                hour24_flag
                0x0000000000800119                pm_flag
                0x000000000080011a                input_flag
                0x000000000080011b                adjust_flag
                0x000000000080011c                encoder_right
                0x000000000080011d                encoder_left
                0x000000000080011e                count
 .bss           0x0000000000800130        0x2 hd44780.o
 .bss           0x0000000000800132        0x0 /home/matt/opt/avr8-gnu-toolchain-linux_x86_64/bin/../lib/gcc/avr/5.4.0/avr51/libgcc.a(_divmodhi4.o)
 .bss           0x0000000000800132        0x0 /home/matt/opt/avr8-gnu-toolchain-linux_x86_64/bin/../lib/gcc/avr/5.4.0/avr51/libgcc.a(_divmodsi4.o)
 .bss           0x0000000000800132        0x0 /home/matt/opt/avr8-gnu-toolchain-linux_x86_64/bin/../lib/gcc/avr/5.4.0/avr51/libgcc.a(_negsi2.o)
 .bss           0x0000000000800132        0x0 /home/matt/opt/avr8-gnu-toolchain-linux_x86_64/bin/../lib/gcc/avr/5.4.0/avr51/libgcc.a(_exit.o)
 .bss           0x0000000000800132        0x0 /home/matt/opt/avr8-gnu-toolchain-linux_x86_64/bin/../lib/gcc/avr/5.4.0/avr51/libgcc.a(_copy_data.o)
 .bss           0x0000000000800132        0x0 /home/matt/opt/avr8-gnu-toolchain-linux_x86_64/bin/../lib/gcc/avr/5.4.0/avr51/libgcc.a(_clear_bss.o)
 .bss           0x0000000000800132        0x0 /home/matt/opt/avr8-gnu-toolchain-linux_x86_64/bin/../lib/gcc/avr/5.4.0/avr51/libgcc.a(_udivmodhi4.o)
 .bss           0x0000000000800132        0x0 /home/matt/opt/avr8-gnu-toolchain-linux_x86_64/bin/../lib/gcc/avr/5.4.0/avr51/libgcc.a(_udivmodsi4.o)
 *(.bss*)
 *(COMMON)
 COMMON         0x0000000000800132       0x11 lab4_code.o
                0x0000000000800132                dec_to_7seg
                0x000000000080013e                segment_data
 COMMON         0x0000000000800143       0x30 hd44780.o
                0x0000000000800143                lcd_string_array
                0x0000000000800163                lcd_str
                0x0000000000800173                PROVIDE (__bss_end, .)
                0x0000000000000fec                __data_load_start = LOADADDR (.data)
                0x0000000000001000                __data_load_end = (__data_load_start + SIZEOF (.data))

.noinit         0x0000000000800173        0x0
                [!provide]                        PROVIDE (__noinit_start, .)
 *(.noinit*)
                [!provide]                        PROVIDE (__noinit_end, .)
                0x0000000000800173                _end = .
                [!provide]                        PROVIDE (__heap_start, .)

.eeprom         0x0000000000810000        0x0
 *(.eeprom*)
                0x0000000000810000                __eeprom_end = .

.fuse
 *(.fuse)
 *(.lfuse)
 *(.hfuse)
 *(.efuse)

.lock
 *(.lock*)

.signature
 *(.signature*)

.user_signatures
 *(.user_signatures*)

.stab
 *(.stab)

.stabstr
 *(.stabstr)

.stab.excl
 *(.stab.excl)

.stab.exclstr
 *(.stab.exclstr)

.stab.index
 *(.stab.index)

.stab.indexstr
 *(.stab.indexstr)

.comment        0x0000000000000000       0x30
 *(.comment)
 .comment       0x0000000000000000       0x30 lab4_code.o
                                         0x31 (size before relaxing)
 .comment       0x0000000000000030       0x31 hd44780.o

.note.gnu.avr.deviceinfo
                0x0000000000000000       0x3c
 .note.gnu.avr.deviceinfo
                0x0000000000000000       0x3c /home/matt/opt/avr8-gnu-toolchain-linux_x86_64/bin/../lib/gcc/avr/5.4.0/../../../../avr/lib/avr51/crtatmega128.o

.note.gnu.build-id
 *(.note.gnu.build-id)

.debug
 *(.debug)

.line
 *(.line)

.debug_srcinfo
 *(.debug_srcinfo)

.debug_sfnames
 *(.debug_sfnames)

.debug_aranges  0x0000000000000000       0x48
 *(.debug_aranges)
 .debug_aranges
                0x0000000000000000       0x28 lab4_code.o
 .debug_aranges
                0x0000000000000028       0x20 hd44780.o

.debug_pubnames
 *(.debug_pubnames)

.debug_info     0x0000000000000000     0x1f44
 *(.debug_info .gnu.linkonce.wi.*)
 .debug_info    0x0000000000000000      0x780 /home/matt/opt/avr8-gnu-toolchain-linux_x86_64/bin/../lib/gcc/avr/5.4.0/../../../../avr/lib/avr51/crtatmega128.o
 .debug_info    0x0000000000000780      0x570 lab4_code.o
 .debug_info    0x0000000000000cf0     0x1254 hd44780.o

.debug_abbrev   0x0000000000000000      0xc4b
 *(.debug_abbrev)
 .debug_abbrev  0x0000000000000000      0x718 /home/matt/opt/avr8-gnu-toolchain-linux_x86_64/bin/../lib/gcc/avr/5.4.0/../../../../avr/lib/avr51/crtatmega128.o
 .debug_abbrev  0x0000000000000718      0x228 lab4_code.o
 .debug_abbrev  0x0000000000000940      0x30b hd44780.o

.debug_line     0x0000000000000000      0xe2e
 *(.debug_line .debug_line.* .debug_line_end)
 .debug_line    0x0000000000000000       0x1a /home/matt/opt/avr8-gnu-toolchain-linux_x86_64/bin/../lib/gcc/avr/5.4.0/../../../../avr/lib/avr51/crtatmega128.o
 .debug_line    0x000000000000001a      0x509 lab4_code.o
 .debug_line    0x0000000000000523      0x90b hd44780.o

.debug_frame    0x0000000000000000      0x2c4
 *(.debug_frame)
 .debug_frame   0x0000000000000000       0xb4 lab4_code.o
 .debug_frame   0x00000000000000b4      0x210 hd44780.o

.debug_str      0x0000000000000000      0x691
 *(.debug_str)
 .debug_str     0x0000000000000000      0x27d /home/matt/opt/avr8-gnu-toolchain-linux_x86_64/bin/../lib/gcc/avr/5.4.0/../../../../avr/lib/avr51/crtatmega128.o
 .debug_str     0x000000000000027d      0x275 lab4_code.o
                                        0x2c4 (size before relaxing)
 .debug_str     0x00000000000004f2      0x19f hd44780.o
                                        0x2ef (size before relaxing)

.debug_loc      0x0000000000000000     0x18f0
 *(.debug_loc)
 .debug_loc     0x0000000000000000      0x387 lab4_code.o
 .debug_loc     0x0000000000000387     0x1569 hd44780.o

.debug_macinfo
 *(.debug_macinfo)

.debug_weaknames
 *(.debug_weaknames)

.debug_funcnames
 *(.debug_funcnames)

.debug_typenames
 *(.debug_typenames)

.debug_varnames
 *(.debug_varnames)

.debug_pubtypes
 *(.debug_pubtypes)

.debug_ranges   0x0000000000000000       0xe8
 *(.debug_ranges)
 .debug_ranges  0x0000000000000000       0x50 lab4_code.o
 .debug_ranges  0x0000000000000050       0x98 hd44780.o

.debug_macro
 *(.debug_macro)
OUTPUT(lab4_code.elf elf32-avr)
LOAD linker stubs
