Archive member included to satisfy reference by file (symbol)

/home/matt/opt/avr8-gnu-toolchain-linux_x86_64/bin/../lib/gcc/avr/5.4.0/avr51/libgcc.a(_exit.o)
                              /home/matt/opt/avr8-gnu-toolchain-linux_x86_64/bin/../lib/gcc/avr/5.4.0/../../../../avr/lib/avr51/crtatmega128.o (exit)
/home/matt/opt/avr8-gnu-toolchain-linux_x86_64/bin/../lib/gcc/avr/5.4.0/avr51/libgcc.a(_copy_data.o)
                              lab2_code.o (__do_copy_data)
/home/matt/opt/avr8-gnu-toolchain-linux_x86_64/bin/../lib/gcc/avr/5.4.0/avr51/libgcc.a(_clear_bss.o)
                              lab2_code.o (__do_clear_bss)
/home/matt/opt/avr8-gnu-toolchain-linux_x86_64/bin/../lib/gcc/avr/5.4.0/avr51/libgcc.a(_umulhisi3.o)
                              lab2_code.o (__umulhisi3)
/home/matt/opt/avr8-gnu-toolchain-linux_x86_64/bin/../lib/gcc/avr/5.4.0/../../../../avr/lib/avr51/libm.a(addsf3.o)
                              lab2_code.o (__addsf3)
/home/matt/opt/avr8-gnu-toolchain-linux_x86_64/bin/../lib/gcc/avr/5.4.0/../../../../avr/lib/avr51/libm.a(addsf3x.o)
                              /home/matt/opt/avr8-gnu-toolchain-linux_x86_64/bin/../lib/gcc/avr/5.4.0/../../../../avr/lib/avr51/libm.a(addsf3.o) (__addsf3x)
/home/matt/opt/avr8-gnu-toolchain-linux_x86_64/bin/../lib/gcc/avr/5.4.0/../../../../avr/lib/avr51/libm.a(fixunssfsi.o)
                              lab2_code.o (__fixunssfsi)
/home/matt/opt/avr8-gnu-toolchain-linux_x86_64/bin/../lib/gcc/avr/5.4.0/../../../../avr/lib/avr51/libm.a(floatsisf.o)
                              lab2_code.o (__floatunsisf)
/home/matt/opt/avr8-gnu-toolchain-linux_x86_64/bin/../lib/gcc/avr/5.4.0/../../../../avr/lib/avr51/libm.a(fp_inf.o)
                              /home/matt/opt/avr8-gnu-toolchain-linux_x86_64/bin/../lib/gcc/avr/5.4.0/../../../../avr/lib/avr51/libm.a(addsf3x.o) (__fp_inf)
/home/matt/opt/avr8-gnu-toolchain-linux_x86_64/bin/../lib/gcc/avr/5.4.0/../../../../avr/lib/avr51/libm.a(fp_nan.o)
                              /home/matt/opt/avr8-gnu-toolchain-linux_x86_64/bin/../lib/gcc/avr/5.4.0/../../../../avr/lib/avr51/libm.a(addsf3x.o) (__fp_nan)
/home/matt/opt/avr8-gnu-toolchain-linux_x86_64/bin/../lib/gcc/avr/5.4.0/../../../../avr/lib/avr51/libm.a(fp_pscA.o)
                              /home/matt/opt/avr8-gnu-toolchain-linux_x86_64/bin/../lib/gcc/avr/5.4.0/../../../../avr/lib/avr51/libm.a(addsf3x.o) (__fp_pscA)
/home/matt/opt/avr8-gnu-toolchain-linux_x86_64/bin/../lib/gcc/avr/5.4.0/../../../../avr/lib/avr51/libm.a(fp_pscB.o)
                              /home/matt/opt/avr8-gnu-toolchain-linux_x86_64/bin/../lib/gcc/avr/5.4.0/../../../../avr/lib/avr51/libm.a(addsf3x.o) (__fp_pscB)
/home/matt/opt/avr8-gnu-toolchain-linux_x86_64/bin/../lib/gcc/avr/5.4.0/../../../../avr/lib/avr51/libm.a(fp_round.o)
                              /home/matt/opt/avr8-gnu-toolchain-linux_x86_64/bin/../lib/gcc/avr/5.4.0/../../../../avr/lib/avr51/libm.a(addsf3.o) (__fp_round)
/home/matt/opt/avr8-gnu-toolchain-linux_x86_64/bin/../lib/gcc/avr/5.4.0/../../../../avr/lib/avr51/libm.a(fp_split3.o)
                              /home/matt/opt/avr8-gnu-toolchain-linux_x86_64/bin/../lib/gcc/avr/5.4.0/../../../../avr/lib/avr51/libm.a(addsf3x.o) (__fp_split3)
/home/matt/opt/avr8-gnu-toolchain-linux_x86_64/bin/../lib/gcc/avr/5.4.0/../../../../avr/lib/avr51/libm.a(fp_zero.o)
                              /home/matt/opt/avr8-gnu-toolchain-linux_x86_64/bin/../lib/gcc/avr/5.4.0/../../../../avr/lib/avr51/libm.a(addsf3x.o) (__fp_zero)
/home/matt/opt/avr8-gnu-toolchain-linux_x86_64/bin/../lib/gcc/avr/5.4.0/../../../../avr/lib/avr51/libm.a(pow.o)
                              lab2_code.o (pow)
/home/matt/opt/avr8-gnu-toolchain-linux_x86_64/bin/../lib/gcc/avr/5.4.0/../../../../avr/lib/avr51/libm.a(exp.o)
                              /home/matt/opt/avr8-gnu-toolchain-linux_x86_64/bin/../lib/gcc/avr/5.4.0/../../../../avr/lib/avr51/libm.a(pow.o) (exp)
/home/matt/opt/avr8-gnu-toolchain-linux_x86_64/bin/../lib/gcc/avr/5.4.0/../../../../avr/lib/avr51/libm.a(fp_powser.o)
                              /home/matt/opt/avr8-gnu-toolchain-linux_x86_64/bin/../lib/gcc/avr/5.4.0/../../../../avr/lib/avr51/libm.a(exp.o) (__fp_powser)
/home/matt/opt/avr8-gnu-toolchain-linux_x86_64/bin/../lib/gcc/avr/5.4.0/../../../../avr/lib/avr51/libm.a(inverse.o)
                              /home/matt/opt/avr8-gnu-toolchain-linux_x86_64/bin/../lib/gcc/avr/5.4.0/../../../../avr/lib/avr51/libm.a(exp.o) (inverse)
/home/matt/opt/avr8-gnu-toolchain-linux_x86_64/bin/../lib/gcc/avr/5.4.0/../../../../avr/lib/avr51/libm.a(ldexp.o)
                              /home/matt/opt/avr8-gnu-toolchain-linux_x86_64/bin/../lib/gcc/avr/5.4.0/../../../../avr/lib/avr51/libm.a(exp.o) (ldexp)
/home/matt/opt/avr8-gnu-toolchain-linux_x86_64/bin/../lib/gcc/avr/5.4.0/../../../../avr/lib/avr51/libm.a(log.o)
                              /home/matt/opt/avr8-gnu-toolchain-linux_x86_64/bin/../lib/gcc/avr/5.4.0/../../../../avr/lib/avr51/libm.a(pow.o) (log)
/home/matt/opt/avr8-gnu-toolchain-linux_x86_64/bin/../lib/gcc/avr/5.4.0/../../../../avr/lib/avr51/libm.a(modf.o)
                              /home/matt/opt/avr8-gnu-toolchain-linux_x86_64/bin/../lib/gcc/avr/5.4.0/../../../../avr/lib/avr51/libm.a(exp.o) (modf)
/home/matt/opt/avr8-gnu-toolchain-linux_x86_64/bin/../lib/gcc/avr/5.4.0/../../../../avr/lib/avr51/libm.a(mulsf3.o)
                              /home/matt/opt/avr8-gnu-toolchain-linux_x86_64/bin/../lib/gcc/avr/5.4.0/../../../../avr/lib/avr51/libm.a(pow.o) (__mulsf3)
/home/matt/opt/avr8-gnu-toolchain-linux_x86_64/bin/../lib/gcc/avr/5.4.0/../../../../avr/lib/avr51/libm.a(mulsf3x.o)
                              /home/matt/opt/avr8-gnu-toolchain-linux_x86_64/bin/../lib/gcc/avr/5.4.0/../../../../avr/lib/avr51/libm.a(fp_powser.o) (__mulsf3x)
/home/matt/opt/avr8-gnu-toolchain-linux_x86_64/bin/../lib/gcc/avr/5.4.0/../../../../avr/lib/avr51/libm.a(divsf3.o)
                              /home/matt/opt/avr8-gnu-toolchain-linux_x86_64/bin/../lib/gcc/avr/5.4.0/../../../../avr/lib/avr51/libm.a(inverse.o) (__divsf3)
/home/matt/opt/avr8-gnu-toolchain-linux_x86_64/bin/../lib/gcc/avr/5.4.0/../../../../avr/lib/avr51/libm.a(divsf3x.o)
                              /home/matt/opt/avr8-gnu-toolchain-linux_x86_64/bin/../lib/gcc/avr/5.4.0/../../../../avr/lib/avr51/libm.a(divsf3.o) (__divsf3x)
/home/matt/opt/avr8-gnu-toolchain-linux_x86_64/bin/../lib/gcc/avr/5.4.0/../../../../avr/lib/avr51/libm.a(fp_mpack.o)
                              /home/matt/opt/avr8-gnu-toolchain-linux_x86_64/bin/../lib/gcc/avr/5.4.0/../../../../avr/lib/avr51/libm.a(ldexp.o) (__fp_mpack)

Allocating common symbols
Common symbol       size              file

dec_to_7seg         0xc               lab2_code.o
segment_data        0x5               lab2_code.o

Memory Configuration

Name             Origin             Length             Attributes
text             0x0000000000000000 0x0000000000020000 xr
data             0x0000000000800100 0x000000000000ff00 rw !x
eeprom           0x0000000000810000 0x0000000000010000 rw !x
fuse             0x0000000000820000 0x0000000000000003 rw !x
lock             0x0000000000830000 0x0000000000000400 rw !x
signature        0x0000000000840000 0x0000000000000400 rw !x
user_signatures  0x0000000000850000 0x0000000000000400 rw !x
*default*        0x0000000000000000 0xffffffffffffffff

Linker script and memory map

Address of section .data set to 0x800100
LOAD /home/matt/opt/avr8-gnu-toolchain-linux_x86_64/bin/../lib/gcc/avr/5.4.0/../../../../avr/lib/avr51/crtatmega128.o
LOAD lab2_code.o
START GROUP
LOAD /home/matt/opt/avr8-gnu-toolchain-linux_x86_64/bin/../lib/gcc/avr/5.4.0/avr51/libgcc.a
LOAD /home/matt/opt/avr8-gnu-toolchain-linux_x86_64/bin/../lib/gcc/avr/5.4.0/../../../../avr/lib/avr51/libm.a
LOAD /home/matt/opt/avr8-gnu-toolchain-linux_x86_64/bin/../lib/gcc/avr/5.4.0/../../../../avr/lib/avr51/libc.a
LOAD /home/matt/opt/avr8-gnu-toolchain-linux_x86_64/bin/../lib/gcc/avr/5.4.0/../../../../avr/lib/avr51/libatmega128.a
END GROUP
                0x0000000000020000                __TEXT_REGION_LENGTH__ = DEFINED (__TEXT_REGION_LENGTH__)?__TEXT_REGION_LENGTH__:0x20000
                0x000000000000ff00                __DATA_REGION_LENGTH__ = DEFINED (__DATA_REGION_LENGTH__)?__DATA_REGION_LENGTH__:0xff00
                0x0000000000010000                __EEPROM_REGION_LENGTH__ = DEFINED (__EEPROM_REGION_LENGTH__)?__EEPROM_REGION_LENGTH__:0x10000
                [0x0000000000000003]                __FUSE_REGION_LENGTH__ = DEFINED (__FUSE_REGION_LENGTH__)?__FUSE_REGION_LENGTH__:0x400
                0x0000000000000400                __LOCK_REGION_LENGTH__ = DEFINED (__LOCK_REGION_LENGTH__)?__LOCK_REGION_LENGTH__:0x400
                0x0000000000000400                __SIGNATURE_REGION_LENGTH__ = DEFINED (__SIGNATURE_REGION_LENGTH__)?__SIGNATURE_REGION_LENGTH__:0x400
                0x0000000000000400                __USER_SIGNATURE_REGION_LENGTH__ = DEFINED (__USER_SIGNATURE_REGION_LENGTH__)?__USER_SIGNATURE_REGION_LENGTH__:0x400

.hash
 *(.hash)

.dynsym
 *(.dynsym)

.dynstr
 *(.dynstr)

.gnu.version
 *(.gnu.version)

.gnu.version_d
 *(.gnu.version_d)

.gnu.version_r
 *(.gnu.version_r)

.rel.init
 *(.rel.init)

.rela.init
 *(.rela.init)

.rel.text
 *(.rel.text)
 *(.rel.text.*)
 *(.rel.gnu.linkonce.t*)

.rela.text
 *(.rela.text)
 *(.rela.text.*)
 *(.rela.gnu.linkonce.t*)

.rel.fini
 *(.rel.fini)

.rela.fini
 *(.rela.fini)

.rel.rodata
 *(.rel.rodata)
 *(.rel.rodata.*)
 *(.rel.gnu.linkonce.r*)

.rela.rodata
 *(.rela.rodata)
 *(.rela.rodata.*)
 *(.rela.gnu.linkonce.r*)

.rel.data
 *(.rel.data)
 *(.rel.data.*)
 *(.rel.gnu.linkonce.d*)

.rela.data
 *(.rela.data)
 *(.rela.data.*)
 *(.rela.gnu.linkonce.d*)

.rel.ctors
 *(.rel.ctors)

.rela.ctors
 *(.rela.ctors)

.rel.dtors
 *(.rel.dtors)

.rela.dtors
 *(.rela.dtors)

.rel.got
 *(.rel.got)

.rela.got
 *(.rela.got)

.rel.bss
 *(.rel.bss)

.rela.bss
 *(.rela.bss)

.rel.plt
 *(.rel.plt)

.rela.plt
 *(.rela.plt)

.text           0x0000000000000000      0xb22
 *(.vectors)
 .vectors       0x0000000000000000       0x8c /home/matt/opt/avr8-gnu-toolchain-linux_x86_64/bin/../lib/gcc/avr/5.4.0/../../../../avr/lib/avr51/crtatmega128.o
                0x0000000000000000                __vectors
                0x0000000000000000                __vector_default
 *(.vectors)
 *(.progmem.gcc*)
 .progmem.gcc_fplib
                0x000000000000008c       0x28 /home/matt/opt/avr8-gnu-toolchain-linux_x86_64/bin/../lib/gcc/avr/5.4.0/../../../../avr/lib/avr51/libm.a(exp.o)
 .progmem.gcc_fplib
                0x00000000000000b4       0x5a /home/matt/opt/avr8-gnu-toolchain-linux_x86_64/bin/../lib/gcc/avr/5.4.0/../../../../avr/lib/avr51/libm.a(log.o)
                0x000000000000010e                . = ALIGN (0x2)
                0x000000000000010e                __trampolines_start = .
 *(.trampolines)
 .trampolines   0x000000000000010e        0x0 linker stubs
 *(.trampolines*)
                0x000000000000010e                __trampolines_end = .
 *libprintf_flt.a:*(.progmem.data)
 *libc.a:*(.progmem.data)
 *(.progmem*)
                0x000000000000010e                . = ALIGN (0x2)
 *(.jumptables)
 *(.jumptables*)
 *(.lowtext)
 *(.lowtext*)
                0x000000000000010e                __ctors_start = .
 *(.ctors)
                0x000000000000010e                __ctors_end = .
                0x000000000000010e                __dtors_start = .
 *(.dtors)
                0x000000000000010e                __dtors_end = .
 SORT(*)(.ctors)
 SORT(*)(.dtors)
 *(.init0)
 .init0         0x000000000000010e        0x0 /home/matt/opt/avr8-gnu-toolchain-linux_x86_64/bin/../lib/gcc/avr/5.4.0/../../../../avr/lib/avr51/crtatmega128.o
                0x000000000000010e                __init
 *(.init0)
 *(.init1)
 *(.init1)
 *(.init2)
 .init2         0x000000000000010e        0xc /home/matt/opt/avr8-gnu-toolchain-linux_x86_64/bin/../lib/gcc/avr/5.4.0/../../../../avr/lib/avr51/crtatmega128.o
 *(.init2)
 *(.init3)
 *(.init3)
 *(.init4)
 .init4         0x000000000000011a       0x1a /home/matt/opt/avr8-gnu-toolchain-linux_x86_64/bin/../lib/gcc/avr/5.4.0/avr51/libgcc.a(_copy_data.o)
                0x000000000000011a                __do_copy_data
 .init4         0x0000000000000134       0x10 /home/matt/opt/avr8-gnu-toolchain-linux_x86_64/bin/../lib/gcc/avr/5.4.0/avr51/libgcc.a(_clear_bss.o)
                0x0000000000000134                __do_clear_bss
 *(.init4)
 *(.init5)
 *(.init5)
 *(.init6)
 *(.init6)
 *(.init7)
 *(.init7)
 *(.init8)
 *(.init8)
 *(.init9)
 .init9         0x0000000000000144        0x8 /home/matt/opt/avr8-gnu-toolchain-linux_x86_64/bin/../lib/gcc/avr/5.4.0/../../../../avr/lib/avr51/crtatmega128.o
 *(.init9)
 *(.text)
 .text          0x000000000000014c        0x4 /home/matt/opt/avr8-gnu-toolchain-linux_x86_64/bin/../lib/gcc/avr/5.4.0/../../../../avr/lib/avr51/crtatmega128.o
                0x000000000000014c                __vector_22
                0x000000000000014c                __vector_28
                0x000000000000014c                __vector_1
                0x000000000000014c                __vector_32
                0x000000000000014c                __vector_34
                0x000000000000014c                __vector_24
                0x000000000000014c                __vector_12
                0x000000000000014c                __bad_interrupt
                0x000000000000014c                __vector_6
                0x000000000000014c                __vector_31
                0x000000000000014c                __vector_3
                0x000000000000014c                __vector_23
                0x000000000000014c                __vector_30
                0x000000000000014c                __vector_25
                0x000000000000014c                __vector_11
                0x000000000000014c                __vector_13
                0x000000000000014c                __vector_17
                0x000000000000014c                __vector_19
                0x000000000000014c                __vector_7
                0x000000000000014c                __vector_27
                0x000000000000014c                __vector_5
                0x000000000000014c                __vector_33
                0x000000000000014c                __vector_4
                0x000000000000014c                __vector_9
                0x000000000000014c                __vector_2
                0x000000000000014c                __vector_21
                0x000000000000014c                __vector_15
                0x000000000000014c                __vector_29
                0x000000000000014c                __vector_8
                0x000000000000014c                __vector_26
                0x000000000000014c                __vector_14
                0x000000000000014c                __vector_10
                0x000000000000014c                __vector_16
                0x000000000000014c                __vector_18
                0x000000000000014c                __vector_20
 .text          0x0000000000000150      0x1ac lab2_code.o
                0x0000000000000150                chk_buttons
                0x0000000000000188                segsum
                0x00000000000002e8                seven_seg_encoding
 .text          0x00000000000002fc        0x0 /home/matt/opt/avr8-gnu-toolchain-linux_x86_64/bin/../lib/gcc/avr/5.4.0/avr51/libgcc.a(_exit.o)
 .text          0x00000000000002fc        0x0 /home/matt/opt/avr8-gnu-toolchain-linux_x86_64/bin/../lib/gcc/avr/5.4.0/avr51/libgcc.a(_copy_data.o)
 .text          0x00000000000002fc        0x0 /home/matt/opt/avr8-gnu-toolchain-linux_x86_64/bin/../lib/gcc/avr/5.4.0/avr51/libgcc.a(_clear_bss.o)
 .text          0x00000000000002fc        0x0 /home/matt/opt/avr8-gnu-toolchain-linux_x86_64/bin/../lib/gcc/avr/5.4.0/avr51/libgcc.a(_umulhisi3.o)
 .text          0x00000000000002fc        0x0 /home/matt/opt/avr8-gnu-toolchain-linux_x86_64/bin/../lib/gcc/avr/5.4.0/../../../../avr/lib/avr51/libm.a(addsf3.o)
 .text          0x00000000000002fc        0x0 /home/matt/opt/avr8-gnu-toolchain-linux_x86_64/bin/../lib/gcc/avr/5.4.0/../../../../avr/lib/avr51/libm.a(addsf3x.o)
 .text          0x00000000000002fc        0x0 /home/matt/opt/avr8-gnu-toolchain-linux_x86_64/bin/../lib/gcc/avr/5.4.0/../../../../avr/lib/avr51/libm.a(fixunssfsi.o)
 .text          0x00000000000002fc        0x0 /home/matt/opt/avr8-gnu-toolchain-linux_x86_64/bin/../lib/gcc/avr/5.4.0/../../../../avr/lib/avr51/libm.a(floatsisf.o)
 .text          0x00000000000002fc        0x0 /home/matt/opt/avr8-gnu-toolchain-linux_x86_64/bin/../lib/gcc/avr/5.4.0/../../../../avr/lib/avr51/libm.a(fp_inf.o)
 .text          0x00000000000002fc        0x0 /home/matt/opt/avr8-gnu-toolchain-linux_x86_64/bin/../lib/gcc/avr/5.4.0/../../../../avr/lib/avr51/libm.a(fp_nan.o)
 .text          0x00000000000002fc        0x0 /home/matt/opt/avr8-gnu-toolchain-linux_x86_64/bin/../lib/gcc/avr/5.4.0/../../../../avr/lib/avr51/libm.a(fp_pscA.o)
 .text          0x00000000000002fc        0x0 /home/matt/opt/avr8-gnu-toolchain-linux_x86_64/bin/../lib/gcc/avr/5.4.0/../../../../avr/lib/avr51/libm.a(fp_pscB.o)
 .text          0x00000000000002fc        0x0 /home/matt/opt/avr8-gnu-toolchain-linux_x86_64/bin/../lib/gcc/avr/5.4.0/../../../../avr/lib/avr51/libm.a(fp_round.o)
 .text          0x00000000000002fc        0x0 /home/matt/opt/avr8-gnu-toolchain-linux_x86_64/bin/../lib/gcc/avr/5.4.0/../../../../avr/lib/avr51/libm.a(fp_split3.o)
 .text          0x00000000000002fc        0x0 /home/matt/opt/avr8-gnu-toolchain-linux_x86_64/bin/../lib/gcc/avr/5.4.0/../../../../avr/lib/avr51/libm.a(fp_zero.o)
 .text          0x00000000000002fc        0x0 /home/matt/opt/avr8-gnu-toolchain-linux_x86_64/bin/../lib/gcc/avr/5.4.0/../../../../avr/lib/avr51/libm.a(pow.o)
 .text          0x00000000000002fc        0x0 /home/matt/opt/avr8-gnu-toolchain-linux_x86_64/bin/../lib/gcc/avr/5.4.0/../../../../avr/lib/avr51/libm.a(exp.o)
 .text          0x00000000000002fc        0x0 /home/matt/opt/avr8-gnu-toolchain-linux_x86_64/bin/../lib/gcc/avr/5.4.0/../../../../avr/lib/avr51/libm.a(fp_powser.o)
 .text          0x00000000000002fc        0x0 /home/matt/opt/avr8-gnu-toolchain-linux_x86_64/bin/../lib/gcc/avr/5.4.0/../../../../avr/lib/avr51/libm.a(inverse.o)
 .text          0x00000000000002fc        0x0 /home/matt/opt/avr8-gnu-toolchain-linux_x86_64/bin/../lib/gcc/avr/5.4.0/../../../../avr/lib/avr51/libm.a(ldexp.o)
 .text          0x00000000000002fc        0x0 /home/matt/opt/avr8-gnu-toolchain-linux_x86_64/bin/../lib/gcc/avr/5.4.0/../../../../avr/lib/avr51/libm.a(log.o)
 .text          0x00000000000002fc        0x0 /home/matt/opt/avr8-gnu-toolchain-linux_x86_64/bin/../lib/gcc/avr/5.4.0/../../../../avr/lib/avr51/libm.a(modf.o)
 .text          0x00000000000002fc        0x0 /home/matt/opt/avr8-gnu-toolchain-linux_x86_64/bin/../lib/gcc/avr/5.4.0/../../../../avr/lib/avr51/libm.a(mulsf3.o)
 .text          0x00000000000002fc        0x0 /home/matt/opt/avr8-gnu-toolchain-linux_x86_64/bin/../lib/gcc/avr/5.4.0/../../../../avr/lib/avr51/libm.a(mulsf3x.o)
 .text          0x00000000000002fc        0x0 /home/matt/opt/avr8-gnu-toolchain-linux_x86_64/bin/../lib/gcc/avr/5.4.0/../../../../avr/lib/avr51/libm.a(divsf3.o)
 .text          0x00000000000002fc        0x0 /home/matt/opt/avr8-gnu-toolchain-linux_x86_64/bin/../lib/gcc/avr/5.4.0/../../../../avr/lib/avr51/libm.a(divsf3x.o)
 .text          0x00000000000002fc        0x0 /home/matt/opt/avr8-gnu-toolchain-linux_x86_64/bin/../lib/gcc/avr/5.4.0/../../../../avr/lib/avr51/libm.a(fp_mpack.o)
                0x00000000000002fc                . = ALIGN (0x2)
 *(.text.*)
 .text.startup  0x00000000000002fc       0xe8 lab2_code.o
                0x00000000000002fc                main
 .text.libgcc.mul
                0x00000000000003e4        0x0 /home/matt/opt/avr8-gnu-toolchain-linux_x86_64/bin/../lib/gcc/avr/5.4.0/avr51/libgcc.a(_exit.o)
 .text.libgcc.div
                0x00000000000003e4        0x0 /home/matt/opt/avr8-gnu-toolchain-linux_x86_64/bin/../lib/gcc/avr/5.4.0/avr51/libgcc.a(_exit.o)
 .text.libgcc   0x00000000000003e4        0x0 /home/matt/opt/avr8-gnu-toolchain-linux_x86_64/bin/../lib/gcc/avr/5.4.0/avr51/libgcc.a(_exit.o)
 .text.libgcc.prologue
                0x00000000000003e4        0x0 /home/matt/opt/avr8-gnu-toolchain-linux_x86_64/bin/../lib/gcc/avr/5.4.0/avr51/libgcc.a(_exit.o)
 .text.libgcc.builtins
                0x00000000000003e4        0x0 /home/matt/opt/avr8-gnu-toolchain-linux_x86_64/bin/../lib/gcc/avr/5.4.0/avr51/libgcc.a(_exit.o)
 .text.libgcc.fmul
                0x00000000000003e4        0x0 /home/matt/opt/avr8-gnu-toolchain-linux_x86_64/bin/../lib/gcc/avr/5.4.0/avr51/libgcc.a(_exit.o)
 .text.libgcc.fixed
                0x00000000000003e4        0x0 /home/matt/opt/avr8-gnu-toolchain-linux_x86_64/bin/../lib/gcc/avr/5.4.0/avr51/libgcc.a(_exit.o)
 .text.libgcc.mul
                0x00000000000003e4        0x0 /home/matt/opt/avr8-gnu-toolchain-linux_x86_64/bin/../lib/gcc/avr/5.4.0/avr51/libgcc.a(_copy_data.o)
 .text.libgcc.div
                0x00000000000003e4        0x0 /home/matt/opt/avr8-gnu-toolchain-linux_x86_64/bin/../lib/gcc/avr/5.4.0/avr51/libgcc.a(_copy_data.o)
 .text.libgcc   0x00000000000003e4        0x0 /home/matt/opt/avr8-gnu-toolchain-linux_x86_64/bin/../lib/gcc/avr/5.4.0/avr51/libgcc.a(_copy_data.o)
 .text.libgcc.prologue
                0x00000000000003e4        0x0 /home/matt/opt/avr8-gnu-toolchain-linux_x86_64/bin/../lib/gcc/avr/5.4.0/avr51/libgcc.a(_copy_data.o)
 .text.libgcc.builtins
                0x00000000000003e4        0x0 /home/matt/opt/avr8-gnu-toolchain-linux_x86_64/bin/../lib/gcc/avr/5.4.0/avr51/libgcc.a(_copy_data.o)
 .text.libgcc.fmul
                0x00000000000003e4        0x0 /home/matt/opt/avr8-gnu-toolchain-linux_x86_64/bin/../lib/gcc/avr/5.4.0/avr51/libgcc.a(_copy_data.o)
 .text.libgcc.fixed
                0x00000000000003e4        0x0 /home/matt/opt/avr8-gnu-toolchain-linux_x86_64/bin/../lib/gcc/avr/5.4.0/avr51/libgcc.a(_copy_data.o)
 .text.libgcc.mul
                0x00000000000003e4        0x0 /home/matt/opt/avr8-gnu-toolchain-linux_x86_64/bin/../lib/gcc/avr/5.4.0/avr51/libgcc.a(_clear_bss.o)
 .text.libgcc.div
                0x00000000000003e4        0x0 /home/matt/opt/avr8-gnu-toolchain-linux_x86_64/bin/../lib/gcc/avr/5.4.0/avr51/libgcc.a(_clear_bss.o)
 .text.libgcc   0x00000000000003e4        0x0 /home/matt/opt/avr8-gnu-toolchain-linux_x86_64/bin/../lib/gcc/avr/5.4.0/avr51/libgcc.a(_clear_bss.o)
 .text.libgcc.prologue
                0x00000000000003e4        0x0 /home/matt/opt/avr8-gnu-toolchain-linux_x86_64/bin/../lib/gcc/avr/5.4.0/avr51/libgcc.a(_clear_bss.o)
 .text.libgcc.builtins
                0x00000000000003e4        0x0 /home/matt/opt/avr8-gnu-toolchain-linux_x86_64/bin/../lib/gcc/avr/5.4.0/avr51/libgcc.a(_clear_bss.o)
 .text.libgcc.fmul
                0x00000000000003e4        0x0 /home/matt/opt/avr8-gnu-toolchain-linux_x86_64/bin/../lib/gcc/avr/5.4.0/avr51/libgcc.a(_clear_bss.o)
 .text.libgcc.fixed
                0x00000000000003e4        0x0 /home/matt/opt/avr8-gnu-toolchain-linux_x86_64/bin/../lib/gcc/avr/5.4.0/avr51/libgcc.a(_clear_bss.o)
 .text.libgcc.mul
                0x00000000000003e4       0x1e /home/matt/opt/avr8-gnu-toolchain-linux_x86_64/bin/../lib/gcc/avr/5.4.0/avr51/libgcc.a(_umulhisi3.o)
                0x00000000000003e4                __umulhisi3
 .text.libgcc.div
                0x0000000000000402        0x0 /home/matt/opt/avr8-gnu-toolchain-linux_x86_64/bin/../lib/gcc/avr/5.4.0/avr51/libgcc.a(_umulhisi3.o)
 .text.libgcc   0x0000000000000402        0x0 /home/matt/opt/avr8-gnu-toolchain-linux_x86_64/bin/../lib/gcc/avr/5.4.0/avr51/libgcc.a(_umulhisi3.o)
 .text.libgcc.prologue
                0x0000000000000402        0x0 /home/matt/opt/avr8-gnu-toolchain-linux_x86_64/bin/../lib/gcc/avr/5.4.0/avr51/libgcc.a(_umulhisi3.o)
 .text.libgcc.builtins
                0x0000000000000402        0x0 /home/matt/opt/avr8-gnu-toolchain-linux_x86_64/bin/../lib/gcc/avr/5.4.0/avr51/libgcc.a(_umulhisi3.o)
 .text.libgcc.fmul
                0x0000000000000402        0x0 /home/matt/opt/avr8-gnu-toolchain-linux_x86_64/bin/../lib/gcc/avr/5.4.0/avr51/libgcc.a(_umulhisi3.o)
 .text.libgcc.fixed
                0x0000000000000402        0x0 /home/matt/opt/avr8-gnu-toolchain-linux_x86_64/bin/../lib/gcc/avr/5.4.0/avr51/libgcc.a(_umulhisi3.o)
 .text.avr-libc.fplib
                0x0000000000000402        0xe /home/matt/opt/avr8-gnu-toolchain-linux_x86_64/bin/../lib/gcc/avr/5.4.0/../../../../avr/lib/avr51/libm.a(addsf3.o)
                0x0000000000000402                __subsf3
                0x0000000000000404                __addsf3
 .text.avr-libc.fplib
                0x0000000000000410       0xcc /home/matt/opt/avr8-gnu-toolchain-linux_x86_64/bin/../lib/gcc/avr/5.4.0/../../../../avr/lib/avr51/libm.a(addsf3x.o)
                0x0000000000000432                __addsf3x
 .text.avr-libc.fplib
                0x00000000000004dc       0x5e /home/matt/opt/avr8-gnu-toolchain-linux_x86_64/bin/../lib/gcc/avr/5.4.0/../../../../avr/lib/avr51/libm.a(fixunssfsi.o)
                0x00000000000004dc                __fixunssfsi
 .text.avr-libc.fplib
                0x000000000000053a       0x7a /home/matt/opt/avr8-gnu-toolchain-linux_x86_64/bin/../lib/gcc/avr/5.4.0/../../../../avr/lib/avr51/libm.a(floatsisf.o)
                0x000000000000053a                __floatunsisf
                0x000000000000053e                __floatsisf
 .text.avr-libc.fplib
                0x00000000000005b4        0xc /home/matt/opt/avr8-gnu-toolchain-linux_x86_64/bin/../lib/gcc/avr/5.4.0/../../../../avr/lib/avr51/libm.a(fp_inf.o)
                0x00000000000005b4                __fp_inf
 .text.avr-libc.fplib
                0x00000000000005c0        0x6 /home/matt/opt/avr8-gnu-toolchain-linux_x86_64/bin/../lib/gcc/avr/5.4.0/../../../../avr/lib/avr51/libm.a(fp_nan.o)
                0x00000000000005c0                __fp_nan
 .text.avr-libc.fplib
                0x00000000000005c6        0xe /home/matt/opt/avr8-gnu-toolchain-linux_x86_64/bin/../lib/gcc/avr/5.4.0/../../../../avr/lib/avr51/libm.a(fp_pscA.o)
                0x00000000000005c6                __fp_pscA
 .text.avr-libc.fplib
                0x00000000000005d4        0xe /home/matt/opt/avr8-gnu-toolchain-linux_x86_64/bin/../lib/gcc/avr/5.4.0/../../../../avr/lib/avr51/libm.a(fp_pscB.o)
                0x00000000000005d4                __fp_pscB
 .text.avr-libc.fplib
                0x00000000000005e2       0x22 /home/matt/opt/avr8-gnu-toolchain-linux_x86_64/bin/../lib/gcc/avr/5.4.0/../../../../avr/lib/avr51/libm.a(fp_round.o)
                0x00000000000005e2                __fp_round
 .text.avr-libc.fplib
                0x0000000000000604       0x44 /home/matt/opt/avr8-gnu-toolchain-linux_x86_64/bin/../lib/gcc/avr/5.4.0/../../../../avr/lib/avr51/libm.a(fp_split3.o)
                0x0000000000000604                __fp_split3
                0x0000000000000614                __fp_splitA
 .text.avr-libc.fplib
                0x0000000000000648        0xe /home/matt/opt/avr8-gnu-toolchain-linux_x86_64/bin/../lib/gcc/avr/5.4.0/../../../../avr/lib/avr51/libm.a(fp_zero.o)
                0x0000000000000648                __fp_zero
                0x000000000000064a                __fp_szero
 .text.avr-libc.fplib
                0x0000000000000656       0xa0 /home/matt/opt/avr8-gnu-toolchain-linux_x86_64/bin/../lib/gcc/avr/5.4.0/../../../../avr/lib/avr51/libm.a(pow.o)
                0x0000000000000656                pow
 .text.avr-libc.fplib
                0x00000000000006f6       0x74 /home/matt/opt/avr8-gnu-toolchain-linux_x86_64/bin/../lib/gcc/avr/5.4.0/../../../../avr/lib/avr51/libm.a(exp.o)
                0x0000000000000706                exp
 .text.avr-libc.fplib
                0x000000000000076a       0x4e /home/matt/opt/avr8-gnu-toolchain-linux_x86_64/bin/../lib/gcc/avr/5.4.0/../../../../avr/lib/avr51/libm.a(fp_powser.o)
                0x000000000000076a                __fp_powser
 .text.avr-libc.fplib
                0x00000000000007b8       0x10 /home/matt/opt/avr8-gnu-toolchain-linux_x86_64/bin/../lib/gcc/avr/5.4.0/../../../../avr/lib/avr51/libm.a(inverse.o)
                0x00000000000007b8                inverse
 .text.avr-libc.fplib
                0x00000000000007c8       0x74 /home/matt/opt/avr8-gnu-toolchain-linux_x86_64/bin/../lib/gcc/avr/5.4.0/../../../../avr/lib/avr51/libm.a(ldexp.o)
                0x00000000000007d0                ldexp
 .text.avr-libc.fplib
                0x000000000000083c       0xa0 /home/matt/opt/avr8-gnu-toolchain-linux_x86_64/bin/../lib/gcc/avr/5.4.0/../../../../avr/lib/avr51/libm.a(log.o)
                0x000000000000084c                log
 .text.avr-libc.fplib
                0x00000000000008dc       0x68 /home/matt/opt/avr8-gnu-toolchain-linux_x86_64/bin/../lib/gcc/avr/5.4.0/../../../../avr/lib/avr51/libm.a(modf.o)
                0x00000000000008dc                modff
                0x00000000000008dc                modf
 .text.avr-libc.fplib
                0x0000000000000944        0x8 /home/matt/opt/avr8-gnu-toolchain-linux_x86_64/bin/../lib/gcc/avr/5.4.0/../../../../avr/lib/avr51/libm.a(mulsf3.o)
                0x0000000000000944                __mulsf3
 .text.avr-libc.fplib
                0x000000000000094c       0xd2 /home/matt/opt/avr8-gnu-toolchain-linux_x86_64/bin/../lib/gcc/avr/5.4.0/../../../../avr/lib/avr51/libm.a(mulsf3x.o)
                0x000000000000096a                __mulsf3x
                0x0000000000000970                __mulsf3_pse
 .text.avr-libc.fplib
                0x0000000000000a1e        0x8 /home/matt/opt/avr8-gnu-toolchain-linux_x86_64/bin/../lib/gcc/avr/5.4.0/../../../../avr/lib/avr51/libm.a(divsf3.o)
                0x0000000000000a1e                __divsf3
 .text.avr-libc.fplib
                0x0000000000000a26       0xdc /home/matt/opt/avr8-gnu-toolchain-linux_x86_64/bin/../lib/gcc/avr/5.4.0/../../../../avr/lib/avr51/libm.a(divsf3x.o)
                0x0000000000000a46                __divsf3x
                0x0000000000000a4c                __divsf3_pse
 .text.avr-libc.fplib
                0x0000000000000b02       0x1c /home/matt/opt/avr8-gnu-toolchain-linux_x86_64/bin/../lib/gcc/avr/5.4.0/../../../../avr/lib/avr51/libm.a(fp_mpack.o)
                0x0000000000000b02                __fp_mpack
                0x0000000000000b06                __fp_mpack_finite
                0x0000000000000b1e                . = ALIGN (0x2)
 *(.fini9)
 .fini9         0x0000000000000b1e        0x0 /home/matt/opt/avr8-gnu-toolchain-linux_x86_64/bin/../lib/gcc/avr/5.4.0/avr51/libgcc.a(_exit.o)
                0x0000000000000b1e                exit
                0x0000000000000b1e                _exit
 *(.fini9)
 *(.fini8)
 *(.fini8)
 *(.fini7)
 *(.fini7)
 *(.fini6)
 *(.fini6)
 *(.fini5)
 *(.fini5)
 *(.fini4)
 *(.fini4)
 *(.fini3)
 *(.fini3)
 *(.fini2)
 *(.fini2)
 *(.fini1)
 *(.fini1)
 *(.fini0)
 .fini0         0x0000000000000b1e        0x4 /home/matt/opt/avr8-gnu-toolchain-linux_x86_64/bin/../lib/gcc/avr/5.4.0/avr51/libgcc.a(_exit.o)
 *(.fini0)
                0x0000000000000b22                _etext = .

.data           0x0000000000800100        0xa load address 0x0000000000000b22
                0x0000000000800100                PROVIDE (__data_start, .)
 *(.data)
 .data          0x0000000000800100        0x0 /home/matt/opt/avr8-gnu-toolchain-linux_x86_64/bin/../lib/gcc/avr/5.4.0/../../../../avr/lib/avr51/crtatmega128.o
 .data          0x0000000000800100        0x0 lab2_code.o
 .data          0x0000000000800100        0x0 /home/matt/opt/avr8-gnu-toolchain-linux_x86_64/bin/../lib/gcc/avr/5.4.0/avr51/libgcc.a(_exit.o)
 .data          0x0000000000800100        0x0 /home/matt/opt/avr8-gnu-toolchain-linux_x86_64/bin/../lib/gcc/avr/5.4.0/avr51/libgcc.a(_copy_data.o)
 .data          0x0000000000800100        0x0 /home/matt/opt/avr8-gnu-toolchain-linux_x86_64/bin/../lib/gcc/avr/5.4.0/avr51/libgcc.a(_clear_bss.o)
 .data          0x0000000000800100        0x0 /home/matt/opt/avr8-gnu-toolchain-linux_x86_64/bin/../lib/gcc/avr/5.4.0/avr51/libgcc.a(_umulhisi3.o)
 .data          0x0000000000800100        0x0 /home/matt/opt/avr8-gnu-toolchain-linux_x86_64/bin/../lib/gcc/avr/5.4.0/../../../../avr/lib/avr51/libm.a(addsf3.o)
 .data          0x0000000000800100        0x0 /home/matt/opt/avr8-gnu-toolchain-linux_x86_64/bin/../lib/gcc/avr/5.4.0/../../../../avr/lib/avr51/libm.a(addsf3x.o)
 .data          0x0000000000800100        0x0 /home/matt/opt/avr8-gnu-toolchain-linux_x86_64/bin/../lib/gcc/avr/5.4.0/../../../../avr/lib/avr51/libm.a(fixunssfsi.o)
 .data          0x0000000000800100        0x0 /home/matt/opt/avr8-gnu-toolchain-linux_x86_64/bin/../lib/gcc/avr/5.4.0/../../../../avr/lib/avr51/libm.a(floatsisf.o)
 .data          0x0000000000800100        0x0 /home/matt/opt/avr8-gnu-toolchain-linux_x86_64/bin/../lib/gcc/avr/5.4.0/../../../../avr/lib/avr51/libm.a(fp_inf.o)
 .data          0x0000000000800100        0x0 /home/matt/opt/avr8-gnu-toolchain-linux_x86_64/bin/../lib/gcc/avr/5.4.0/../../../../avr/lib/avr51/libm.a(fp_nan.o)
 .data          0x0000000000800100        0x0 /home/matt/opt/avr8-gnu-toolchain-linux_x86_64/bin/../lib/gcc/avr/5.4.0/../../../../avr/lib/avr51/libm.a(fp_pscA.o)
 .data          0x0000000000800100        0x0 /home/matt/opt/avr8-gnu-toolchain-linux_x86_64/bin/../lib/gcc/avr/5.4.0/../../../../avr/lib/avr51/libm.a(fp_pscB.o)
 .data          0x0000000000800100        0x0 /home/matt/opt/avr8-gnu-toolchain-linux_x86_64/bin/../lib/gcc/avr/5.4.0/../../../../avr/lib/avr51/libm.a(fp_round.o)
 .data          0x0000000000800100        0x0 /home/matt/opt/avr8-gnu-toolchain-linux_x86_64/bin/../lib/gcc/avr/5.4.0/../../../../avr/lib/avr51/libm.a(fp_split3.o)
 .data          0x0000000000800100        0x0 /home/matt/opt/avr8-gnu-toolchain-linux_x86_64/bin/../lib/gcc/avr/5.4.0/../../../../avr/lib/avr51/libm.a(fp_zero.o)
 .data          0x0000000000800100        0x0 /home/matt/opt/avr8-gnu-toolchain-linux_x86_64/bin/../lib/gcc/avr/5.4.0/../../../../avr/lib/avr51/libm.a(pow.o)
 .data          0x0000000000800100        0x0 /home/matt/opt/avr8-gnu-toolchain-linux_x86_64/bin/../lib/gcc/avr/5.4.0/../../../../avr/lib/avr51/libm.a(exp.o)
 .data          0x0000000000800100        0x0 /home/matt/opt/avr8-gnu-toolchain-linux_x86_64/bin/../lib/gcc/avr/5.4.0/../../../../avr/lib/avr51/libm.a(fp_powser.o)
 .data          0x0000000000800100        0x0 /home/matt/opt/avr8-gnu-toolchain-linux_x86_64/bin/../lib/gcc/avr/5.4.0/../../../../avr/lib/avr51/libm.a(inverse.o)
 .data          0x0000000000800100        0x0 /home/matt/opt/avr8-gnu-toolchain-linux_x86_64/bin/../lib/gcc/avr/5.4.0/../../../../avr/lib/avr51/libm.a(ldexp.o)
 .data          0x0000000000800100        0x0 /home/matt/opt/avr8-gnu-toolchain-linux_x86_64/bin/../lib/gcc/avr/5.4.0/../../../../avr/lib/avr51/libm.a(log.o)
 .data          0x0000000000800100        0x0 /home/matt/opt/avr8-gnu-toolchain-linux_x86_64/bin/../lib/gcc/avr/5.4.0/../../../../avr/lib/avr51/libm.a(modf.o)
 .data          0x0000000000800100        0x0 /home/matt/opt/avr8-gnu-toolchain-linux_x86_64/bin/../lib/gcc/avr/5.4.0/../../../../avr/lib/avr51/libm.a(mulsf3.o)
 .data          0x0000000000800100        0x0 /home/matt/opt/avr8-gnu-toolchain-linux_x86_64/bin/../lib/gcc/avr/5.4.0/../../../../avr/lib/avr51/libm.a(mulsf3x.o)
 .data          0x0000000000800100        0x0 /home/matt/opt/avr8-gnu-toolchain-linux_x86_64/bin/../lib/gcc/avr/5.4.0/../../../../avr/lib/avr51/libm.a(divsf3.o)
 .data          0x0000000000800100        0x0 /home/matt/opt/avr8-gnu-toolchain-linux_x86_64/bin/../lib/gcc/avr/5.4.0/../../../../avr/lib/avr51/libm.a(divsf3x.o)
 .data          0x0000000000800100        0x0 /home/matt/opt/avr8-gnu-toolchain-linux_x86_64/bin/../lib/gcc/avr/5.4.0/../../../../avr/lib/avr51/libm.a(fp_mpack.o)
 *(.data*)
 *(.gnu.linkonce.d*)
 *(.rodata)
 .rodata        0x0000000000800100        0xa lab2_code.o
 *(.rodata*)
 *(.gnu.linkonce.r*)
                0x000000000080010a                . = ALIGN (0x2)
                0x000000000080010a                _edata = .
                0x000000000080010a                PROVIDE (__data_end, .)

.bss            0x000000000080010a       0x13
                0x000000000080010a                PROVIDE (__bss_start, .)
 *(.bss)
 .bss           0x000000000080010a        0x0 /home/matt/opt/avr8-gnu-toolchain-linux_x86_64/bin/../lib/gcc/avr/5.4.0/../../../../avr/lib/avr51/crtatmega128.o
 .bss           0x000000000080010a        0x2 lab2_code.o
 .bss           0x000000000080010c        0x0 /home/matt/opt/avr8-gnu-toolchain-linux_x86_64/bin/../lib/gcc/avr/5.4.0/avr51/libgcc.a(_exit.o)
 .bss           0x000000000080010c        0x0 /home/matt/opt/avr8-gnu-toolchain-linux_x86_64/bin/../lib/gcc/avr/5.4.0/avr51/libgcc.a(_copy_data.o)
 .bss           0x000000000080010c        0x0 /home/matt/opt/avr8-gnu-toolchain-linux_x86_64/bin/../lib/gcc/avr/5.4.0/avr51/libgcc.a(_clear_bss.o)
 .bss           0x000000000080010c        0x0 /home/matt/opt/avr8-gnu-toolchain-linux_x86_64/bin/../lib/gcc/avr/5.4.0/avr51/libgcc.a(_umulhisi3.o)
 .bss           0x000000000080010c        0x0 /home/matt/opt/avr8-gnu-toolchain-linux_x86_64/bin/../lib/gcc/avr/5.4.0/../../../../avr/lib/avr51/libm.a(addsf3.o)
 .bss           0x000000000080010c        0x0 /home/matt/opt/avr8-gnu-toolchain-linux_x86_64/bin/../lib/gcc/avr/5.4.0/../../../../avr/lib/avr51/libm.a(addsf3x.o)
 .bss           0x000000000080010c        0x0 /home/matt/opt/avr8-gnu-toolchain-linux_x86_64/bin/../lib/gcc/avr/5.4.0/../../../../avr/lib/avr51/libm.a(fixunssfsi.o)
 .bss           0x000000000080010c        0x0 /home/matt/opt/avr8-gnu-toolchain-linux_x86_64/bin/../lib/gcc/avr/5.4.0/../../../../avr/lib/avr51/libm.a(floatsisf.o)
 .bss           0x000000000080010c        0x0 /home/matt/opt/avr8-gnu-toolchain-linux_x86_64/bin/../lib/gcc/avr/5.4.0/../../../../avr/lib/avr51/libm.a(fp_inf.o)
 .bss           0x000000000080010c        0x0 /home/matt/opt/avr8-gnu-toolchain-linux_x86_64/bin/../lib/gcc/avr/5.4.0/../../../../avr/lib/avr51/libm.a(fp_nan.o)
 .bss           0x000000000080010c        0x0 /home/matt/opt/avr8-gnu-toolchain-linux_x86_64/bin/../lib/gcc/avr/5.4.0/../../../../avr/lib/avr51/libm.a(fp_pscA.o)
 .bss           0x000000000080010c        0x0 /home/matt/opt/avr8-gnu-toolchain-linux_x86_64/bin/../lib/gcc/avr/5.4.0/../../../../avr/lib/avr51/libm.a(fp_pscB.o)
 .bss           0x000000000080010c        0x0 /home/matt/opt/avr8-gnu-toolchain-linux_x86_64/bin/../lib/gcc/avr/5.4.0/../../../../avr/lib/avr51/libm.a(fp_round.o)
 .bss           0x000000000080010c        0x0 /home/matt/opt/avr8-gnu-toolchain-linux_x86_64/bin/../lib/gcc/avr/5.4.0/../../../../avr/lib/avr51/libm.a(fp_split3.o)
 .bss           0x000000000080010c        0x0 /home/matt/opt/avr8-gnu-toolchain-linux_x86_64/bin/../lib/gcc/avr/5.4.0/../../../../avr/lib/avr51/libm.a(fp_zero.o)
 .bss           0x000000000080010c        0x0 /home/matt/opt/avr8-gnu-toolchain-linux_x86_64/bin/../lib/gcc/avr/5.4.0/../../../../avr/lib/avr51/libm.a(pow.o)
 .bss           0x000000000080010c        0x0 /home/matt/opt/avr8-gnu-toolchain-linux_x86_64/bin/../lib/gcc/avr/5.4.0/../../../../avr/lib/avr51/libm.a(exp.o)
 .bss           0x000000000080010c        0x0 /home/matt/opt/avr8-gnu-toolchain-linux_x86_64/bin/../lib/gcc/avr/5.4.0/../../../../avr/lib/avr51/libm.a(fp_powser.o)
 .bss           0x000000000080010c        0x0 /home/matt/opt/avr8-gnu-toolchain-linux_x86_64/bin/../lib/gcc/avr/5.4.0/../../../../avr/lib/avr51/libm.a(inverse.o)
 .bss           0x000000000080010c        0x0 /home/matt/opt/avr8-gnu-toolchain-linux_x86_64/bin/../lib/gcc/avr/5.4.0/../../../../avr/lib/avr51/libm.a(ldexp.o)
 .bss           0x000000000080010c        0x0 /home/matt/opt/avr8-gnu-toolchain-linux_x86_64/bin/../lib/gcc/avr/5.4.0/../../../../avr/lib/avr51/libm.a(log.o)
 .bss           0x000000000080010c        0x0 /home/matt/opt/avr8-gnu-toolchain-linux_x86_64/bin/../lib/gcc/avr/5.4.0/../../../../avr/lib/avr51/libm.a(modf.o)
 .bss           0x000000000080010c        0x0 /home/matt/opt/avr8-gnu-toolchain-linux_x86_64/bin/../lib/gcc/avr/5.4.0/../../../../avr/lib/avr51/libm.a(mulsf3.o)
 .bss           0x000000000080010c        0x0 /home/matt/opt/avr8-gnu-toolchain-linux_x86_64/bin/../lib/gcc/avr/5.4.0/../../../../avr/lib/avr51/libm.a(mulsf3x.o)
 .bss           0x000000000080010c        0x0 /home/matt/opt/avr8-gnu-toolchain-linux_x86_64/bin/../lib/gcc/avr/5.4.0/../../../../avr/lib/avr51/libm.a(divsf3.o)
 .bss           0x000000000080010c        0x0 /home/matt/opt/avr8-gnu-toolchain-linux_x86_64/bin/../lib/gcc/avr/5.4.0/../../../../avr/lib/avr51/libm.a(divsf3x.o)
 .bss           0x000000000080010c        0x0 /home/matt/opt/avr8-gnu-toolchain-linux_x86_64/bin/../lib/gcc/avr/5.4.0/../../../../avr/lib/avr51/libm.a(fp_mpack.o)
 *(.bss*)
 *(COMMON)
 COMMON         0x000000000080010c       0x11 lab2_code.o
                0x000000000080010c                dec_to_7seg
                0x0000000000800118                segment_data
                0x000000000080011d                PROVIDE (__bss_end, .)
                0x0000000000000b22                __data_load_start = LOADADDR (.data)
                0x0000000000000b2c                __data_load_end = (__data_load_start + SIZEOF (.data))

.noinit         0x000000000080011d        0x0
                [!provide]                        PROVIDE (__noinit_start, .)
 *(.noinit*)
                [!provide]                        PROVIDE (__noinit_end, .)
                0x000000000080011d                _end = .
                [!provide]                        PROVIDE (__heap_start, .)

.eeprom         0x0000000000810000        0x0
 *(.eeprom*)
                0x0000000000810000                __eeprom_end = .

.fuse
 *(.fuse)
 *(.lfuse)
 *(.hfuse)
 *(.efuse)

.lock
 *(.lock*)

.signature
 *(.signature*)

.user_signatures
 *(.user_signatures*)

.stab
 *(.stab)

.stabstr
 *(.stabstr)

.stab.excl
 *(.stab.excl)

.stab.exclstr
 *(.stab.exclstr)

.stab.index
 *(.stab.index)

.stab.indexstr
 *(.stab.indexstr)

.comment        0x0000000000000000       0x30
 *(.comment)
 .comment       0x0000000000000000       0x30 lab2_code.o
                                         0x31 (size before relaxing)

.note.gnu.avr.deviceinfo
                0x0000000000000000       0x3c
 .note.gnu.avr.deviceinfo
                0x0000000000000000       0x3c /home/matt/opt/avr8-gnu-toolchain-linux_x86_64/bin/../lib/gcc/avr/5.4.0/../../../../avr/lib/avr51/crtatmega128.o

.note.gnu.build-id
 *(.note.gnu.build-id)

.debug
 *(.debug)

.line
 *(.line)

.debug_srcinfo
 *(.debug_srcinfo)

.debug_sfnames
 *(.debug_sfnames)

.debug_aranges  0x0000000000000000       0x28
 *(.debug_aranges)
 .debug_aranges
                0x0000000000000000       0x28 lab2_code.o

.debug_pubnames
 *(.debug_pubnames)

.debug_info     0x0000000000000000      0xad1
 *(.debug_info .gnu.linkonce.wi.*)
 .debug_info    0x0000000000000000      0x780 /home/matt/opt/avr8-gnu-toolchain-linux_x86_64/bin/../lib/gcc/avr/5.4.0/../../../../avr/lib/avr51/crtatmega128.o
 .debug_info    0x0000000000000780      0x351 lab2_code.o

.debug_abbrev   0x0000000000000000      0x8a2
 *(.debug_abbrev)
 .debug_abbrev  0x0000000000000000      0x718 /home/matt/opt/avr8-gnu-toolchain-linux_x86_64/bin/../lib/gcc/avr/5.4.0/../../../../avr/lib/avr51/crtatmega128.o
 .debug_abbrev  0x0000000000000718      0x18a lab2_code.o

.debug_line     0x0000000000000000      0x266
 *(.debug_line .debug_line.* .debug_line_end)
 .debug_line    0x0000000000000000       0x1a /home/matt/opt/avr8-gnu-toolchain-linux_x86_64/bin/../lib/gcc/avr/5.4.0/../../../../avr/lib/avr51/crtatmega128.o
 .debug_line    0x000000000000001a      0x24c lab2_code.o

.debug_frame    0x0000000000000000       0x60
 *(.debug_frame)
 .debug_frame   0x0000000000000000       0x60 lab2_code.o

.debug_str      0x0000000000000000      0x407
 *(.debug_str)
 .debug_str     0x0000000000000000      0x27d /home/matt/opt/avr8-gnu-toolchain-linux_x86_64/bin/../lib/gcc/avr/5.4.0/../../../../avr/lib/avr51/crtatmega128.o
 .debug_str     0x000000000000027d      0x18a lab2_code.o
                                        0x1ce (size before relaxing)

.debug_loc      0x0000000000000000      0x340
 *(.debug_loc)
 .debug_loc     0x0000000000000000      0x340 lab2_code.o

.debug_macinfo
 *(.debug_macinfo)

.debug_weaknames
 *(.debug_weaknames)

.debug_funcnames
 *(.debug_funcnames)

.debug_typenames
 *(.debug_typenames)

.debug_varnames
 *(.debug_varnames)

.debug_pubtypes
 *(.debug_pubtypes)

.debug_ranges   0x0000000000000000       0x18
 *(.debug_ranges)
 .debug_ranges  0x0000000000000000       0x18 lab2_code.o

.debug_macro
 *(.debug_macro)
OUTPUT(lab2_code.elf elf32-avr)
LOAD linker stubs
